<?xml version="1.0"?>
<link_info>
   <banner>MSP430 Linker PC v16.9.6.LTS</banner>
   <copyright>Copyright (c) 2003-2017 Texas Instruments Incorporated</copyright>
   <link_time>0x5b301dd0</link_time>
   <link_errors>0x0</link_errors>
   <output_file>Button_Box_MSP430.out</output_file>
   <entry_point>
      <name>_c_int00_noargs_noexit</name>
      <address>0x455c</address>
   </entry_point>
   <input_file_list>
      <input_file id="fl-2">
         <path>.\</path>
         <kind>object</kind>
         <file>main.obj</file>
         <name>main.obj</name>
      </input_file>
      <input_file id="fl-3">
         <path>.\</path>
         <kind>object</kind>
         <file>usb_send.obj</file>
         <name>usb_send.obj</name>
      </input_file>
      <input_file id="fl-4">
         <path>.\MSPack\</path>
         <kind>object</kind>
         <file>i2c.obj</file>
         <name>i2c.obj</name>
      </input_file>
      <input_file id="fl-5">
         <path>.\MSPack\</path>
         <kind>object</kind>
         <file>io_analog.obj</file>
         <name>io_analog.obj</name>
      </input_file>
      <input_file id="fl-6">
         <path>.\MSPack\</path>
         <kind>object</kind>
         <file>io_digital.obj</file>
         <name>io_digital.obj</name>
      </input_file>
      <input_file id="fl-7">
         <path>.\MSPack\</path>
         <kind>object</kind>
         <file>lcd.obj</file>
         <name>lcd.obj</name>
      </input_file>
      <input_file id="fl-8">
         <path>.\USB_API\USB_CDC_API\</path>
         <kind>object</kind>
         <file>UsbCdc.obj</file>
         <name>UsbCdc.obj</name>
      </input_file>
      <input_file id="fl-9">
         <path>.\USB_API\USB_Common\</path>
         <kind>object</kind>
         <file>usb.obj</file>
         <name>usb.obj</name>
      </input_file>
      <input_file id="fl-a">
         <path>.\USB_API\USB_Common\</path>
         <kind>object</kind>
         <file>usbdma.obj</file>
         <name>usbdma.obj</name>
      </input_file>
      <input_file id="fl-b">
         <path>.\USB_API\USB_HID_API\</path>
         <kind>object</kind>
         <file>UsbHid.obj</file>
         <name>UsbHid.obj</name>
      </input_file>
      <input_file id="fl-c">
         <path>.\USB_API\USB_HID_API\</path>
         <kind>object</kind>
         <file>UsbHidReq.obj</file>
         <name>UsbHidReq.obj</name>
      </input_file>
      <input_file id="fl-d">
         <path>.\USB_API\USB_MSC_API\</path>
         <kind>object</kind>
         <file>UsbMscReq.obj</file>
         <name>UsbMscReq.obj</name>
      </input_file>
      <input_file id="fl-e">
         <path>.\USB_API\USB_MSC_API\</path>
         <kind>object</kind>
         <file>UsbMscScsi.obj</file>
         <name>UsbMscScsi.obj</name>
      </input_file>
      <input_file id="fl-f">
         <path>.\USB_API\USB_MSC_API\</path>
         <kind>object</kind>
         <file>UsbMscStateMachine.obj</file>
         <name>UsbMscStateMachine.obj</name>
      </input_file>
      <input_file id="fl-10">
         <path>.\USB_API\USB_PHDC_API\</path>
         <kind>object</kind>
         <file>UsbPHDC.obj</file>
         <name>UsbPHDC.obj</name>
      </input_file>
      <input_file id="fl-11">
         <path>.\USB_app\</path>
         <kind>object</kind>
         <file>keyboard.obj</file>
         <name>keyboard.obj</name>
      </input_file>
      <input_file id="fl-12">
         <path>.\USB_app\</path>
         <kind>object</kind>
         <file>usbEventHandling.obj</file>
         <name>usbEventHandling.obj</name>
      </input_file>
      <input_file id="fl-13">
         <path>.\USB_config\</path>
         <kind>object</kind>
         <file>UsbIsr.obj</file>
         <name>UsbIsr.obj</name>
      </input_file>
      <input_file id="fl-14">
         <path>.\USB_config\</path>
         <kind>object</kind>
         <file>descriptors.obj</file>
         <name>descriptors.obj</name>
      </input_file>
      <input_file id="fl-15">
         <path>.\driverlib\MSP430F5xx_6xx\</path>
         <kind>object</kind>
         <file>adc10_a.obj</file>
         <name>adc10_a.obj</name>
      </input_file>
      <input_file id="fl-16">
         <path>.\driverlib\MSP430F5xx_6xx\</path>
         <kind>object</kind>
         <file>adc12_a.obj</file>
         <name>adc12_a.obj</name>
      </input_file>
      <input_file id="fl-17">
         <path>.\driverlib\MSP430F5xx_6xx\</path>
         <kind>object</kind>
         <file>aes.obj</file>
         <name>aes.obj</name>
      </input_file>
      <input_file id="fl-18">
         <path>.\driverlib\MSP430F5xx_6xx\</path>
         <kind>object</kind>
         <file>battbak.obj</file>
         <name>battbak.obj</name>
      </input_file>
      <input_file id="fl-19">
         <path>.\driverlib\MSP430F5xx_6xx\</path>
         <kind>object</kind>
         <file>comp_b.obj</file>
         <name>comp_b.obj</name>
      </input_file>
      <input_file id="fl-1a">
         <path>.\driverlib\MSP430F5xx_6xx\</path>
         <kind>object</kind>
         <file>crc.obj</file>
         <name>crc.obj</name>
      </input_file>
      <input_file id="fl-1b">
         <path>.\driverlib\MSP430F5xx_6xx\</path>
         <kind>object</kind>
         <file>ctsd16.obj</file>
         <name>ctsd16.obj</name>
      </input_file>
      <input_file id="fl-1c">
         <path>.\driverlib\MSP430F5xx_6xx\</path>
         <kind>object</kind>
         <file>dac12_a.obj</file>
         <name>dac12_a.obj</name>
      </input_file>
      <input_file id="fl-1d">
         <path>.\driverlib\MSP430F5xx_6xx\</path>
         <kind>object</kind>
         <file>dma.obj</file>
         <name>dma.obj</name>
      </input_file>
      <input_file id="fl-1e">
         <path>.\driverlib\MSP430F5xx_6xx\</path>
         <kind>object</kind>
         <file>eusci_a_spi.obj</file>
         <name>eusci_a_spi.obj</name>
      </input_file>
      <input_file id="fl-1f">
         <path>.\driverlib\MSP430F5xx_6xx\</path>
         <kind>object</kind>
         <file>eusci_a_uart.obj</file>
         <name>eusci_a_uart.obj</name>
      </input_file>
      <input_file id="fl-20">
         <path>.\driverlib\MSP430F5xx_6xx\</path>
         <kind>object</kind>
         <file>eusci_b_i2c.obj</file>
         <name>eusci_b_i2c.obj</name>
      </input_file>
      <input_file id="fl-21">
         <path>.\driverlib\MSP430F5xx_6xx\</path>
         <kind>object</kind>
         <file>eusci_b_spi.obj</file>
         <name>eusci_b_spi.obj</name>
      </input_file>
      <input_file id="fl-22">
         <path>.\driverlib\MSP430F5xx_6xx\</path>
         <kind>object</kind>
         <file>flashctl.obj</file>
         <name>flashctl.obj</name>
      </input_file>
      <input_file id="fl-23">
         <path>.\driverlib\MSP430F5xx_6xx\</path>
         <kind>object</kind>
         <file>gpio.obj</file>
         <name>gpio.obj</name>
      </input_file>
      <input_file id="fl-24">
         <path>.\driverlib\MSP430F5xx_6xx\</path>
         <kind>object</kind>
         <file>lcd_b.obj</file>
         <name>lcd_b.obj</name>
      </input_file>
      <input_file id="fl-25">
         <path>.\driverlib\MSP430F5xx_6xx\</path>
         <kind>object</kind>
         <file>ldopwr.obj</file>
         <name>ldopwr.obj</name>
      </input_file>
      <input_file id="fl-26">
         <path>.\driverlib\MSP430F5xx_6xx\</path>
         <kind>object</kind>
         <file>mpy32.obj</file>
         <name>mpy32.obj</name>
      </input_file>
      <input_file id="fl-27">
         <path>.\driverlib\MSP430F5xx_6xx\</path>
         <kind>object</kind>
         <file>oa.obj</file>
         <name>oa.obj</name>
      </input_file>
      <input_file id="fl-28">
         <path>.\driverlib\MSP430F5xx_6xx\</path>
         <kind>object</kind>
         <file>pmap.obj</file>
         <name>pmap.obj</name>
      </input_file>
      <input_file id="fl-29">
         <path>.\driverlib\MSP430F5xx_6xx\</path>
         <kind>object</kind>
         <file>pmm.obj</file>
         <name>pmm.obj</name>
      </input_file>
      <input_file id="fl-2a">
         <path>.\driverlib\MSP430F5xx_6xx\</path>
         <kind>object</kind>
         <file>ram.obj</file>
         <name>ram.obj</name>
      </input_file>
      <input_file id="fl-2b">
         <path>.\driverlib\MSP430F5xx_6xx\</path>
         <kind>object</kind>
         <file>ref.obj</file>
         <name>ref.obj</name>
      </input_file>
      <input_file id="fl-2c">
         <path>.\driverlib\MSP430F5xx_6xx\</path>
         <kind>object</kind>
         <file>rtc_a.obj</file>
         <name>rtc_a.obj</name>
      </input_file>
      <input_file id="fl-2d">
         <path>.\driverlib\MSP430F5xx_6xx\</path>
         <kind>object</kind>
         <file>rtc_b.obj</file>
         <name>rtc_b.obj</name>
      </input_file>
      <input_file id="fl-2e">
         <path>.\driverlib\MSP430F5xx_6xx\</path>
         <kind>object</kind>
         <file>rtc_c.obj</file>
         <name>rtc_c.obj</name>
      </input_file>
      <input_file id="fl-2f">
         <path>.\driverlib\MSP430F5xx_6xx\</path>
         <kind>object</kind>
         <file>sd24_b.obj</file>
         <name>sd24_b.obj</name>
      </input_file>
      <input_file id="fl-30">
         <path>.\driverlib\MSP430F5xx_6xx\</path>
         <kind>object</kind>
         <file>sfr.obj</file>
         <name>sfr.obj</name>
      </input_file>
      <input_file id="fl-31">
         <path>.\driverlib\MSP430F5xx_6xx\</path>
         <kind>object</kind>
         <file>sysctl.obj</file>
         <name>sysctl.obj</name>
      </input_file>
      <input_file id="fl-32">
         <path>.\driverlib\MSP430F5xx_6xx\</path>
         <kind>object</kind>
         <file>tec.obj</file>
         <name>tec.obj</name>
      </input_file>
      <input_file id="fl-33">
         <path>.\driverlib\MSP430F5xx_6xx\</path>
         <kind>object</kind>
         <file>timer_a.obj</file>
         <name>timer_a.obj</name>
      </input_file>
      <input_file id="fl-34">
         <path>.\driverlib\MSP430F5xx_6xx\</path>
         <kind>object</kind>
         <file>timer_b.obj</file>
         <name>timer_b.obj</name>
      </input_file>
      <input_file id="fl-35">
         <path>.\driverlib\MSP430F5xx_6xx\</path>
         <kind>object</kind>
         <file>timer_d.obj</file>
         <name>timer_d.obj</name>
      </input_file>
      <input_file id="fl-36">
         <path>.\driverlib\MSP430F5xx_6xx\</path>
         <kind>object</kind>
         <file>tlv.obj</file>
         <name>tlv.obj</name>
      </input_file>
      <input_file id="fl-37">
         <path>.\driverlib\MSP430F5xx_6xx\</path>
         <kind>object</kind>
         <file>ucs.obj</file>
         <name>ucs.obj</name>
      </input_file>
      <input_file id="fl-38">
         <path>.\driverlib\MSP430F5xx_6xx\</path>
         <kind>object</kind>
         <file>usci_a_spi.obj</file>
         <name>usci_a_spi.obj</name>
      </input_file>
      <input_file id="fl-39">
         <path>.\driverlib\MSP430F5xx_6xx\</path>
         <kind>object</kind>
         <file>usci_a_uart.obj</file>
         <name>usci_a_uart.obj</name>
      </input_file>
      <input_file id="fl-3a">
         <path>.\driverlib\MSP430F5xx_6xx\</path>
         <kind>object</kind>
         <file>usci_b_i2c.obj</file>
         <name>usci_b_i2c.obj</name>
      </input_file>
      <input_file id="fl-3b">
         <path>.\driverlib\MSP430F5xx_6xx\</path>
         <kind>object</kind>
         <file>usci_b_spi.obj</file>
         <name>usci_b_spi.obj</name>
      </input_file>
      <input_file id="fl-3c">
         <path>.\driverlib\MSP430F5xx_6xx\</path>
         <kind>object</kind>
         <file>wdt_a.obj</file>
         <name>wdt_a.obj</name>
      </input_file>
      <input_file id="fl-43">
         <kind>object</kind>
         <file>&lt;internal&gt;</file>
         <name>&lt;internal&gt;</name>
      </input_file>
      <input_file id="fl-5e">
         <path>C:\ti\ccsv7\tools\compiler\ti-cgt-msp430_16.9.6.LTS\lib\</path>
         <kind>archive</kind>
         <file>rts430x_lc_rd_eabi.lib</file>
         <name>boot.obj</name>
      </input_file>
      <input_file id="fl-5f">
         <path>C:\ti\ccsv7\tools\compiler\ti-cgt-msp430_16.9.6.LTS\lib\</path>
         <kind>archive</kind>
         <file>rts430x_lc_rd_eabi.lib</file>
         <name>boot_special.obj</name>
      </input_file>
      <input_file id="fl-60">
         <path>C:\ti\ccsv7\tools\compiler\ti-cgt-msp430_16.9.6.LTS\lib\</path>
         <kind>archive</kind>
         <file>rts430x_lc_rd_eabi.lib</file>
         <name>copy_decompress_lzss.obj</name>
      </input_file>
      <input_file id="fl-61">
         <path>C:\ti\ccsv7\tools\compiler\ti-cgt-msp430_16.9.6.LTS\lib\</path>
         <kind>archive</kind>
         <file>rts430x_lc_rd_eabi.lib</file>
         <name>copy_decompress_none.obj</name>
      </input_file>
      <input_file id="fl-62">
         <path>C:\ti\ccsv7\tools\compiler\ti-cgt-msp430_16.9.6.LTS\lib\</path>
         <kind>archive</kind>
         <file>rts430x_lc_rd_eabi.lib</file>
         <name>copy_zero_init.obj</name>
      </input_file>
      <input_file id="fl-63">
         <path>C:\ti\ccsv7\tools\compiler\ti-cgt-msp430_16.9.6.LTS\lib\</path>
         <kind>archive</kind>
         <file>rts430x_lc_rd_eabi.lib</file>
         <name>div16s.obj</name>
      </input_file>
      <input_file id="fl-64">
         <path>C:\ti\ccsv7\tools\compiler\ti-cgt-msp430_16.9.6.LTS\lib\</path>
         <kind>archive</kind>
         <file>rts430x_lc_rd_eabi.lib</file>
         <name>div16u.obj</name>
      </input_file>
      <input_file id="fl-65">
         <path>C:\ti\ccsv7\tools\compiler\ti-cgt-msp430_16.9.6.LTS\lib\</path>
         <kind>archive</kind>
         <file>rts430x_lc_rd_eabi.lib</file>
         <name>div32s.obj</name>
      </input_file>
      <input_file id="fl-66">
         <path>C:\ti\ccsv7\tools\compiler\ti-cgt-msp430_16.9.6.LTS\lib\</path>
         <kind>archive</kind>
         <file>rts430x_lc_rd_eabi.lib</file>
         <name>div32u.obj</name>
      </input_file>
      <input_file id="fl-67">
         <path>C:\ti\ccsv7\tools\compiler\ti-cgt-msp430_16.9.6.LTS\lib\</path>
         <kind>archive</kind>
         <file>rts430x_lc_rd_eabi.lib</file>
         <name>exit.obj</name>
      </input_file>
      <input_file id="fl-68">
         <path>C:\ti\ccsv7\tools\compiler\ti-cgt-msp430_16.9.6.LTS\lib\</path>
         <kind>archive</kind>
         <file>rts430x_lc_rd_eabi.lib</file>
         <name>exit_gvars.obj</name>
      </input_file>
      <input_file id="fl-69">
         <path>C:\ti\ccsv7\tools\compiler\ti-cgt-msp430_16.9.6.LTS\lib\</path>
         <kind>archive</kind>
         <file>rts430x_lc_rd_eabi.lib</file>
         <name>int41.obj</name>
      </input_file>
      <input_file id="fl-6a">
         <path>C:\ti\ccsv7\tools\compiler\ti-cgt-msp430_16.9.6.LTS\lib\</path>
         <kind>archive</kind>
         <file>rts430x_lc_rd_eabi.lib</file>
         <name>int42.obj</name>
      </input_file>
      <input_file id="fl-6b">
         <path>C:\ti\ccsv7\tools\compiler\ti-cgt-msp430_16.9.6.LTS\lib\</path>
         <kind>archive</kind>
         <file>rts430x_lc_rd_eabi.lib</file>
         <name>int43.obj</name>
      </input_file>
      <input_file id="fl-6c">
         <path>C:\ti\ccsv7\tools\compiler\ti-cgt-msp430_16.9.6.LTS\lib\</path>
         <kind>archive</kind>
         <file>rts430x_lc_rd_eabi.lib</file>
         <name>int44.obj</name>
      </input_file>
      <input_file id="fl-6d">
         <path>C:\ti\ccsv7\tools\compiler\ti-cgt-msp430_16.9.6.LTS\lib\</path>
         <kind>archive</kind>
         <file>rts430x_lc_rd_eabi.lib</file>
         <name>int45.obj</name>
      </input_file>
      <input_file id="fl-6e">
         <path>C:\ti\ccsv7\tools\compiler\ti-cgt-msp430_16.9.6.LTS\lib\</path>
         <kind>archive</kind>
         <file>rts430x_lc_rd_eabi.lib</file>
         <name>int46.obj</name>
      </input_file>
      <input_file id="fl-6f">
         <path>C:\ti\ccsv7\tools\compiler\ti-cgt-msp430_16.9.6.LTS\lib\</path>
         <kind>archive</kind>
         <file>rts430x_lc_rd_eabi.lib</file>
         <name>int47.obj</name>
      </input_file>
      <input_file id="fl-70">
         <path>C:\ti\ccsv7\tools\compiler\ti-cgt-msp430_16.9.6.LTS\lib\</path>
         <kind>archive</kind>
         <file>rts430x_lc_rd_eabi.lib</file>
         <name>int48.obj</name>
      </input_file>
      <input_file id="fl-71">
         <path>C:\ti\ccsv7\tools\compiler\ti-cgt-msp430_16.9.6.LTS\lib\</path>
         <kind>archive</kind>
         <file>rts430x_lc_rd_eabi.lib</file>
         <name>int49.obj</name>
      </input_file>
      <input_file id="fl-72">
         <path>C:\ti\ccsv7\tools\compiler\ti-cgt-msp430_16.9.6.LTS\lib\</path>
         <kind>archive</kind>
         <file>rts430x_lc_rd_eabi.lib</file>
         <name>int50.obj</name>
      </input_file>
      <input_file id="fl-73">
         <path>C:\ti\ccsv7\tools\compiler\ti-cgt-msp430_16.9.6.LTS\lib\</path>
         <kind>archive</kind>
         <file>rts430x_lc_rd_eabi.lib</file>
         <name>int52.obj</name>
      </input_file>
      <input_file id="fl-74">
         <path>C:\ti\ccsv7\tools\compiler\ti-cgt-msp430_16.9.6.LTS\lib\</path>
         <kind>archive</kind>
         <file>rts430x_lc_rd_eabi.lib</file>
         <name>int53.obj</name>
      </input_file>
      <input_file id="fl-75">
         <path>C:\ti\ccsv7\tools\compiler\ti-cgt-msp430_16.9.6.LTS\lib\</path>
         <kind>archive</kind>
         <file>rts430x_lc_rd_eabi.lib</file>
         <name>int54.obj</name>
      </input_file>
      <input_file id="fl-76">
         <path>C:\ti\ccsv7\tools\compiler\ti-cgt-msp430_16.9.6.LTS\lib\</path>
         <kind>archive</kind>
         <file>rts430x_lc_rd_eabi.lib</file>
         <name>int55.obj</name>
      </input_file>
      <input_file id="fl-77">
         <path>C:\ti\ccsv7\tools\compiler\ti-cgt-msp430_16.9.6.LTS\lib\</path>
         <kind>archive</kind>
         <file>rts430x_lc_rd_eabi.lib</file>
         <name>int56.obj</name>
      </input_file>
      <input_file id="fl-78">
         <path>C:\ti\ccsv7\tools\compiler\ti-cgt-msp430_16.9.6.LTS\lib\</path>
         <kind>archive</kind>
         <file>rts430x_lc_rd_eabi.lib</file>
         <name>int57.obj</name>
      </input_file>
      <input_file id="fl-79">
         <path>C:\ti\ccsv7\tools\compiler\ti-cgt-msp430_16.9.6.LTS\lib\</path>
         <kind>archive</kind>
         <file>rts430x_lc_rd_eabi.lib</file>
         <name>int58.obj</name>
      </input_file>
      <input_file id="fl-7a">
         <path>C:\ti\ccsv7\tools\compiler\ti-cgt-msp430_16.9.6.LTS\lib\</path>
         <kind>archive</kind>
         <file>rts430x_lc_rd_eabi.lib</file>
         <name>int59.obj</name>
      </input_file>
      <input_file id="fl-7b">
         <path>C:\ti\ccsv7\tools\compiler\ti-cgt-msp430_16.9.6.LTS\lib\</path>
         <kind>archive</kind>
         <file>rts430x_lc_rd_eabi.lib</file>
         <name>int60.obj</name>
      </input_file>
      <input_file id="fl-7c">
         <path>C:\ti\ccsv7\tools\compiler\ti-cgt-msp430_16.9.6.LTS\lib\</path>
         <kind>archive</kind>
         <file>rts430x_lc_rd_eabi.lib</file>
         <name>int62.obj</name>
      </input_file>
      <input_file id="fl-7d">
         <path>C:\ti\ccsv7\tools\compiler\ti-cgt-msp430_16.9.6.LTS\lib\</path>
         <kind>archive</kind>
         <file>rts430x_lc_rd_eabi.lib</file>
         <name>isr_trap.obj</name>
      </input_file>
      <input_file id="fl-7e">
         <path>C:\ti\ccsv7\tools\compiler\ti-cgt-msp430_16.9.6.LTS\lib\</path>
         <kind>archive</kind>
         <file>rts430x_lc_rd_eabi.lib</file>
         <name>lsl16.obj</name>
      </input_file>
      <input_file id="fl-7f">
         <path>C:\ti\ccsv7\tools\compiler\ti-cgt-msp430_16.9.6.LTS\lib\</path>
         <kind>archive</kind>
         <file>rts430x_lc_rd_eabi.lib</file>
         <name>lsr16.obj</name>
      </input_file>
      <input_file id="fl-80">
         <path>C:\ti\ccsv7\tools\compiler\ti-cgt-msp430_16.9.6.LTS\lib\</path>
         <kind>archive</kind>
         <file>rts430x_lc_rd_eabi.lib</file>
         <name>memcpy.obj</name>
      </input_file>
      <input_file id="fl-81">
         <path>C:\ti\ccsv7\tools\compiler\ti-cgt-msp430_16.9.6.LTS\lib\</path>
         <kind>archive</kind>
         <file>rts430x_lc_rd_eabi.lib</file>
         <name>memset.obj</name>
      </input_file>
      <input_file id="fl-82">
         <path>C:\ti\ccsv7\tools\compiler\ti-cgt-msp430_16.9.6.LTS\lib\</path>
         <kind>archive</kind>
         <file>rts430x_lc_rd_eabi.lib</file>
         <name>mpu_init.obj</name>
      </input_file>
      <input_file id="fl-83">
         <path>C:\ti\ccsv7\tools\compiler\ti-cgt-msp430_16.9.6.LTS\lib\</path>
         <kind>archive</kind>
         <file>rts430x_lc_rd_eabi.lib</file>
         <name>mult16.obj</name>
      </input_file>
      <input_file id="fl-84">
         <path>C:\ti\ccsv7\tools\compiler\ti-cgt-msp430_16.9.6.LTS\lib\</path>
         <kind>archive</kind>
         <file>rts430x_lc_rd_eabi.lib</file>
         <name>mult1632_f5hw.obj</name>
      </input_file>
      <input_file id="fl-85">
         <path>C:\ti\ccsv7\tools\compiler\ti-cgt-msp430_16.9.6.LTS\lib\</path>
         <kind>archive</kind>
         <file>rts430x_lc_rd_eabi.lib</file>
         <name>mult16_f5hw.obj</name>
      </input_file>
      <input_file id="fl-86">
         <path>C:\ti\ccsv7\tools\compiler\ti-cgt-msp430_16.9.6.LTS\lib\</path>
         <kind>archive</kind>
         <file>rts430x_lc_rd_eabi.lib</file>
         <name>mult32.obj</name>
      </input_file>
      <input_file id="fl-87">
         <path>C:\ti\ccsv7\tools\compiler\ti-cgt-msp430_16.9.6.LTS\lib\</path>
         <kind>archive</kind>
         <file>rts430x_lc_rd_eabi.lib</file>
         <name>mult3264_f5hw.obj</name>
      </input_file>
      <input_file id="fl-88">
         <path>C:\ti\ccsv7\tools\compiler\ti-cgt-msp430_16.9.6.LTS\lib\</path>
         <kind>archive</kind>
         <file>rts430x_lc_rd_eabi.lib</file>
         <name>mult32_f5hw.obj</name>
      </input_file>
      <input_file id="fl-89">
         <path>C:\ti\ccsv7\tools\compiler\ti-cgt-msp430_16.9.6.LTS\lib\</path>
         <kind>archive</kind>
         <file>rts430x_lc_rd_eabi.lib</file>
         <name>mult64_f5hw.obj</name>
      </input_file>
      <input_file id="fl-8a">
         <path>C:\ti\ccsv7\tools\compiler\ti-cgt-msp430_16.9.6.LTS\lib\</path>
         <kind>archive</kind>
         <file>rts430x_lc_rd_eabi.lib</file>
         <name>pre_init.obj</name>
      </input_file>
      <input_file id="fl-8b">
         <path>C:\ti\ccsv7\tools\compiler\ti-cgt-msp430_16.9.6.LTS\lib\</path>
         <kind>archive</kind>
         <file>rts430x_lc_rd_eabi.lib</file>
         <name>snprintf.obj</name>
      </input_file>
      <input_file id="fl-8c">
         <path>C:\ti\ccsv7\tools\compiler\ti-cgt-msp430_16.9.6.LTS\lib\</path>
         <kind>archive</kind>
         <file>rts430x_lc_rd_eabi.lib</file>
         <name>strlen.obj</name>
      </input_file>
      <input_file id="fl-8d">
         <path>C:\ti\ccsv7\tools\compiler\ti-cgt-msp430_16.9.6.LTS\lib\</path>
         <kind>archive</kind>
         <file>rts430x_lc_rd_eabi.lib</file>
         <name>_lock.obj</name>
      </input_file>
      <input_file id="fl-8e">
         <path>C:\ti\ccsv7\tools\compiler\ti-cgt-msp430_16.9.6.LTS\lib\</path>
         <kind>archive</kind>
         <file>rts430x_lc_rd_eabi.lib</file>
         <name>_printfi_min.obj</name>
      </input_file>
      <input_file id="fl-8f">
         <path>C:\ti\ccsv7\tools\compiler\ti-cgt-msp430_16.9.6.LTS\lib\</path>
         <kind>archive</kind>
         <file>rts430x_lc_rd_eabi.lib</file>
         <name>args_main.obj</name>
      </input_file>
      <input_file id="fl-90">
         <path>C:\ti\ccsv7\tools\compiler\ti-cgt-msp430_16.9.6.LTS\lib\</path>
         <kind>archive</kind>
         <file>rts430x_lc_rd_eabi.lib</file>
         <name>autoinit_wdt.obj</name>
      </input_file>
      <input_file id="fl-91">
         <path>C:\ti\ccsv7\tools\compiler\ti-cgt-msp430_16.9.6.LTS\lib\</path>
         <kind>archive</kind>
         <file>rts430x_lc_rd_eabi.lib</file>
         <name>cpy_tbl.obj</name>
      </input_file>
      <input_file id="fl-92">
         <path>C:\ti\ccsv7\tools\compiler\ti-cgt-msp430_16.9.6.LTS\lib\</path>
         <kind>archive</kind>
         <file>rts430x_lc_rd_eabi.lib</file>
         <name>lsr64.obj</name>
      </input_file>
      <input_file id="fl-93">
         <path>C:\ti\ccsv7\tools\compiler\ti-cgt-msp430_16.9.6.LTS\lib\</path>
         <kind>archive</kind>
         <file>rts430x_lc_rd_eabi.lib</file>
         <name>memccpy.obj</name>
      </input_file>
      <input_file id="fl-94">
         <path>C:\ti\ccsv7\tools\compiler\ti-cgt-msp430_16.9.6.LTS\lib\</path>
         <kind>archive</kind>
         <file>rts430x_lc_rd_eabi.lib</file>
         <name>startup.obj</name>
      </input_file>
   </input_file_list>
   <object_component_list>
      <object_component id="oc-56f">
         <name>.bss</name>
         <uninitialized>true</uninitialized>
         <run_address>0x2b58</run_address>
         <size>0x10</size>
         <input_file_ref idref="fl-9"/>
      </object_component>
      <object_component id="oc-58e">
         <name>.bss:HidWriteCtrl</name>
         <uninitialized>true</uninitialized>
         <run_address>0x2b84</run_address>
         <size>0xa</size>
         <input_file_ref idref="fl-b"/>
      </object_component>
      <object_component id="oc-535">
         <name>.bss:HidReadCtrl</name>
         <uninitialized>true</uninitialized>
         <run_address>0x2b3e</run_address>
         <size>0x1a</size>
         <input_file_ref idref="fl-b"/>
      </object_component>
      <object_component id="oc-74e">
         <name>.bss:keyUnion</name>
         <uninitialized>true</uninitialized>
         <run_address>0x2b8e</run_address>
         <size>0x8</size>
         <input_file_ref idref="fl-11"/>
      </object_component>
      <object_component id="oc-68c">
         <name>.common:buttons_old</name>
         <uninitialized>true</uninitialized>
         <run_address>0x2b76</run_address>
         <size>0xe</size>
      </object_component>
      <object_component id="oc-600">
         <name>.common:buttons_new</name>
         <uninitialized>true</uninitialized>
         <run_address>0x2b68</run_address>
         <size>0xe</size>
      </object_component>
      <object_component id="oc-572">
         <name>.common:wBytesRemainingOnIEP0</name>
         <uninitialized>true</uninitialized>
         <run_address>0x2bae</run_address>
         <size>0x2</size>
      </object_component>
      <object_component id="oc-573">
         <name>.common:wBytesRemainingOnOEP0</name>
         <uninitialized>true</uninitialized>
         <run_address>0x2bb0</run_address>
         <size>0x2</size>
      </object_component>
      <object_component id="oc-523">
         <name>.common:abUsbRequestReturnData</name>
         <uninitialized>true</uninitialized>
         <run_address>0x2b9e</run_address>
         <size>0x8</size>
      </object_component>
      <object_component id="oc-7ad">
         <name>.common:abUsbRequestIncomingData</name>
         <uninitialized>true</uninitialized>
         <run_address>0x2b96</run_address>
         <size>0x8</size>
      </object_component>
      <object_component id="oc-7d1">
         <name>.common:abramSerialStringDescriptor</name>
         <uninitialized>true</uninitialized>
         <run_address>0x2b1c</run_address>
         <size>0x22</size>
      </object_component>
      <object_component id="oc-522">
         <name>.common:bStatusAction</name>
         <uninitialized>true</uninitialized>
         <run_address>0x2bb4</run_address>
         <size>0x1</size>
      </object_component>
      <object_component id="oc-46a">
         <name>.common:wUsbEventMask</name>
         <uninitialized>true</uninitialized>
         <run_address>0x2bb2</run_address>
         <size>0x2</size>
      </object_component>
      <object_component id="oc-597">
         <name>.common:USB_TX_memcpy</name>
         <uninitialized>true</uninitialized>
         <run_address>0x2baa</run_address>
         <size>0x4</size>
      </object_component>
      <object_component id="oc-615">
         <name>.common:USB_RX_memcpy</name>
         <uninitialized>true</uninitialized>
         <run_address>0x2ba6</run_address>
         <size>0x4</size>
      </object_component>
      <object_component id="oc-5f0">
         <name>.data:buttons_addr</name>
         <load_address>0x2b00</load_address>
         <run_address>0x2b00</run_address>
         <size>0xc</size>
         <input_file_ref idref="fl-2"/>
      </object_component>
      <object_component id="oc-68d">
         <name>.data:buttons_command_buf_1</name>
         <load_address>0x2400</load_address>
         <run_address>0x2400</run_address>
         <size>0x700</size>
         <input_file_ref idref="fl-2"/>
      </object_component>
      <object_component id="oc-64a">
         <name>.data</name>
         <load_address>0x2b19</load_address>
         <run_address>0x2b19</run_address>
         <size>0x1</size>
         <input_file_ref idref="fl-3"/>
      </object_component>
      <object_component id="oc-562">
         <name>.data</name>
         <load_address>0x2b0c</load_address>
         <run_address>0x2b0c</run_address>
         <size>0x8</size>
         <input_file_ref idref="fl-9"/>
      </object_component>
      <object_component id="oc-631">
         <name>.data:hidProtocol</name>
         <load_address>0x2b1a</load_address>
         <run_address>0x2b1a</run_address>
         <size>0x1</size>
         <input_file_ref idref="fl-b"/>
      </object_component>
      <object_component id="oc-786">
         <name>.data:hidIdleRate</name>
         <load_address>0x2b18</load_address>
         <run_address>0x2b18</run_address>
         <size>0x1</size>
         <input_file_ref idref="fl-b"/>
      </object_component>
      <object_component id="oc-7b8">
         <name>.data:report_desc</name>
         <load_address>0x2b14</load_address>
         <run_address>0x2b14</run_address>
         <size>0x4</size>
         <input_file_ref idref="fl-14"/>
      </object_component>
      <object_component id="oc-3df">
         <name>.stack</name>
         <uninitialized>true</uninitialized>
         <run_address>0x4360</run_address>
         <size>0x4</size>
         <input_file_ref idref="fl-5e"/>
      </object_component>
      <object_component id="oc-936">
         <name>.stack</name>
         <uninitialized>true</uninitialized>
         <run_address>0x4360</run_address>
         <size>0x0</size>
      </object_component>
      <object_component id="oc-473">
         <name>.text:HidToBufferFromHost</name>
         <load_address>0x10000</load_address>
         <run_address>0x10000</run_address>
         <size>0x144</size>
         <input_file_ref idref="fl-b"/>
      </object_component>
      <object_component id="oc-4bb">
         <name>.text:HidToHostFromBuffer</name>
         <load_address>0x10144</load_address>
         <run_address>0x10144</run_address>
         <size>0x10c</size>
         <input_file_ref idref="fl-b"/>
      </object_component>
      <object_component id="oc-55c">
         <name>.text:USB_enable</name>
         <load_address>0x10250</load_address>
         <run_address>0x10250</run_address>
         <size>0xfa</size>
         <input_file_ref idref="fl-9"/>
      </object_component>
      <object_component id="oc-491">
         <name>.text:USB_reset</name>
         <load_address>0x1034a</load_address>
         <run_address>0x1034a</run_address>
         <size>0xf6</size>
         <input_file_ref idref="fl-9"/>
      </object_component>
      <object_component id="oc-747">
         <name>.text:PMM_setVCoreUp</name>
         <load_address>0x10440</load_address>
         <run_address>0x10440</run_address>
         <size>0xcc</size>
         <input_file_ref idref="fl-29"/>
      </object_component>
      <object_component id="oc-807">
         <name>.text:USB_InitSerialStringDescriptor</name>
         <load_address>0x1050c</load_address>
         <run_address>0x1050c</run_address>
         <size>0xc6</size>
         <input_file_ref idref="fl-9"/>
      </object_component>
      <object_component id="oc-57c">
         <name>.text:USB_determineFreq</name>
         <load_address>0x105d2</load_address>
         <run_address>0x105d2</run_address>
         <size>0xbc</size>
         <input_file_ref idref="fl-9"/>
      </object_component>
      <object_component id="oc-7f5">
         <name>.text:USB_determineXT2Freq</name>
         <load_address>0x1068e</load_address>
         <run_address>0x1068e</run_address>
         <size>0xa4</size>
         <input_file_ref idref="fl-9"/>
      </object_component>
      <object_component id="oc-777">
         <name>.text:Keyboard_press</name>
         <load_address>0x10732</load_address>
         <run_address>0x10732</run_address>
         <size>0x98</size>
         <input_file_ref idref="fl-11"/>
      </object_component>
      <object_component id="oc-81b">
         <name>.text:USBHID_sendReport</name>
         <load_address>0x107ca</load_address>
         <run_address>0x107ca</run_address>
         <size>0x98</size>
         <input_file_ref idref="fl-b"/>
      </object_component>
      <object_component id="oc-752">
         <name>.text:USB_init</name>
         <load_address>0x10862</load_address>
         <run_address>0x10862</run_address>
         <size>0x98</size>
         <input_file_ref idref="fl-9"/>
      </object_component>
      <object_component id="oc-771">
         <name>.text:USB_getConnectionState</name>
         <load_address>0x108fa</load_address>
         <run_address>0x108fa</run_address>
         <size>0x96</size>
         <input_file_ref idref="fl-9"/>
      </object_component>
      <object_component id="oc-741">
         <name>.text:PMM_setVCoreDown</name>
         <load_address>0x10990</load_address>
         <run_address>0x10990</run_address>
         <size>0x94</size>
         <input_file_ref idref="fl-29"/>
      </object_component>
      <object_component id="oc-844">
         <name>.text:UCS_initClockSignal</name>
         <load_address>0x10a24</load_address>
         <run_address>0x10a24</run_address>
         <size>0x8c</size>
         <input_file_ref idref="fl-37"/>
      </object_component>
      <object_component id="oc-5f4">
         <name>.text:handlerButton</name>
         <load_address>0x10ab0</load_address>
         <run_address>0x10ab0</run_address>
         <size>0x8c</size>
         <input_file_ref idref="fl-2"/>
      </object_component>
      <object_component id="oc-524">
         <name>.text:usbDecodeAndProcessUsbRequest</name>
         <load_address>0x10b3c</load_address>
         <run_address>0x10b3c</run_address>
         <size>0x88</size>
         <input_file_ref idref="fl-9"/>
      </object_component>
      <object_component id="oc-419">
         <name>.text:_auto_init_hold_wdt</name>
         <load_address>0x10bc4</load_address>
         <run_address>0x10bc4</run_address>
         <size>0x82</size>
         <input_file_ref idref="fl-90"/>
      </object_component>
      <object_component id="oc-5e4">
         <name>.text:setPin</name>
         <load_address>0x10c46</load_address>
         <run_address>0x10c46</run_address>
         <size>0x7a</size>
         <input_file_ref idref="fl-6"/>
      </object_component>
      <object_component id="oc-54f">
         <name>.text:HidCopyUsbToBuff</name>
         <load_address>0x10cc0</load_address>
         <run_address>0x10cc0</run_address>
         <size>0x76</size>
         <input_file_ref idref="fl-b"/>
      </object_component>
      <object_component id="oc-6d">
         <name>.text:decompress:lzss:__TI_decompress_lzss</name>
         <load_address>0x10d36</load_address>
         <run_address>0x10d36</run_address>
         <size>0x76</size>
         <input_file_ref idref="fl-60"/>
      </object_component>
      <object_component id="oc-511">
         <name>.text:loop</name>
         <load_address>0x10dac</load_address>
         <run_address>0x10dac</run_address>
         <size>0x74</size>
         <input_file_ref idref="fl-2"/>
      </object_component>
      <object_component id="oc-5a8">
         <name>.text:usbSendNextPacketOnIEP0</name>
         <load_address>0x10e20</load_address>
         <run_address>0x10e20</run_address>
         <size>0x74</size>
         <input_file_ref idref="fl-9"/>
      </object_component>
      <object_component id="oc-77d">
         <name>.text:Keyboard_release</name>
         <load_address>0x10e94</load_address>
         <run_address>0x10e94</run_address>
         <size>0x70</size>
         <input_file_ref idref="fl-11"/>
      </object_component>
      <object_component id="oc-49d">
         <name>.text:PWRVBUSoffHandler</name>
         <load_address>0x10f04</load_address>
         <run_address>0x10f04</run_address>
         <size>0x6e</size>
         <input_file_ref idref="fl-13"/>
      </object_component>
      <object_component id="oc-703">
         <name>.text:usbGetEndpointStatus</name>
         <load_address>0x10f72</load_address>
         <run_address>0x10f72</run_address>
         <size>0x6a</size>
         <input_file_ref idref="fl-9"/>
      </object_component>
      <object_component id="oc-4e4">
         <name>.text:copy_in</name>
         <load_address>0x10fdc</load_address>
         <run_address>0x10fdc</run_address>
         <size>0x64</size>
         <input_file_ref idref="fl-91"/>
      </object_component>
      <object_component id="oc-863">
         <name>.text:memcpyDMA</name>
         <load_address>0x11040</load_address>
         <run_address>0x11040</run_address>
         <size>0x64</size>
         <input_file_ref idref="fl-a"/>
      </object_component>
      <object_component id="oc-85d">
         <name>.text:DMA_init</name>
         <load_address>0x110a4</load_address>
         <run_address>0x110a4</run_address>
         <size>0x62</size>
         <input_file_ref idref="fl-1d"/>
      </object_component>
      <object_component id="oc-4a9">
         <name>.text:PWRVBUSonHandler</name>
         <load_address>0x11106</load_address>
         <run_address>0x11106</run_address>
         <size>0x62</size>
         <input_file_ref idref="fl-13"/>
      </object_component>
      <object_component id="oc-690">
         <name>.text:send_string</name>
         <load_address>0x11168</load_address>
         <run_address>0x11168</run_address>
         <size>0x5e</size>
         <input_file_ref idref="fl-3"/>
      </object_component>
      <object_component id="oc-80d">
         <name>.text:USB_initMemcpy</name>
         <load_address>0x111c6</load_address>
         <run_address>0x111c6</run_address>
         <size>0x5c</size>
         <input_file_ref idref="fl-a"/>
      </object_component>
      <object_component id="oc-71b">
         <name>.text:usbSetEndpointFeature</name>
         <load_address>0x11222</load_address>
         <run_address>0x11222</run_address>
         <size>0x52</size>
         <input_file_ref idref="fl-9"/>
      </object_component>
      <object_component id="oc-6eb">
         <name>.text:usbGetStringDescriptor</name>
         <load_address>0x11274</load_address>
         <run_address>0x11274</run_address>
         <size>0x50</size>
         <input_file_ref idref="fl-9"/>
      </object_component>
      <object_component id="oc-84d">
         <name>.text:TLV_getInfo</name>
         <load_address>0x112c4</load_address>
         <run_address>0x112c4</run_address>
         <size>0x4c</size>
         <input_file_ref idref="fl-36"/>
      </object_component>
      <object_component id="oc-59b">
         <name>.text:usbReceiveNextPacketOnOEP0</name>
         <load_address>0x11310</load_address>
         <run_address>0x11310</run_address>
         <size>0x4c</size>
         <input_file_ref idref="fl-9"/>
      </object_component>
      <object_component id="oc-668">
         <name>.text:PMM_setVCore</name>
         <load_address>0x1135c</load_address>
         <run_address>0x1135c</run_address>
         <size>0x4a</size>
         <input_file_ref idref="fl-29"/>
      </object_component>
      <object_component id="oc-45e">
         <name>.text:SetupPacketInterruptHandler</name>
         <load_address>0x113a6</load_address>
         <run_address>0x113a6</run_address>
         <size>0x4a</size>
         <input_file_ref idref="fl-13"/>
      </object_component>
      <object_component id="oc-674">
         <name>.text:USB_setup</name>
         <load_address>0x113f0</load_address>
         <run_address>0x113f0</run_address>
         <size>0x4a</size>
         <input_file_ref idref="fl-9"/>
      </object_component>
      <object_component id="oc-50b">
         <name>.text:setup</name>
         <load_address>0x1143a</load_address>
         <run_address>0x1143a</run_address>
         <size>0x48</size>
         <input_file_ref idref="fl-2"/>
      </object_component>
      <object_component id="oc-6d3">
         <name>.text:usbClearEndpointFeature</name>
         <load_address>0x11482</load_address>
         <run_address>0x11482</run_address>
         <size>0x46</size>
         <input_file_ref idref="fl-9"/>
      </object_component>
      <object_component id="oc-61e">
         <name>.text:UCS_turnOnXT2WithTimeout</name>
         <load_address>0x114c8</load_address>
         <run_address>0x114c8</run_address>
         <size>0x40</size>
         <input_file_ref idref="fl-37"/>
      </object_component>
      <object_component id="oc-4c1">
         <name>.text:OEP0InterruptHandler</name>
         <load_address>0x11508</load_address>
         <run_address>0x11508</run_address>
         <size>0x3c</size>
         <input_file_ref idref="fl-13"/>
      </object_component>
      <object_component id="oc-7fb">
         <name>.text:USB_lookUpPll</name>
         <load_address>0x11544</load_address>
         <run_address>0x11544</run_address>
         <size>0x38</size>
         <input_file_ref idref="fl-9"/>
      </object_component>
      <object_component id="oc-709">
         <name>.text:usbSetAddress</name>
         <load_address>0x1157c</load_address>
         <run_address>0x1157c</run_address>
         <size>0x34</size>
         <input_file_ref idref="fl-9"/>
      </object_component>
      <object_component id="oc-758">
         <name>.text:USB_getConnectionInformation</name>
         <load_address>0x115b0</load_address>
         <run_address>0x115b0</run_address>
         <size>0x32</size>
         <input_file_ref idref="fl-9"/>
      </object_component>
      <object_component id="oc-485">
         <name>.text:USB_suspend</name>
         <load_address>0x115e2</load_address>
         <run_address>0x115e2</run_address>
         <size>0x30</size>
         <input_file_ref idref="fl-9"/>
      </object_component>
      <object_component id="oc-70f">
         <name>.text:usbSetConfiguration</name>
         <load_address>0x11612</load_address>
         <run_address>0x11612</run_address>
         <size>0x30</size>
         <input_file_ref idref="fl-9"/>
      </object_component>
      <object_component id="oc-5ea">
         <name>.text:writePin</name>
         <load_address>0x11642</load_address>
         <run_address>0x11642</run_address>
         <size>0x30</size>
         <input_file_ref idref="fl-6"/>
      </object_component>
      <object_component id="oc-6f7">
         <name>.text:usbGetDeviceStatus</name>
         <load_address>0x11672</load_address>
         <run_address>0x11672</run_address>
         <size>0x2c</size>
         <input_file_ref idref="fl-9"/>
      </object_component>
      <object_component id="oc-6bb">
         <name>.text:usbSetReport</name>
         <load_address>0x1169e</load_address>
         <run_address>0x1169e</run_address>
         <size>0x2a</size>
         <input_file_ref idref="fl-c"/>
      </object_component>
      <object_component id="oc-88d">
         <name>.text:DMA_setDstAddress</name>
         <load_address>0x116c8</load_address>
         <run_address>0x116c8</run_address>
         <size>0x28</size>
         <input_file_ref idref="fl-1d"/>
      </object_component>
      <object_component id="oc-618">
         <name>.text:GPIO_setAsPeripheralModuleFunctionOutputPin</name>
         <load_address>0x116f0</load_address>
         <run_address>0x116f0</run_address>
         <size>0x28</size>
         <input_file_ref idref="fl-23"/>
      </object_component>
      <object_component id="oc-887">
         <name>.text:DMA_setSrcAddress</name>
         <load_address>0x11718</load_address>
         <run_address>0x11718</run_address>
         <size>0x26</size>
         <input_file_ref idref="fl-1d"/>
      </object_component>
      <object_component id="oc-6b5">
         <name>.text:usbGetReport</name>
         <load_address>0x1173e</load_address>
         <run_address>0x1173e</run_address>
         <size>0x26</size>
         <input_file_ref idref="fl-c"/>
      </object_component>
      <object_component id="oc-8f">
         <name>.text:decompress:ZI:__TI_zero_init</name>
         <load_address>0x11764</load_address>
         <run_address>0x11764</run_address>
         <size>0x24</size>
         <input_file_ref idref="fl-62"/>
      </object_component>
      <object_component id="oc-6cd">
         <name>.text:usbClearDeviceFeature</name>
         <load_address>0x11788</load_address>
         <run_address>0x11788</run_address>
         <size>0x24</size>
         <input_file_ref idref="fl-9"/>
      </object_component>
      <object_component id="oc-715">
         <name>.text:usbSetDeviceFeature</name>
         <load_address>0x117ac</load_address>
         <run_address>0x117ac</run_address>
         <size>0x24</size>
         <input_file_ref idref="fl-9"/>
      </object_component>
      <object_component id="oc-574">
         <name>.text:HidResetData</name>
         <load_address>0x117d0</load_address>
         <run_address>0x117d0</run_address>
         <size>0x22</size>
         <input_file_ref idref="fl-b"/>
      </object_component>
      <object_component id="oc-4ce">
         <name>.text:USB_disable</name>
         <load_address>0x117f2</load_address>
         <run_address>0x117f2</run_address>
         <size>0x22</size>
         <input_file_ref idref="fl-9"/>
      </object_component>
      <object_component id="oc-5fa">
         <name>.text:readPin</name>
         <load_address>0x11814</load_address>
         <run_address>0x11814</run_address>
         <size>0x20</size>
         <input_file_ref idref="fl-6"/>
      </object_component>
      <object_component id="oc-6c7">
         <name>.text:usbGetHidDescriptor</name>
         <load_address>0x11834</load_address>
         <run_address>0x11834</run_address>
         <size>0x20</size>
         <input_file_ref idref="fl-c"/>
      </object_component>
      <object_component id="oc-6c1">
         <name>.text:usbGetReportDescriptor</name>
         <load_address>0x11854</load_address>
         <run_address>0x11854</run_address>
         <size>0x20</size>
         <input_file_ref idref="fl-c"/>
      </object_component>
      <object_component id="oc-789">
         <name>.text:usbSendDataPacketOnEP0</name>
         <load_address>0x11874</load_address>
         <run_address>0x11874</run_address>
         <size>0x20</size>
         <input_file_ref idref="fl-9"/>
      </object_component>
      <object_component id="oc-6af">
         <name>.text:usbSetProtocol</name>
         <load_address>0x11894</load_address>
         <run_address>0x11894</run_address>
         <size>0x20</size>
         <input_file_ref idref="fl-c"/>
      </object_component>
      <object_component id="oc-69d">
         <name>.text:usbGetIdle</name>
         <load_address>0x118b4</load_address>
         <run_address>0x118b4</run_address>
         <size>0x1e</size>
         <input_file_ref idref="fl-c"/>
      </object_component>
      <object_component id="oc-6f1">
         <name>.text:usbGetInterface</name>
         <load_address>0x118d2</load_address>
         <run_address>0x118d2</run_address>
         <size>0x1e</size>
         <input_file_ref idref="fl-9"/>
      </object_component>
      <object_component id="oc-6fd">
         <name>.text:usbGetInterfaceStatus</name>
         <load_address>0x118f0</load_address>
         <run_address>0x118f0</run_address>
         <size>0x1e</size>
         <input_file_ref idref="fl-9"/>
      </object_component>
      <object_component id="oc-4c7">
         <name>.text:IEP0InterruptHandler</name>
         <load_address>0x1190e</load_address>
         <run_address>0x1190e</run_address>
         <size>0x1c</size>
         <input_file_ref idref="fl-13"/>
      </object_component>
      <object_component id="oc-857">
         <name>.text:memcpyV</name>
         <load_address>0x1192a</load_address>
         <run_address>0x1192a</run_address>
         <size>0x1c</size>
         <input_file_ref idref="fl-a"/>
      </object_component>
      <object_component id="oc-464">
         <name>.text:HidIsReceiveInProgress</name>
         <load_address>0x11946</load_address>
         <run_address>0x11946</run_address>
         <size>0x1a</size>
         <input_file_ref idref="fl-b"/>
      </object_component>
      <object_component id="oc-586">
         <name>.text:USB_connect</name>
         <load_address>0x11960</load_address>
         <run_address>0x11960</run_address>
         <size>0x1a</size>
         <input_file_ref idref="fl-9"/>
      </object_component>
      <object_component id="oc-5de">
         <name>.text:setup_usb_send</name>
         <load_address>0x1197a</load_address>
         <run_address>0x1197a</run_address>
         <size>0x1a</size>
         <input_file_ref idref="fl-3"/>
      </object_component>
      <object_component id="oc-721">
         <name>.text:usbSetInterface</name>
         <load_address>0x11994</load_address>
         <run_address>0x11994</run_address>
         <size>0x1a</size>
         <input_file_ref idref="fl-9"/>
      </object_component>
      <object_component id="oc-479">
         <name>.text:USB_resume</name>
         <load_address>0x119ae</load_address>
         <run_address>0x119ae</run_address>
         <size>0x18</size>
         <input_file_ref idref="fl-9"/>
      </object_component>
      <object_component id="oc-530">
         <name>.text</name>
         <load_address>0x119c6</load_address>
         <run_address>0x119c6</run_address>
         <size>0x18</size>
         <input_file_ref idref="fl-85"/>
      </object_component>
      <object_component id="oc-6a3">
         <name>.text:usbSetIdle</name>
         <load_address>0x119de</load_address>
         <run_address>0x119de</run_address>
         <size>0x18</size>
         <input_file_ref idref="fl-c"/>
      </object_component>
      <object_component id="oc-62b">
         <name>.text:memset</name>
         <load_address>0x119f6</load_address>
         <run_address>0x119f6</run_address>
         <size>0x16</size>
         <input_file_ref idref="fl-81"/>
      </object_component>
      <object_component id="oc-63a">
         <name>.text</name>
         <load_address>0x11a0c</load_address>
         <run_address>0x11a0c</run_address>
         <size>0x16</size>
         <input_file_ref idref="fl-64"/>
      </object_component>
      <object_component id="oc-6e5">
         <name>.text:usbGetConfigurationDescriptor</name>
         <load_address>0x11a22</load_address>
         <run_address>0x11a22</run_address>
         <size>0x16</size>
         <input_file_ref idref="fl-9"/>
      </object_component>
      <object_component id="oc-6df">
         <name>.text:usbGetDeviceDescriptor</name>
         <load_address>0x11a38</load_address>
         <run_address>0x11a38</run_address>
         <size>0x16</size>
         <input_file_ref idref="fl-9"/>
      </object_component>
      <object_component id="oc-66e">
         <name>.text:Keyboard_init</name>
         <load_address>0x11a4e</load_address>
         <run_address>0x11a4e</run_address>
         <size>0x14</size>
         <input_file_ref idref="fl-11"/>
      </object_component>
      <object_component id="oc-4af">
         <name>.text:USB_handleVbusOnEvent</name>
         <load_address>0x11a62</load_address>
         <run_address>0x11a62</run_address>
         <size>0x14</size>
         <input_file_ref idref="fl-12"/>
      </object_component>
      <object_component id="oc-3ee">
         <name>.text:memcpy</name>
         <load_address>0x11a76</load_address>
         <run_address>0x11a76</run_address>
         <size>0x14</size>
         <input_file_ref idref="fl-80"/>
      </object_component>
      <object_component id="oc-6d9">
         <name>.text:usbGetConfiguration</name>
         <load_address>0x11a8a</load_address>
         <run_address>0x11a8a</run_address>
         <size>0x14</size>
         <input_file_ref idref="fl-9"/>
      </object_component>
      <object_component id="oc-7ae">
         <name>.text:usbReceiveDataPacketOnEP0</name>
         <load_address>0x11a9e</load_address>
         <run_address>0x11a9e</run_address>
         <size>0x14</size>
         <input_file_ref idref="fl-9"/>
      </object_component>
      <object_component id="oc-73">
         <name>.text:decompress:none:__TI_decompress_none</name>
         <load_address>0x11ab2</load_address>
         <run_address>0x11ab2</run_address>
         <size>0x12</size>
         <input_file_ref idref="fl-61"/>
      </object_component>
      <object_component id="oc-433">
         <name>.text:main</name>
         <load_address>0x11ac4</load_address>
         <run_address>0x11ac4</run_address>
         <size>0x12</size>
         <input_file_ref idref="fl-2"/>
      </object_component>
      <object_component id="oc-727">
         <name>.text:usbInvalidRequest</name>
         <load_address>0x11ad6</load_address>
         <run_address>0x11ad6</run_address>
         <size>0x12</size>
         <input_file_ref idref="fl-9"/>
      </object_component>
      <object_component id="oc-8b1">
         <name>.text:DMA_disableTransfers</name>
         <load_address>0x11ae8</load_address>
         <run_address>0x11ae8</run_address>
         <size>0x10</size>
         <input_file_ref idref="fl-1d"/>
      </object_component>
      <object_component id="oc-89f">
         <name>.text:DMA_enableTransfers</name>
         <load_address>0x11af8</load_address>
         <run_address>0x11af8</run_address>
         <size>0x10</size>
         <input_file_ref idref="fl-1d"/>
      </object_component>
      <object_component id="oc-6a9">
         <name>.text:usbGetProtocol</name>
         <load_address>0x11b08</load_address>
         <run_address>0x11b08</run_address>
         <size>0x10</size>
         <input_file_ref idref="fl-c"/>
      </object_component>
      <object_component id="oc-8ab">
         <name>.text:DMA_getInterruptStatus</name>
         <load_address>0x11b18</load_address>
         <run_address>0x11b18</run_address>
         <size>0xe</size>
         <input_file_ref idref="fl-1d"/>
      </object_component>
      <object_component id="oc-8a5">
         <name>.text:DMA_startTransfer</name>
         <load_address>0x11b26</load_address>
         <run_address>0x11b26</run_address>
         <size>0xe</size>
         <input_file_ref idref="fl-1d"/>
      </object_component>
      <object_component id="oc-76b">
         <name>.text:strlen</name>
         <load_address>0x11b34</load_address>
         <run_address>0x11b34</run_address>
         <size>0xe</size>
         <input_file_ref idref="fl-8c"/>
      </object_component>
      <object_component id="oc-78f">
         <name>.text:usbSendZeroLengthPacketOnIEP0</name>
         <load_address>0x11b42</load_address>
         <run_address>0x11b42</run_address>
         <size>0xe</size>
         <input_file_ref idref="fl-9"/>
      </object_component>
      <object_component id="oc-899">
         <name>.text:DMA_setTransferSize</name>
         <load_address>0x11b50</load_address>
         <run_address>0x11b50</run_address>
         <size>0xc</size>
         <input_file_ref idref="fl-1d"/>
      </object_component>
      <object_component id="oc-635">
         <name>.text</name>
         <load_address>0x11b5c</load_address>
         <run_address>0x11b5c</run_address>
         <size>0xa</size>
         <input_file_ref idref="fl-7e"/>
      </object_component>
      <object_component id="oc-63f">
         <name>.text</name>
         <load_address>0x11b66</load_address>
         <run_address>0x11b66</run_address>
         <size>0xa</size>
         <input_file_ref idref="fl-7f"/>
      </object_component>
      <object_component id="oc-567">
         <name>.text:UCS_turnOffXT2</name>
         <load_address>0x11b70</load_address>
         <run_address>0x11b70</run_address>
         <size>0x8</size>
         <input_file_ref idref="fl-37"/>
      </object_component>
      <object_component id="oc-591">
         <name>.text:USBHID_handleSendCompleted</name>
         <load_address>0x11b78</load_address>
         <run_address>0x11b78</run_address>
         <size>0x8</size>
         <input_file_ref idref="fl-12"/>
      </object_component>
      <object_component id="oc-4a3">
         <name>.text:USB_handleVbusOffEvent</name>
         <load_address>0x11b80</load_address>
         <run_address>0x11b80</run_address>
         <size>0x8</size>
         <input_file_ref idref="fl-12"/>
      </object_component>
      <object_component id="oc-881">
         <name>.text:DMA_disableTransferDuringReadModifyWrite</name>
         <load_address>0x11b88</load_address>
         <run_address>0x11b88</run_address>
         <size>0x6</size>
         <input_file_ref idref="fl-1d"/>
      </object_component>
      <object_component id="oc-893">
         <name>.text:DMA_enableTransferDuringReadModifyWrite</name>
         <load_address>0x11b8e</load_address>
         <run_address>0x11b8e</run_address>
         <size>0x6</size>
         <input_file_ref idref="fl-1d"/>
      </object_component>
      <object_component id="oc-4da">
         <name>.text:SFR_clearInterrupt</name>
         <load_address>0x11b94</load_address>
         <run_address>0x11b94</run_address>
         <size>0x6</size>
         <input_file_ref idref="fl-30"/>
      </object_component>
      <object_component id="oc-4d4">
         <name>.text:UCS_clearFaultFlag</name>
         <load_address>0x11b9a</load_address>
         <run_address>0x11b9a</run_address>
         <size>0x6</size>
         <input_file_ref idref="fl-37"/>
      </object_component>
      <object_component id="oc-801">
         <name>.text:USB_getVersion</name>
         <load_address>0x11ba0</load_address>
         <run_address>0x11ba0</run_address>
         <size>0x6</size>
         <input_file_ref idref="fl-9"/>
      </object_component>
      <object_component id="oc-43b">
         <name>.text:abort</name>
         <load_address>0x11ba6</load_address>
         <run_address>0x11ba6</run_address>
         <size>0x6</size>
         <input_file_ref idref="fl-67"/>
      </object_component>
      <object_component id="oc-7bc">
         <name>.text:usbClearOEP0ByteCount</name>
         <load_address>0x11bac</load_address>
         <run_address>0x11bac</run_address>
         <size>0x6</size>
         <input_file_ref idref="fl-9"/>
      </object_component>
      <object_component id="oc-798">
         <name>.text:USBHID_handleBootProtocol</name>
         <load_address>0x11bb2</load_address>
         <run_address>0x11bb2</run_address>
         <size>0x4</size>
         <input_file_ref idref="fl-12"/>
      </object_component>
      <object_component id="oc-46d">
         <name>.text:USBHID_handleDataReceived</name>
         <load_address>0x11bb6</load_address>
         <run_address>0x11bb6</run_address>
         <size>0x4</size>
         <input_file_ref idref="fl-12"/>
      </object_component>
      <object_component id="oc-79f">
         <name>.text:USBHID_handleEP0GetReport</name>
         <load_address>0x11bba</load_address>
         <run_address>0x11bba</run_address>
         <size>0x4</size>
         <input_file_ref idref="fl-12"/>
      </object_component>
      <object_component id="oc-7a7">
         <name>.text:USBHID_handleEP0SetReport</name>
         <load_address>0x11bbe</load_address>
         <run_address>0x11bbe</run_address>
         <size>0x4</size>
         <input_file_ref idref="fl-12"/>
      </object_component>
      <object_component id="oc-5a1">
         <name>.text:USBHID_handleEP0SetReportDataAvailable</name>
         <load_address>0x11bc2</load_address>
         <run_address>0x11bc2</run_address>
         <size>0x4</size>
         <input_file_ref idref="fl-12"/>
      </object_component>
      <object_component id="oc-555">
         <name>.text:USBHID_handleReceiveCompleted</name>
         <load_address>0x11bc6</load_address>
         <run_address>0x11bc6</run_address>
         <size>0x4</size>
         <input_file_ref idref="fl-12"/>
      </object_component>
      <object_component id="oc-4b5">
         <name>.text:USB_handleClockEvent</name>
         <load_address>0x11bca</load_address>
         <run_address>0x11bca</run_address>
         <size>0x4</size>
         <input_file_ref idref="fl-12"/>
      </object_component>
      <object_component id="oc-7d8">
         <name>.text:USB_handleEnumerationCompleteEvent</name>
         <load_address>0x11bce</load_address>
         <run_address>0x11bce</run_address>
         <size>0x4</size>
         <input_file_ref idref="fl-12"/>
      </object_component>
      <object_component id="oc-497">
         <name>.text:USB_handleResetEvent</name>
         <load_address>0x11bd2</load_address>
         <run_address>0x11bd2</run_address>
         <size>0x4</size>
         <input_file_ref idref="fl-12"/>
      </object_component>
      <object_component id="oc-47f">
         <name>.text:USB_handleResumeEvent</name>
         <load_address>0x11bd6</load_address>
         <run_address>0x11bd6</run_address>
         <size>0x4</size>
         <input_file_ref idref="fl-12"/>
      </object_component>
      <object_component id="oc-48b">
         <name>.text:USB_handleSuspendEvent</name>
         <load_address>0x11bda</load_address>
         <run_address>0x11bda</run_address>
         <size>0x4</size>
         <input_file_ref idref="fl-12"/>
      </object_component>
      <object_component id="oc-413">
         <name>.text:_system_pre_init</name>
         <load_address>0x11bde</load_address>
         <run_address>0x11bde</run_address>
         <size>0x4</size>
         <input_file_ref idref="fl-8a"/>
      </object_component>
      <object_component id="oc-4ea">
         <name>.text:_system_post_cinit</name>
         <load_address>0x11be2</load_address>
         <run_address>0x11be2</run_address>
         <size>0x2</size>
         <input_file_ref idref="fl-94"/>
      </object_component>
      <object_component id="oc-400">
         <name>.text:_isr:iUsbInterruptHandler</name>
         <load_address>0x4400</load_address>
         <run_address>0x4400</run_address>
         <size>0x11e</size>
         <input_file_ref idref="fl-13"/>
      </object_component>
      <object_component id="oc-406">
         <name>.text:_isr:UNMI_ISR</name>
         <load_address>0x451e</load_address>
         <run_address>0x451e</run_address>
         <size>0x3e</size>
         <input_file_ref idref="fl-3"/>
      </object_component>
      <object_component id="oc-ad">
         <name>.text:_isr:_c_int00_noargs_noexit</name>
         <load_address>0x455c</load_address>
         <run_address>0x455c</run_address>
         <size>0x1a</size>
         <input_file_ref idref="fl-5f"/>
      </object_component>
      <object_component id="oc-3fb">
         <name>.text:_isr:__TI_ISR_TRAP</name>
         <load_address>0x4576</load_address>
         <run_address>0x4576</run_address>
         <size>0x8</size>
         <input_file_ref idref="fl-7d"/>
      </object_component>
      <object_component id="oc-935">
         <name>.cinit..data.load</name>
         <load_address>0x48f8</load_address>
         <run_address>0x48f8</run_address>
         <size>0x5d</size>
      </object_component>
      <object_component id="oc-932">
         <name>__TI_handler_table</name>
         <load_address>0x4956</load_address>
         <run_address>0x4956</run_address>
         <size>0xc</size>
      </object_component>
      <object_component id="oc-934">
         <name>.cinit..bss.load</name>
         <load_address>0x4962</load_address>
         <run_address>0x4962</run_address>
         <size>0x6</size>
      </object_component>
      <object_component id="oc-933">
         <name>__TI_cinit_table</name>
         <load_address>0x4968</load_address>
         <run_address>0x4968</run_address>
         <size>0x10</size>
      </object_component>
      <object_component id="oc-604">
         <name>.const:tUsbRequestList</name>
         <load_address>0x457e</load_address>
         <run_address>0x457e</run_address>
         <size>0x150</size>
         <input_file_ref idref="fl-14"/>
      </object_component>
      <object_component id="oc-7ce">
         <name>.const:.string:abromStringDescriptor</name>
         <load_address>0x46ce</load_address>
         <run_address>0x46ce</run_address>
         <size>0x84</size>
         <input_file_ref idref="fl-14"/>
      </object_component>
      <object_component id="oc-818">
         <name>.const:.string:_asciimap</name>
         <load_address>0x4752</load_address>
         <run_address>0x4752</run_address>
         <size>0x80</size>
         <input_file_ref idref="fl-11"/>
      </object_component>
      <object_component id="oc-835">
         <name>.const:.string:report_desc_HID0</name>
         <load_address>0x47d2</load_address>
         <run_address>0x47d2</run_address>
         <size>0x3f</size>
         <input_file_ref idref="fl-14"/>
      </object_component>
      <object_component id="oc-7c2">
         <name>.const:abromConfigurationDescriptorGroup</name>
         <load_address>0x4811</load_address>
         <run_address>0x4811</run_address>
         <size>0x29</size>
         <input_file_ref idref="fl-14"/>
      </object_component>
      <object_component id="oc-625">
         <name>.const:.string</name>
         <load_address>0x483a</load_address>
         <run_address>0x483a</run_address>
         <size>0x22</size>
         <input_file_ref idref="fl-9"/>
      </object_component>
      <object_component id="oc-731">
         <name>.const:GPIO_PORT_TO_BASE</name>
         <load_address>0x485c</load_address>
         <run_address>0x485c</run_address>
         <size>0x1c</size>
         <input_file_ref idref="fl-23"/>
      </object_component>
      <object_component id="oc-7c9">
         <name>.const:.string:abromDeviceDescriptor</name>
         <load_address>0x4878</load_address>
         <run_address>0x4878</run_address>
         <size>0x12</size>
         <input_file_ref idref="fl-14"/>
      </object_component>
      <object_component id="oc-67b">
         <name>.const:port_to_dir</name>
         <load_address>0x488a</load_address>
         <run_address>0x488a</run_address>
         <size>0x10</size>
         <input_file_ref idref="fl-6"/>
      </object_component>
      <object_component id="oc-697">
         <name>.const:port_to_in</name>
         <load_address>0x489a</load_address>
         <run_address>0x489a</run_address>
         <size>0x10</size>
         <input_file_ref idref="fl-6"/>
      </object_component>
      <object_component id="oc-681">
         <name>.const:port_to_out</name>
         <load_address>0x48aa</load_address>
         <run_address>0x48aa</run_address>
         <size>0x10</size>
         <input_file_ref idref="fl-6"/>
      </object_component>
      <object_component id="oc-67e">
         <name>.const:port_to_ren</name>
         <load_address>0x48ba</load_address>
         <run_address>0x48ba</run_address>
         <size>0x10</size>
         <input_file_ref idref="fl-6"/>
      </object_component>
      <object_component id="oc-684">
         <name>.const:port_to_sel</name>
         <load_address>0x48ca</load_address>
         <run_address>0x48ca</run_address>
         <size>0x10</size>
         <input_file_ref idref="fl-6"/>
      </object_component>
      <object_component id="oc-54c">
         <name>.const:stUsbHandle</name>
         <load_address>0x48da</load_address>
         <run_address>0x48da</run_address>
         <size>0x10</size>
         <input_file_ref idref="fl-14"/>
      </object_component>
      <object_component id="oc-854">
         <name>.const:$P$T0$1</name>
         <load_address>0x48ea</load_address>
         <run_address>0x48ea</run_address>
         <size>0xa</size>
         <input_file_ref idref="fl-a"/>
      </object_component>
      <object_component id="oc-7b5">
         <name>.const:report_desc_size</name>
         <load_address>0x48f4</load_address>
         <run_address>0x48f4</run_address>
         <size>0x2</size>
         <input_file_ref idref="fl-14"/>
      </object_component>
      <object_component id="oc-86f">
         <name>.const:.string:report_len_input</name>
         <load_address>0x48f6</load_address>
         <run_address>0x48f6</run_address>
         <size>0x1</size>
         <input_file_ref idref="fl-14"/>
      </object_component>
      <object_component id="oc-8cc">
         <name>.binit</name>
         <load_address>0x4400</load_address>
         <run_address>0x4400</run_address>
         <size>0x0</size>
      </object_component>
      <object_component id="oc-79">
         <name>.int41</name>
         <load_address>0xffd2</load_address>
         <run_address>0xffd2</run_address>
         <size>0x2</size>
         <input_file_ref idref="fl-69"/>
      </object_component>
      <object_component id="oc-7a">
         <name>.int42</name>
         <load_address>0xffd4</load_address>
         <run_address>0xffd4</run_address>
         <size>0x2</size>
         <input_file_ref idref="fl-6a"/>
      </object_component>
      <object_component id="oc-7b">
         <name>.int43</name>
         <load_address>0xffd6</load_address>
         <run_address>0xffd6</run_address>
         <size>0x2</size>
         <input_file_ref idref="fl-6b"/>
      </object_component>
      <object_component id="oc-7c">
         <name>.int44</name>
         <load_address>0xffd8</load_address>
         <run_address>0xffd8</run_address>
         <size>0x2</size>
         <input_file_ref idref="fl-6c"/>
      </object_component>
      <object_component id="oc-7d">
         <name>.int45</name>
         <load_address>0xffda</load_address>
         <run_address>0xffda</run_address>
         <size>0x2</size>
         <input_file_ref idref="fl-6d"/>
      </object_component>
      <object_component id="oc-7e">
         <name>.int46</name>
         <load_address>0xffdc</load_address>
         <run_address>0xffdc</run_address>
         <size>0x2</size>
         <input_file_ref idref="fl-6e"/>
      </object_component>
      <object_component id="oc-7f">
         <name>.int47</name>
         <load_address>0xffde</load_address>
         <run_address>0xffde</run_address>
         <size>0x2</size>
         <input_file_ref idref="fl-6f"/>
      </object_component>
      <object_component id="oc-80">
         <name>.int48</name>
         <load_address>0xffe0</load_address>
         <run_address>0xffe0</run_address>
         <size>0x2</size>
         <input_file_ref idref="fl-70"/>
      </object_component>
      <object_component id="oc-81">
         <name>.int49</name>
         <load_address>0xffe2</load_address>
         <run_address>0xffe2</run_address>
         <size>0x2</size>
         <input_file_ref idref="fl-71"/>
      </object_component>
      <object_component id="oc-82">
         <name>.int50</name>
         <load_address>0xffe4</load_address>
         <run_address>0xffe4</run_address>
         <size>0x2</size>
         <input_file_ref idref="fl-72"/>
      </object_component>
      <object_component id="oc-83">
         <name>.int51</name>
         <load_address>0xffe6</load_address>
         <run_address>0xffe6</run_address>
         <size>0x2</size>
         <input_file_ref idref="fl-13"/>
      </object_component>
      <object_component id="oc-84">
         <name>.int52</name>
         <load_address>0xffe8</load_address>
         <run_address>0xffe8</run_address>
         <size>0x2</size>
         <input_file_ref idref="fl-73"/>
      </object_component>
      <object_component id="oc-85">
         <name>.int53</name>
         <load_address>0xffea</load_address>
         <run_address>0xffea</run_address>
         <size>0x2</size>
         <input_file_ref idref="fl-74"/>
      </object_component>
      <object_component id="oc-86">
         <name>.int54</name>
         <load_address>0xffec</load_address>
         <run_address>0xffec</run_address>
         <size>0x2</size>
         <input_file_ref idref="fl-75"/>
      </object_component>
      <object_component id="oc-87">
         <name>.int55</name>
         <load_address>0xffee</load_address>
         <run_address>0xffee</run_address>
         <size>0x2</size>
         <input_file_ref idref="fl-76"/>
      </object_component>
      <object_component id="oc-88">
         <name>.int56</name>
         <load_address>0xfff0</load_address>
         <run_address>0xfff0</run_address>
         <size>0x2</size>
         <input_file_ref idref="fl-77"/>
      </object_component>
      <object_component id="oc-89">
         <name>.int57</name>
         <load_address>0xfff2</load_address>
         <run_address>0xfff2</run_address>
         <size>0x2</size>
         <input_file_ref idref="fl-78"/>
      </object_component>
      <object_component id="oc-8a">
         <name>.int58</name>
         <load_address>0xfff4</load_address>
         <run_address>0xfff4</run_address>
         <size>0x2</size>
         <input_file_ref idref="fl-79"/>
      </object_component>
      <object_component id="oc-8b">
         <name>.int59</name>
         <load_address>0xfff6</load_address>
         <run_address>0xfff6</run_address>
         <size>0x2</size>
         <input_file_ref idref="fl-7a"/>
      </object_component>
      <object_component id="oc-8c">
         <name>.int60</name>
         <load_address>0xfff8</load_address>
         <run_address>0xfff8</run_address>
         <size>0x2</size>
         <input_file_ref idref="fl-7b"/>
      </object_component>
      <object_component id="oc-8d">
         <name>.int61</name>
         <load_address>0xfffa</load_address>
         <run_address>0xfffa</run_address>
         <size>0x2</size>
         <input_file_ref idref="fl-3"/>
      </object_component>
      <object_component id="oc-8e">
         <name>.int62</name>
         <load_address>0xfffc</load_address>
         <run_address>0xfffc</run_address>
         <size>0x2</size>
         <input_file_ref idref="fl-7c"/>
      </object_component>
      <object_component id="oc-3e2">
         <name>.reset</name>
         <load_address>0xfffe</load_address>
         <run_address>0xfffe</run_address>
         <size>0x2</size>
         <input_file_ref idref="fl-5e"/>
      </object_component>
      <object_component id="oc-601">
         <name>.debug_info</name>
         <load_address>0x0</load_address>
         <run_address>0x0</run_address>
         <size>0x37f</size>
         <input_file_ref idref="fl-2"/>
      </object_component>
      <object_component id="oc-5f1">
         <name>.debug_info</name>
         <load_address>0x37f</load_address>
         <run_address>0x37f</run_address>
         <size>0xde</size>
         <input_file_ref idref="fl-2"/>
      </object_component>
      <object_component id="oc-68e">
         <name>.debug_info</name>
         <load_address>0x45d</load_address>
         <run_address>0x45d</run_address>
         <size>0xf0</size>
         <input_file_ref idref="fl-2"/>
      </object_component>
      <object_component id="oc-50c">
         <name>.debug_info</name>
         <load_address>0x54d</load_address>
         <run_address>0x54d</run_address>
         <size>0x15f</size>
         <input_file_ref idref="fl-2"/>
      </object_component>
      <object_component id="oc-5f5">
         <name>.debug_info</name>
         <load_address>0x6ac</load_address>
         <run_address>0x6ac</run_address>
         <size>0x16c</size>
         <input_file_ref idref="fl-2"/>
      </object_component>
      <object_component id="oc-512">
         <name>.debug_info</name>
         <load_address>0x818</load_address>
         <run_address>0x818</run_address>
         <size>0x13f</size>
         <input_file_ref idref="fl-2"/>
      </object_component>
      <object_component id="oc-434">
         <name>.debug_info</name>
         <load_address>0x957</load_address>
         <run_address>0x957</run_address>
         <size>0x10d</size>
         <input_file_ref idref="fl-2"/>
      </object_component>
      <object_component id="oc-53c">
         <name>.debug_info</name>
         <load_address>0xa64</load_address>
         <run_address>0xa64</run_address>
         <size>0x1da</size>
         <input_file_ref idref="fl-2"/>
      </object_component>
      <object_component id="oc-7f0">
         <name>.debug_info</name>
         <load_address>0xc3e</load_address>
         <run_address>0xc3e</run_address>
         <size>0xb1</size>
         <input_file_ref idref="fl-2"/>
      </object_component>
      <object_component id="oc-650">
         <name>.debug_info</name>
         <load_address>0xcef</load_address>
         <run_address>0xcef</run_address>
         <size>0xb2</size>
         <input_file_ref idref="fl-2"/>
      </object_component>
      <object_component id="oc-518">
         <name>.debug_info</name>
         <load_address>0xda1</load_address>
         <run_address>0xda1</run_address>
         <size>0x8b</size>
         <input_file_ref idref="fl-2"/>
      </object_component>
      <object_component id="oc-52b">
         <name>.debug_info</name>
         <load_address>0xe2c</load_address>
         <run_address>0xe2c</run_address>
         <size>0x18b</size>
         <input_file_ref idref="fl-2"/>
      </object_component>
      <object_component id="oc-451">
         <name>.debug_info</name>
         <load_address>0xfb7</load_address>
         <run_address>0xfb7</run_address>
         <size>0x2c</size>
         <input_file_ref idref="fl-2"/>
      </object_component>
      <object_component id="oc-546">
         <name>.debug_info</name>
         <load_address>0xfe3</load_address>
         <run_address>0xfe3</run_address>
         <size>0xb2d</size>
         <input_file_ref idref="fl-2"/>
      </object_component>
      <object_component id="oc-740">
         <name>.debug_info</name>
         <load_address>0x1b10</load_address>
         <run_address>0x1b10</run_address>
         <size>0x495</size>
         <input_file_ref idref="fl-3"/>
      </object_component>
      <object_component id="oc-64b">
         <name>.debug_info</name>
         <load_address>0x1fa5</load_address>
         <run_address>0x1fa5</run_address>
         <size>0xe8</size>
         <input_file_ref idref="fl-3"/>
      </object_component>
      <object_component id="oc-5df">
         <name>.debug_info</name>
         <load_address>0x208d</load_address>
         <run_address>0x208d</run_address>
         <size>0x14f</size>
         <input_file_ref idref="fl-3"/>
      </object_component>
      <object_component id="oc-691">
         <name>.debug_info</name>
         <load_address>0x21dc</load_address>
         <run_address>0x21dc</run_address>
         <size>0x1b7</size>
         <input_file_ref idref="fl-3"/>
      </object_component>
      <object_component id="oc-407">
         <name>.debug_info</name>
[...]
      </symbol>
      <symbol id="sm-626">
         <name>USB_reset</name>
         <value>0x1034a</value>
         <object_component_ref idref="oc-491"/>
      </symbol>
      <symbol id="sm-627">
         <name>USB_determineXT2Freq</name>
         <value>0x1068e</value>
         <object_component_ref idref="oc-7f5"/>
      </symbol>
      <symbol id="sm-628">
         <name>USB_connect</name>
         <value>0x11960</value>
         <object_component_ref idref="oc-586"/>
      </symbol>
      <symbol id="sm-629">
         <name>usbGetDeviceStatus</name>
         <value>0x11672</value>
         <object_component_ref idref="oc-6f7"/>
      </symbol>
      <symbol id="sm-62a">
         <name>USB_disable</name>
         <value>0x117f2</value>
         <object_component_ref idref="oc-4ce"/>
      </symbol>
      <symbol id="sm-64f">
         <name>USB_TX_memcpy</name>
         <value>0x2baa</value>
      </symbol>
      <symbol id="sm-650">
         <name>USB_RX_memcpy</name>
         <value>0x2ba6</value>
      </symbol>
      <symbol id="sm-651">
         <name>USB_initMemcpy</name>
         <value>0x111c6</value>
         <object_component_ref idref="oc-80d"/>
      </symbol>
      <symbol id="sm-652">
         <name>memcpyDMA</name>
         <value>0x11040</value>
         <object_component_ref idref="oc-863"/>
      </symbol>
      <symbol id="sm-653">
         <name>memcpyV</name>
         <value>0x1192a</value>
         <object_component_ref idref="oc-857"/>
      </symbol>
      <symbol id="sm-6bc">
         <name>HidResetData</name>
         <value>0x117d0</value>
         <object_component_ref idref="oc-574"/>
      </symbol>
      <symbol id="sm-6bd">
         <name>HidToHostFromBuffer</name>
         <value>0x10144</value>
         <object_component_ref idref="oc-4bb"/>
      </symbol>
      <symbol id="sm-6be">
         <name>HidIsReceiveInProgress</name>
         <value>0x11946</value>
         <object_component_ref idref="oc-464"/>
      </symbol>
      <symbol id="sm-6bf">
         <name>HidCopyUsbToBuff</name>
         <value>0x10cc0</value>
         <object_component_ref idref="oc-54f"/>
      </symbol>
      <symbol id="sm-6c0">
         <name>USBHID_sendReport</name>
         <value>0x107ca</value>
         <object_component_ref idref="oc-81b"/>
      </symbol>
      <symbol id="sm-6c1">
         <name>hidProtocol</name>
         <value>0x2b1a</value>
         <object_component_ref idref="oc-631"/>
      </symbol>
      <symbol id="sm-6c2">
         <name>hidIdleRate</name>
         <value>0x2b18</value>
         <object_component_ref idref="oc-786"/>
      </symbol>
      <symbol id="sm-6c3">
         <name>HidToBufferFromHost</name>
         <value>0x10000</value>
         <object_component_ref idref="oc-473"/>
      </symbol>
      <symbol id="sm-705">
         <name>usbGetIdle</name>
         <value>0x118b4</value>
         <object_component_ref idref="oc-69d"/>
      </symbol>
      <symbol id="sm-706">
         <name>usbGetReportDescriptor</name>
         <value>0x11854</value>
         <object_component_ref idref="oc-6c1"/>
      </symbol>
      <symbol id="sm-707">
         <name>usbGetProtocol</name>
         <value>0x11b08</value>
         <object_component_ref idref="oc-6a9"/>
      </symbol>
      <symbol id="sm-708">
         <name>usbGetHidDescriptor</name>
         <value>0x11834</value>
         <object_component_ref idref="oc-6c7"/>
      </symbol>
      <symbol id="sm-709">
         <name>usbSetProtocol</name>
         <value>0x11894</value>
         <object_component_ref idref="oc-6af"/>
      </symbol>
      <symbol id="sm-70a">
         <name>usbGetReport</name>
         <value>0x1173e</value>
         <object_component_ref idref="oc-6b5"/>
      </symbol>
      <symbol id="sm-70b">
         <name>usbSetIdle</name>
         <value>0x119de</value>
         <object_component_ref idref="oc-6a3"/>
      </symbol>
      <symbol id="sm-70c">
         <name>usbSetReport</name>
         <value>0x1169e</value>
         <object_component_ref idref="oc-6bb"/>
      </symbol>
      <symbol id="sm-742">
         <name>Keyboard_init</name>
         <value>0x11a4e</value>
         <object_component_ref idref="oc-66e"/>
      </symbol>
      <symbol id="sm-743">
         <name>_asciimap</name>
         <value>0x4752</value>
         <object_component_ref idref="oc-818"/>
      </symbol>
      <symbol id="sm-744">
         <name>Keyboard_press</name>
         <value>0x10732</value>
         <object_component_ref idref="oc-777"/>
      </symbol>
      <symbol id="sm-745">
         <name>Keyboard_release</name>
         <value>0x10e94</value>
         <object_component_ref idref="oc-77d"/>
      </symbol>
      <symbol id="sm-7ad">
         <name>USBHID_handleDataReceived</name>
         <value>0x11bb6</value>
         <object_component_ref idref="oc-46d"/>
      </symbol>
      <symbol id="sm-7ae">
         <name>USB_handleSuspendEvent</name>
         <value>0x11bda</value>
         <object_component_ref idref="oc-48b"/>
      </symbol>
      <symbol id="sm-7af">
         <name>USBHID_handleEP0GetReport</name>
         <value>0x11bba</value>
         <object_component_ref idref="oc-79f"/>
      </symbol>
      <symbol id="sm-7b0">
         <name>USB_handleVbusOnEvent</name>
         <value>0x11a62</value>
         <object_component_ref idref="oc-4af"/>
      </symbol>
      <symbol id="sm-7b1">
         <name>USBHID_handleEP0SetReportDataAvailable</name>
         <value>0x11bc2</value>
         <object_component_ref idref="oc-5a1"/>
      </symbol>
      <symbol id="sm-7b2">
         <name>USBHID_handleBootProtocol</name>
         <value>0x11bb2</value>
         <object_component_ref idref="oc-798"/>
      </symbol>
      <symbol id="sm-7b3">
         <name>USB_handleEnumerationCompleteEvent</name>
         <value>0x11bce</value>
         <object_component_ref idref="oc-7d8"/>
      </symbol>
      <symbol id="sm-7b4">
         <name>USB_handleResetEvent</name>
         <value>0x11bd2</value>
         <object_component_ref idref="oc-497"/>
      </symbol>
      <symbol id="sm-7b5">
         <name>USBHID_handleSendCompleted</name>
         <value>0x11b78</value>
         <object_component_ref idref="oc-591"/>
      </symbol>
      <symbol id="sm-7b6">
         <name>USBHID_handleEP0SetReport</name>
         <value>0x11bbe</value>
         <object_component_ref idref="oc-7a7"/>
      </symbol>
      <symbol id="sm-7b7">
         <name>USB_handleVbusOffEvent</name>
         <value>0x11b80</value>
         <object_component_ref idref="oc-4a3"/>
      </symbol>
      <symbol id="sm-7b8">
         <name>USB_handleResumeEvent</name>
         <value>0x11bd6</value>
         <object_component_ref idref="oc-47f"/>
      </symbol>
      <symbol id="sm-7b9">
         <name>USB_handleClockEvent</name>
         <value>0x11bca</value>
         <object_component_ref idref="oc-4b5"/>
      </symbol>
      <symbol id="sm-7ba">
         <name>USBHID_handleReceiveCompleted</name>
         <value>0x11bc6</value>
         <object_component_ref idref="oc-555"/>
      </symbol>
      <symbol id="sm-80f">
         <name>IEP0InterruptHandler</name>
         <value>0x1190e</value>
         <object_component_ref idref="oc-4c7"/>
      </symbol>
      <symbol id="sm-810">
         <name>OEP0InterruptHandler</name>
         <value>0x11508</value>
         <object_component_ref idref="oc-4c1"/>
      </symbol>
      <symbol id="sm-811">
         <name>__TI_int51</name>
         <value>0xffe6</value>
         <object_component_ref idref="oc-83"/>
      </symbol>
      <symbol id="sm-812">
         <name>PWRVBUSonHandler</name>
         <value>0x11106</value>
         <object_component_ref idref="oc-4a9"/>
      </symbol>
      <symbol id="sm-813">
         <name>SetupPacketInterruptHandler</name>
         <value>0x113a6</value>
         <object_component_ref idref="oc-45e"/>
      </symbol>
      <symbol id="sm-814">
         <name>PWRVBUSoffHandler</name>
         <value>0x10f04</value>
         <object_component_ref idref="oc-49d"/>
      </symbol>
      <symbol id="sm-815">
         <name>iUsbInterruptHandler</name>
         <value>0x4400</value>
         <object_component_ref idref="oc-400"/>
      </symbol>
      <symbol id="sm-847">
         <name>abromConfigurationDescriptorGroup</name>
         <value>0x4811</value>
         <object_component_ref idref="oc-7c2"/>
      </symbol>
      <symbol id="sm-848">
         <name>tUsbRequestList</name>
         <value>0x457e</value>
         <object_component_ref idref="oc-604"/>
      </symbol>
      <symbol id="sm-849">
         <name>abromDeviceDescriptor</name>
         <value>0x4878</value>
         <object_component_ref idref="oc-7c9"/>
      </symbol>
      <symbol id="sm-84a">
         <name>report_desc</name>
         <value>0x2b14</value>
         <object_component_ref idref="oc-7b8"/>
      </symbol>
      <symbol id="sm-84b">
         <name>abromStringDescriptor</name>
         <value>0x46ce</value>
         <object_component_ref idref="oc-7ce"/>
      </symbol>
      <symbol id="sm-84c">
         <name>report_desc_HID0</name>
         <value>0x47d2</value>
         <object_component_ref idref="oc-835"/>
      </symbol>
      <symbol id="sm-84d">
         <name>report_desc_size</name>
         <value>0x48f4</value>
         <object_component_ref idref="oc-7b5"/>
      </symbol>
      <symbol id="sm-84e">
         <name>report_len_input</name>
         <value>0x48f6</value>
         <object_component_ref idref="oc-86f"/>
      </symbol>
      <symbol id="sm-84f">
         <name>stUsbHandle</name>
         <value>0x48da</value>
         <object_component_ref idref="oc-54c"/>
      </symbol>
      <symbol id="sm-8a4">
         <name>DMA_setSrcAddress</name>
         <value>0x11718</value>
         <object_component_ref idref="oc-887"/>
      </symbol>
      <symbol id="sm-8a5">
         <name>DMA_disableTransferDuringReadModifyWrite</name>
         <value>0x11b88</value>
         <object_component_ref idref="oc-881"/>
      </symbol>
      <symbol id="sm-8a6">
         <name>DMA_setDstAddress</name>
         <value>0x116c8</value>
         <object_component_ref idref="oc-88d"/>
      </symbol>
      <symbol id="sm-8a7">
         <name>DMA_enableTransfers</name>
         <value>0x11af8</value>
         <object_component_ref idref="oc-89f"/>
      </symbol>
      <symbol id="sm-8a8">
         <name>DMA_disableTransfers</name>
         <value>0x11ae8</value>
         <object_component_ref idref="oc-8b1"/>
      </symbol>
      <symbol id="sm-8a9">
         <name>DMA_startTransfer</name>
         <value>0x11b26</value>
         <object_component_ref idref="oc-8a5"/>
      </symbol>
      <symbol id="sm-8aa">
         <name>DMA_setTransferSize</name>
         <value>0x11b50</value>
         <object_component_ref idref="oc-899"/>
      </symbol>
      <symbol id="sm-8ab">
         <name>DMA_getInterruptStatus</name>
         <value>0x11b18</value>
         <object_component_ref idref="oc-8ab"/>
      </symbol>
      <symbol id="sm-8ac">
         <name>DMA_enableTransferDuringReadModifyWrite</name>
         <value>0x11b8e</value>
         <object_component_ref idref="oc-893"/>
      </symbol>
      <symbol id="sm-8ad">
         <name>DMA_init</name>
         <value>0x110a4</value>
         <object_component_ref idref="oc-85d"/>
      </symbol>
      <symbol id="sm-8c5">
         <name>GPIO_setAsPeripheralModuleFunctionOutputPin</name>
         <value>0x116f0</value>
         <object_component_ref idref="oc-618"/>
      </symbol>
      <symbol id="sm-8f3">
         <name>PMM_setVCore</name>
         <value>0x1135c</value>
         <object_component_ref idref="oc-668"/>
      </symbol>
      <symbol id="sm-8f4">
         <name>PMM_setVCoreDown</name>
         <value>0x10990</value>
         <object_component_ref idref="oc-741"/>
      </symbol>
      <symbol id="sm-8f5">
         <name>PMM_setVCoreUp</name>
         <value>0x10440</value>
         <object_component_ref idref="oc-747"/>
      </symbol>
      <symbol id="sm-907">
         <name>SFR_clearInterrupt</name>
         <value>0x11b94</value>
         <object_component_ref idref="oc-4da"/>
      </symbol>
      <symbol id="sm-91f">
         <name>TLV_getInfo</name>
         <value>0x112c4</value>
         <object_component_ref idref="oc-84d"/>
      </symbol>
      <symbol id="sm-94c">
         <name>UCS_initClockSignal</name>
         <value>0x10a24</value>
         <object_component_ref idref="oc-844"/>
      </symbol>
      <symbol id="sm-94d">
         <name>UCS_clearFaultFlag</name>
         <value>0x11b9a</value>
         <object_component_ref idref="oc-4d4"/>
      </symbol>
      <symbol id="sm-94e">
         <name>UCS_turnOffXT2</name>
         <value>0x11b70</value>
         <object_component_ref idref="oc-567"/>
      </symbol>
      <symbol id="sm-94f">
         <name>UCS_turnOnXT2WithTimeout</name>
         <value>0x114c8</value>
         <object_component_ref idref="oc-61e"/>
      </symbol>
      <symbol id="sm-95c">
         <name>_stack</name>
         <value>0x4360</value>
         <object_component_ref idref="oc-3df"/>
      </symbol>
      <symbol id="sm-95d">
         <name>_reset_vector</name>
         <value>0xfffe</value>
         <object_component_ref idref="oc-3e2"/>
      </symbol>
      <symbol id="sm-967">
         <name>_c_int00_noargs_noexit</name>
         <value>0x455c</value>
         <object_component_ref idref="oc-ad"/>
      </symbol>
      <symbol id="sm-985">
         <name>__TI_decompress_lzss</name>
         <value>0x10d36</value>
         <object_component_ref idref="oc-6d"/>
      </symbol>
      <symbol id="sm-99b">
         <name>__TI_decompress_none</name>
         <value>0x11ab2</value>
         <object_component_ref idref="oc-73"/>
      </symbol>
      <symbol id="sm-9ae">
         <name>__TI_zero_init</name>
         <value>0x11764</value>
         <object_component_ref idref="oc-8f"/>
      </symbol>
      <symbol id="sm-9b9">
         <name>__mspabi_remu</name>
         <value>0x11a0c</value>
         <object_component_ref idref="oc-63a"/>
      </symbol>
      <symbol id="sm-9ba">
         <name>__mspabi_divu</name>
         <value>0x11a0c</value>
         <object_component_ref idref="oc-63a"/>
      </symbol>
      <symbol id="sm-9c6">
         <name>C$$EXIT</name>
         <value>0x11ba6</value>
         <object_component_ref idref="oc-43b"/>
      </symbol>
      <symbol id="sm-9c7">
         <name>abort</name>
         <value>0x11ba6</value>
         <object_component_ref idref="oc-43b"/>
      </symbol>
      <symbol id="sm-9cb">
         <name>__TI_int41</name>
         <value>0xffd2</value>
         <object_component_ref idref="oc-79"/>
      </symbol>
      <symbol id="sm-9ce">
         <name>__TI_int42</name>
         <value>0xffd4</value>
         <object_component_ref idref="oc-7a"/>
      </symbol>
      <symbol id="sm-9d1">
         <name>__TI_int43</name>
         <value>0xffd6</value>
         <object_component_ref idref="oc-7b"/>
      </symbol>
      <symbol id="sm-9d4">
         <name>__TI_int44</name>
         <value>0xffd8</value>
         <object_component_ref idref="oc-7c"/>
      </symbol>
      <symbol id="sm-9d7">
         <name>__TI_int45</name>
         <value>0xffda</value>
         <object_component_ref idref="oc-7d"/>
      </symbol>
      <symbol id="sm-9da">
         <name>__TI_int46</name>
         <value>0xffdc</value>
         <object_component_ref idref="oc-7e"/>
      </symbol>
      <symbol id="sm-9dd">
         <name>__TI_int47</name>
         <value>0xffde</value>
         <object_component_ref idref="oc-7f"/>
      </symbol>
      <symbol id="sm-9e0">
         <name>__TI_int48</name>
         <value>0xffe0</value>
         <object_component_ref idref="oc-80"/>
      </symbol>
      <symbol id="sm-9e3">
         <name>__TI_int49</name>
         <value>0xffe2</value>
         <object_component_ref idref="oc-81"/>
      </symbol>
      <symbol id="sm-9e6">
         <name>__TI_int50</name>
         <value>0xffe4</value>
         <object_component_ref idref="oc-82"/>
      </symbol>
      <symbol id="sm-9e9">
         <name>__TI_int52</name>
         <value>0xffe8</value>
         <object_component_ref idref="oc-84"/>
      </symbol>
      <symbol id="sm-9ec">
         <name>__TI_int53</name>
         <value>0xffea</value>
         <object_component_ref idref="oc-85"/>
      </symbol>
      <symbol id="sm-9ef">
         <name>__TI_int54</name>
         <value>0xffec</value>
         <object_component_ref idref="oc-86"/>
      </symbol>
      <symbol id="sm-9f2">
         <name>__TI_int55</name>
         <value>0xffee</value>
         <object_component_ref idref="oc-87"/>
      </symbol>
      <symbol id="sm-9f5">
         <name>__TI_int56</name>
         <value>0xfff0</value>
         <object_component_ref idref="oc-88"/>
      </symbol>
      <symbol id="sm-9f8">
         <name>__TI_int57</name>
         <value>0xfff2</value>
         <object_component_ref idref="oc-89"/>
      </symbol>
      <symbol id="sm-9fb">
         <name>__TI_int58</name>
         <value>0xfff4</value>
         <object_component_ref idref="oc-8a"/>
      </symbol>
      <symbol id="sm-9fe">
         <name>__TI_int59</name>
         <value>0xfff6</value>
         <object_component_ref idref="oc-8b"/>
      </symbol>
      <symbol id="sm-a01">
         <name>__TI_int60</name>
         <value>0xfff8</value>
         <object_component_ref idref="oc-8c"/>
      </symbol>
      <symbol id="sm-a04">
         <name>__TI_int62</name>
         <value>0xfffc</value>
         <object_component_ref idref="oc-8e"/>
      </symbol>
      <symbol id="sm-a0c">
         <name>__TI_ISR_TRAP</name>
         <value>0x4576</value>
         <object_component_ref idref="oc-3fb"/>
      </symbol>
      <symbol id="sm-a15">
         <name>__mspabi_slli</name>
         <value>0x11b5c</value>
         <object_component_ref idref="oc-635"/>
      </symbol>
      <symbol id="sm-a1e">
         <name>__mspabi_srli</name>
         <value>0x11b66</value>
         <object_component_ref idref="oc-63f"/>
      </symbol>
      <symbol id="sm-a2c">
         <name>memcpy</name>
         <value>0x11a76</value>
         <object_component_ref idref="oc-3ee"/>
      </symbol>
      <symbol id="sm-a3a">
         <name>memset</name>
         <value>0x119f6</value>
         <object_component_ref idref="oc-62b"/>
      </symbol>
      <symbol id="sm-a45">
         <name>__mspabi_mpyi_f5hw</name>
         <value>0x119c6</value>
         <object_component_ref idref="oc-530"/>
      </symbol>
      <symbol id="sm-a52">
         <name>_system_pre_init</name>
         <value>0x11bde</value>
         <object_component_ref idref="oc-413"/>
      </symbol>
      <symbol id="sm-a60">
         <name>strlen</name>
         <value>0x11b34</value>
         <object_component_ref idref="oc-76b"/>
      </symbol>
      <symbol id="sm-a85">
         <name>_auto_init_hold_wdt</name>
         <value>0x10bc4</value>
         <object_component_ref idref="oc-419"/>
      </symbol>
      <symbol id="sm-a9b">
         <name>copy_in</name>
         <value>0x10fdc</value>
         <object_component_ref idref="oc-4e4"/>
      </symbol>
      <symbol id="sm-aa6">
         <name>_system_post_cinit</name>
         <value>0x11be2</value>
         <object_component_ref idref="oc-4ea"/>
      </symbol>
      <symbol id="sm-aa8">
         <name>__TI_BINIT_Base</name>
         <value>0x0</value>
      </symbol>
      <symbol id="sm-aa9">
         <name>__TI_BINIT_Limit</name>
         <value>0x0</value>
      </symbol>
      <symbol id="sm-aaa">
         <name>__TI_INITARRAY_Base</name>
         <value>0x0</value>
      </symbol>
      <symbol id="sm-aab">
         <name>__TI_INITARRAY_Limit</name>
         <value>0x0</value>
      </symbol>
   </symbol_table>
   <title>Link successful</title>
</link_info>
