<?xml version="1.0"?>
<link_info>
   <banner>MSP430 Linker PC v16.9.6.LTS</banner>
   <copyright>Copyright (c) 2003-2017 Texas Instruments Incorporated</copyright>
   <link_time>0x5b3a4c5e</link_time>
   <link_errors>0x0</link_errors>
   <output_file>Button_Box_MSP430.out</output_file>
   <entry_point>
      <name>_c_int00_noargs_noexit</name>
      <address>0x459a</address>
   </entry_point>
   <input_file_list>
      <input_file id="fl-2">
         <path>.\</path>
         <kind>object</kind>
         <file>main.obj</file>
         <name>main.obj</name>
      </input_file>
      <input_file id="fl-3">
         <path>.\</path>
         <kind>object</kind>
         <file>usb_send.obj</file>
         <name>usb_send.obj</name>
      </input_file>
      <input_file id="fl-4">
         <path>.\MSPack\</path>
         <kind>object</kind>
         <file>i2c.obj</file>
         <name>i2c.obj</name>
      </input_file>
      <input_file id="fl-5">
         <path>.\MSPack\</path>
         <kind>object</kind>
         <file>io_analog.obj</file>
         <name>io_analog.obj</name>
      </input_file>
      <input_file id="fl-6">
         <path>.\MSPack\</path>
         <kind>object</kind>
         <file>io_digital.obj</file>
         <name>io_digital.obj</name>
      </input_file>
      <input_file id="fl-7">
         <path>.\MSPack\</path>
         <kind>object</kind>
         <file>lcd.obj</file>
         <name>lcd.obj</name>
      </input_file>
      <input_file id="fl-8">
         <path>.\USB_API\USB_CDC_API\</path>
         <kind>object</kind>
         <file>UsbCdc.obj</file>
         <name>UsbCdc.obj</name>
      </input_file>
      <input_file id="fl-9">
         <path>.\USB_API\USB_Common\</path>
         <kind>object</kind>
         <file>usb.obj</file>
         <name>usb.obj</name>
      </input_file>
      <input_file id="fl-a">
         <path>.\USB_API\USB_Common\</path>
         <kind>object</kind>
         <file>usbdma.obj</file>
         <name>usbdma.obj</name>
      </input_file>
      <input_file id="fl-b">
         <path>.\USB_API\USB_HID_API\</path>
         <kind>object</kind>
         <file>UsbHid.obj</file>
         <name>UsbHid.obj</name>
      </input_file>
      <input_file id="fl-c">
         <path>.\USB_API\USB_HID_API\</path>
         <kind>object</kind>
         <file>UsbHidReq.obj</file>
         <name>UsbHidReq.obj</name>
      </input_file>
      <input_file id="fl-d">
         <path>.\USB_API\USB_MSC_API\</path>
         <kind>object</kind>
         <file>UsbMscReq.obj</file>
         <name>UsbMscReq.obj</name>
      </input_file>
      <input_file id="fl-e">
         <path>.\USB_API\USB_MSC_API\</path>
         <kind>object</kind>
         <file>UsbMscScsi.obj</file>
         <name>UsbMscScsi.obj</name>
      </input_file>
      <input_file id="fl-f">
         <path>.\USB_API\USB_MSC_API\</path>
         <kind>object</kind>
         <file>UsbMscStateMachine.obj</file>
         <name>UsbMscStateMachine.obj</name>
      </input_file>
      <input_file id="fl-10">
         <path>.\USB_API\USB_PHDC_API\</path>
         <kind>object</kind>
         <file>UsbPHDC.obj</file>
         <name>UsbPHDC.obj</name>
      </input_file>
      <input_file id="fl-11">
         <path>.\USB_app\</path>
         <kind>object</kind>
         <file>keyboard.obj</file>
         <name>keyboard.obj</name>
      </input_file>
      <input_file id="fl-12">
         <path>.\USB_app\</path>
         <kind>object</kind>
         <file>usbConstructs.obj</file>
         <name>usbConstructs.obj</name>
      </input_file>
      <input_file id="fl-13">
         <path>.\USB_app\</path>
         <kind>object</kind>
         <file>usbEventHandling.obj</file>
         <name>usbEventHandling.obj</name>
      </input_file>
      <input_file id="fl-14">
         <path>.\USB_config\</path>
         <kind>object</kind>
         <file>UsbIsr.obj</file>
         <name>UsbIsr.obj</name>
      </input_file>
      <input_file id="fl-15">
         <path>.\USB_config\</path>
         <kind>object</kind>
         <file>descriptors.obj</file>
         <name>descriptors.obj</name>
      </input_file>
      <input_file id="fl-16">
         <path>.\driverlib\MSP430F5xx_6xx\</path>
         <kind>object</kind>
         <file>adc10_a.obj</file>
         <name>adc10_a.obj</name>
      </input_file>
      <input_file id="fl-17">
         <path>.\driverlib\MSP430F5xx_6xx\</path>
         <kind>object</kind>
         <file>adc12_a.obj</file>
         <name>adc12_a.obj</name>
      </input_file>
      <input_file id="fl-18">
         <path>.\driverlib\MSP430F5xx_6xx\</path>
         <kind>object</kind>
         <file>aes.obj</file>
         <name>aes.obj</name>
      </input_file>
      <input_file id="fl-19">
         <path>.\driverlib\MSP430F5xx_6xx\</path>
         <kind>object</kind>
         <file>battbak.obj</file>
         <name>battbak.obj</name>
      </input_file>
      <input_file id="fl-1a">
         <path>.\driverlib\MSP430F5xx_6xx\</path>
         <kind>object</kind>
         <file>comp_b.obj</file>
         <name>comp_b.obj</name>
      </input_file>
      <input_file id="fl-1b">
         <path>.\driverlib\MSP430F5xx_6xx\</path>
         <kind>object</kind>
         <file>crc.obj</file>
         <name>crc.obj</name>
      </input_file>
      <input_file id="fl-1c">
         <path>.\driverlib\MSP430F5xx_6xx\</path>
         <kind>object</kind>
         <file>ctsd16.obj</file>
         <name>ctsd16.obj</name>
      </input_file>
      <input_file id="fl-1d">
         <path>.\driverlib\MSP430F5xx_6xx\</path>
         <kind>object</kind>
         <file>dac12_a.obj</file>
         <name>dac12_a.obj</name>
      </input_file>
      <input_file id="fl-1e">
         <path>.\driverlib\MSP430F5xx_6xx\</path>
         <kind>object</kind>
         <file>dma.obj</file>
         <name>dma.obj</name>
      </input_file>
      <input_file id="fl-1f">
         <path>.\driverlib\MSP430F5xx_6xx\</path>
         <kind>object</kind>
         <file>eusci_a_spi.obj</file>
         <name>eusci_a_spi.obj</name>
      </input_file>
      <input_file id="fl-20">
         <path>.\driverlib\MSP430F5xx_6xx\</path>
         <kind>object</kind>
         <file>eusci_a_uart.obj</file>
         <name>eusci_a_uart.obj</name>
      </input_file>
      <input_file id="fl-21">
         <path>.\driverlib\MSP430F5xx_6xx\</path>
         <kind>object</kind>
         <file>eusci_b_i2c.obj</file>
         <name>eusci_b_i2c.obj</name>
      </input_file>
      <input_file id="fl-22">
         <path>.\driverlib\MSP430F5xx_6xx\</path>
         <kind>object</kind>
         <file>eusci_b_spi.obj</file>
         <name>eusci_b_spi.obj</name>
      </input_file>
      <input_file id="fl-23">
         <path>.\driverlib\MSP430F5xx_6xx\</path>
         <kind>object</kind>
         <file>flashctl.obj</file>
         <name>flashctl.obj</name>
      </input_file>
      <input_file id="fl-24">
         <path>.\driverlib\MSP430F5xx_6xx\</path>
         <kind>object</kind>
         <file>gpio.obj</file>
         <name>gpio.obj</name>
      </input_file>
      <input_file id="fl-25">
         <path>.\driverlib\MSP430F5xx_6xx\</path>
         <kind>object</kind>
         <file>lcd_b.obj</file>
         <name>lcd_b.obj</name>
      </input_file>
      <input_file id="fl-26">
         <path>.\driverlib\MSP430F5xx_6xx\</path>
         <kind>object</kind>
         <file>ldopwr.obj</file>
         <name>ldopwr.obj</name>
      </input_file>
      <input_file id="fl-27">
         <path>.\driverlib\MSP430F5xx_6xx\</path>
         <kind>object</kind>
         <file>mpy32.obj</file>
         <name>mpy32.obj</name>
      </input_file>
      <input_file id="fl-28">
         <path>.\driverlib\MSP430F5xx_6xx\</path>
         <kind>object</kind>
         <file>oa.obj</file>
         <name>oa.obj</name>
      </input_file>
      <input_file id="fl-29">
         <path>.\driverlib\MSP430F5xx_6xx\</path>
         <kind>object</kind>
         <file>pmap.obj</file>
         <name>pmap.obj</name>
      </input_file>
      <input_file id="fl-2a">
         <path>.\driverlib\MSP430F5xx_6xx\</path>
         <kind>object</kind>
         <file>pmm.obj</file>
         <name>pmm.obj</name>
      </input_file>
      <input_file id="fl-2b">
         <path>.\driverlib\MSP430F5xx_6xx\</path>
         <kind>object</kind>
         <file>ram.obj</file>
         <name>ram.obj</name>
      </input_file>
      <input_file id="fl-2c">
         <path>.\driverlib\MSP430F5xx_6xx\</path>
         <kind>object</kind>
         <file>ref.obj</file>
         <name>ref.obj</name>
      </input_file>
      <input_file id="fl-2d">
         <path>.\driverlib\MSP430F5xx_6xx\</path>
         <kind>object</kind>
         <file>rtc_a.obj</file>
         <name>rtc_a.obj</name>
      </input_file>
      <input_file id="fl-2e">
         <path>.\driverlib\MSP430F5xx_6xx\</path>
         <kind>object</kind>
         <file>rtc_b.obj</file>
         <name>rtc_b.obj</name>
      </input_file>
      <input_file id="fl-2f">
         <path>.\driverlib\MSP430F5xx_6xx\</path>
         <kind>object</kind>
         <file>rtc_c.obj</file>
         <name>rtc_c.obj</name>
      </input_file>
      <input_file id="fl-30">
         <path>.\driverlib\MSP430F5xx_6xx\</path>
         <kind>object</kind>
         <file>sd24_b.obj</file>
         <name>sd24_b.obj</name>
      </input_file>
      <input_file id="fl-31">
         <path>.\driverlib\MSP430F5xx_6xx\</path>
         <kind>object</kind>
         <file>sfr.obj</file>
         <name>sfr.obj</name>
      </input_file>
      <input_file id="fl-32">
         <path>.\driverlib\MSP430F5xx_6xx\</path>
         <kind>object</kind>
         <file>sysctl.obj</file>
         <name>sysctl.obj</name>
      </input_file>
      <input_file id="fl-33">
         <path>.\driverlib\MSP430F5xx_6xx\</path>
         <kind>object</kind>
         <file>tec.obj</file>
         <name>tec.obj</name>
      </input_file>
      <input_file id="fl-34">
         <path>.\driverlib\MSP430F5xx_6xx\</path>
         <kind>object</kind>
         <file>timer_a.obj</file>
         <name>timer_a.obj</name>
      </input_file>
      <input_file id="fl-35">
         <path>.\driverlib\MSP430F5xx_6xx\</path>
         <kind>object</kind>
         <file>timer_b.obj</file>
         <name>timer_b.obj</name>
      </input_file>
      <input_file id="fl-36">
         <path>.\driverlib\MSP430F5xx_6xx\</path>
         <kind>object</kind>
         <file>timer_d.obj</file>
         <name>timer_d.obj</name>
      </input_file>
      <input_file id="fl-37">
         <path>.\driverlib\MSP430F5xx_6xx\</path>
         <kind>object</kind>
         <file>tlv.obj</file>
         <name>tlv.obj</name>
      </input_file>
      <input_file id="fl-38">
         <path>.\driverlib\MSP430F5xx_6xx\</path>
         <kind>object</kind>
         <file>ucs.obj</file>
         <name>ucs.obj</name>
      </input_file>
      <input_file id="fl-39">
         <path>.\driverlib\MSP430F5xx_6xx\</path>
         <kind>object</kind>
         <file>usci_a_spi.obj</file>
         <name>usci_a_spi.obj</name>
      </input_file>
      <input_file id="fl-3a">
         <path>.\driverlib\MSP430F5xx_6xx\</path>
         <kind>object</kind>
         <file>usci_a_uart.obj</file>
         <name>usci_a_uart.obj</name>
      </input_file>
      <input_file id="fl-3b">
         <path>.\driverlib\MSP430F5xx_6xx\</path>
         <kind>object</kind>
         <file>usci_b_i2c.obj</file>
         <name>usci_b_i2c.obj</name>
      </input_file>
      <input_file id="fl-3c">
         <path>.\driverlib\MSP430F5xx_6xx\</path>
         <kind>object</kind>
         <file>usci_b_spi.obj</file>
         <name>usci_b_spi.obj</name>
      </input_file>
      <input_file id="fl-3d">
         <path>.\driverlib\MSP430F5xx_6xx\</path>
         <kind>object</kind>
         <file>wdt_a.obj</file>
         <name>wdt_a.obj</name>
      </input_file>
      <input_file id="fl-44">
         <kind>object</kind>
         <file>&lt;internal&gt;</file>
         <name>&lt;internal&gt;</name>
      </input_file>
      <input_file id="fl-5f">
         <path>C:\ti\ccsv7\tools\compiler\ti-cgt-msp430_16.9.6.LTS\lib\</path>
         <kind>archive</kind>
         <file>rts430x_lc_rd_eabi.lib</file>
         <name>boot.obj</name>
      </input_file>
      <input_file id="fl-60">
         <path>C:\ti\ccsv7\tools\compiler\ti-cgt-msp430_16.9.6.LTS\lib\</path>
         <kind>archive</kind>
         <file>rts430x_lc_rd_eabi.lib</file>
         <name>boot_special.obj</name>
      </input_file>
      <input_file id="fl-61">
         <path>C:\ti\ccsv7\tools\compiler\ti-cgt-msp430_16.9.6.LTS\lib\</path>
         <kind>archive</kind>
         <file>rts430x_lc_rd_eabi.lib</file>
         <name>copy_decompress_lzss.obj</name>
      </input_file>
      <input_file id="fl-62">
         <path>C:\ti\ccsv7\tools\compiler\ti-cgt-msp430_16.9.6.LTS\lib\</path>
         <kind>archive</kind>
         <file>rts430x_lc_rd_eabi.lib</file>
         <name>copy_decompress_none.obj</name>
      </input_file>
      <input_file id="fl-63">
         <path>C:\ti\ccsv7\tools\compiler\ti-cgt-msp430_16.9.6.LTS\lib\</path>
         <kind>archive</kind>
         <file>rts430x_lc_rd_eabi.lib</file>
         <name>copy_zero_init.obj</name>
      </input_file>
      <input_file id="fl-64">
         <path>C:\ti\ccsv7\tools\compiler\ti-cgt-msp430_16.9.6.LTS\lib\</path>
         <kind>archive</kind>
         <file>rts430x_lc_rd_eabi.lib</file>
         <name>div16s.obj</name>
      </input_file>
      <input_file id="fl-65">
         <path>C:\ti\ccsv7\tools\compiler\ti-cgt-msp430_16.9.6.LTS\lib\</path>
         <kind>archive</kind>
         <file>rts430x_lc_rd_eabi.lib</file>
         <name>div16u.obj</name>
      </input_file>
      <input_file id="fl-66">
         <path>C:\ti\ccsv7\tools\compiler\ti-cgt-msp430_16.9.6.LTS\lib\</path>
         <kind>archive</kind>
         <file>rts430x_lc_rd_eabi.lib</file>
         <name>div32s.obj</name>
      </input_file>
      <input_file id="fl-67">
         <path>C:\ti\ccsv7\tools\compiler\ti-cgt-msp430_16.9.6.LTS\lib\</path>
         <kind>archive</kind>
         <file>rts430x_lc_rd_eabi.lib</file>
         <name>div32u.obj</name>
      </input_file>
      <input_file id="fl-68">
         <path>C:\ti\ccsv7\tools\compiler\ti-cgt-msp430_16.9.6.LTS\lib\</path>
         <kind>archive</kind>
         <file>rts430x_lc_rd_eabi.lib</file>
         <name>exit.obj</name>
      </input_file>
      <input_file id="fl-69">
         <path>C:\ti\ccsv7\tools\compiler\ti-cgt-msp430_16.9.6.LTS\lib\</path>
         <kind>archive</kind>
         <file>rts430x_lc_rd_eabi.lib</file>
         <name>exit_gvars.obj</name>
      </input_file>
      <input_file id="fl-6a">
         <path>C:\ti\ccsv7\tools\compiler\ti-cgt-msp430_16.9.6.LTS\lib\</path>
         <kind>archive</kind>
         <file>rts430x_lc_rd_eabi.lib</file>
         <name>int41.obj</name>
      </input_file>
      <input_file id="fl-6b">
         <path>C:\ti\ccsv7\tools\compiler\ti-cgt-msp430_16.9.6.LTS\lib\</path>
         <kind>archive</kind>
         <file>rts430x_lc_rd_eabi.lib</file>
         <name>int42.obj</name>
      </input_file>
      <input_file id="fl-6c">
         <path>C:\ti\ccsv7\tools\compiler\ti-cgt-msp430_16.9.6.LTS\lib\</path>
         <kind>archive</kind>
         <file>rts430x_lc_rd_eabi.lib</file>
         <name>int43.obj</name>
      </input_file>
      <input_file id="fl-6d">
         <path>C:\ti\ccsv7\tools\compiler\ti-cgt-msp430_16.9.6.LTS\lib\</path>
         <kind>archive</kind>
         <file>rts430x_lc_rd_eabi.lib</file>
         <name>int44.obj</name>
      </input_file>
      <input_file id="fl-6e">
         <path>C:\ti\ccsv7\tools\compiler\ti-cgt-msp430_16.9.6.LTS\lib\</path>
         <kind>archive</kind>
         <file>rts430x_lc_rd_eabi.lib</file>
         <name>int45.obj</name>
      </input_file>
      <input_file id="fl-6f">
         <path>C:\ti\ccsv7\tools\compiler\ti-cgt-msp430_16.9.6.LTS\lib\</path>
         <kind>archive</kind>
         <file>rts430x_lc_rd_eabi.lib</file>
         <name>int46.obj</name>
      </input_file>
      <input_file id="fl-70">
         <path>C:\ti\ccsv7\tools\compiler\ti-cgt-msp430_16.9.6.LTS\lib\</path>
         <kind>archive</kind>
         <file>rts430x_lc_rd_eabi.lib</file>
         <name>int47.obj</name>
      </input_file>
      <input_file id="fl-71">
         <path>C:\ti\ccsv7\tools\compiler\ti-cgt-msp430_16.9.6.LTS\lib\</path>
         <kind>archive</kind>
         <file>rts430x_lc_rd_eabi.lib</file>
         <name>int48.obj</name>
      </input_file>
      <input_file id="fl-72">
         <path>C:\ti\ccsv7\tools\compiler\ti-cgt-msp430_16.9.6.LTS\lib\</path>
         <kind>archive</kind>
         <file>rts430x_lc_rd_eabi.lib</file>
         <name>int49.obj</name>
      </input_file>
      <input_file id="fl-73">
         <path>C:\ti\ccsv7\tools\compiler\ti-cgt-msp430_16.9.6.LTS\lib\</path>
         <kind>archive</kind>
         <file>rts430x_lc_rd_eabi.lib</file>
         <name>int50.obj</name>
      </input_file>
      <input_file id="fl-74">
         <path>C:\ti\ccsv7\tools\compiler\ti-cgt-msp430_16.9.6.LTS\lib\</path>
         <kind>archive</kind>
         <file>rts430x_lc_rd_eabi.lib</file>
         <name>int52.obj</name>
      </input_file>
      <input_file id="fl-75">
         <path>C:\ti\ccsv7\tools\compiler\ti-cgt-msp430_16.9.6.LTS\lib\</path>
         <kind>archive</kind>
         <file>rts430x_lc_rd_eabi.lib</file>
         <name>int54.obj</name>
      </input_file>
      <input_file id="fl-76">
         <path>C:\ti\ccsv7\tools\compiler\ti-cgt-msp430_16.9.6.LTS\lib\</path>
         <kind>archive</kind>
         <file>rts430x_lc_rd_eabi.lib</file>
         <name>int55.obj</name>
      </input_file>
      <input_file id="fl-77">
         <path>C:\ti\ccsv7\tools\compiler\ti-cgt-msp430_16.9.6.LTS\lib\</path>
         <kind>archive</kind>
         <file>rts430x_lc_rd_eabi.lib</file>
         <name>int56.obj</name>
      </input_file>
      <input_file id="fl-78">
         <path>C:\ti\ccsv7\tools\compiler\ti-cgt-msp430_16.9.6.LTS\lib\</path>
         <kind>archive</kind>
         <file>rts430x_lc_rd_eabi.lib</file>
         <name>int57.obj</name>
      </input_file>
      <input_file id="fl-79">
         <path>C:\ti\ccsv7\tools\compiler\ti-cgt-msp430_16.9.6.LTS\lib\</path>
         <kind>archive</kind>
         <file>rts430x_lc_rd_eabi.lib</file>
         <name>int58.obj</name>
      </input_file>
      <input_file id="fl-7a">
         <path>C:\ti\ccsv7\tools\compiler\ti-cgt-msp430_16.9.6.LTS\lib\</path>
         <kind>archive</kind>
         <file>rts430x_lc_rd_eabi.lib</file>
         <name>int59.obj</name>
      </input_file>
      <input_file id="fl-7b">
         <path>C:\ti\ccsv7\tools\compiler\ti-cgt-msp430_16.9.6.LTS\lib\</path>
         <kind>archive</kind>
         <file>rts430x_lc_rd_eabi.lib</file>
         <name>int60.obj</name>
      </input_file>
      <input_file id="fl-7c">
         <path>C:\ti\ccsv7\tools\compiler\ti-cgt-msp430_16.9.6.LTS\lib\</path>
         <kind>archive</kind>
         <file>rts430x_lc_rd_eabi.lib</file>
         <name>int62.obj</name>
      </input_file>
      <input_file id="fl-7d">
         <path>C:\ti\ccsv7\tools\compiler\ti-cgt-msp430_16.9.6.LTS\lib\</path>
         <kind>archive</kind>
         <file>rts430x_lc_rd_eabi.lib</file>
         <name>isr_trap.obj</name>
      </input_file>
      <input_file id="fl-7e">
         <path>C:\ti\ccsv7\tools\compiler\ti-cgt-msp430_16.9.6.LTS\lib\</path>
         <kind>archive</kind>
         <file>rts430x_lc_rd_eabi.lib</file>
         <name>lsl16.obj</name>
      </input_file>
      <input_file id="fl-7f">
         <path>C:\ti\ccsv7\tools\compiler\ti-cgt-msp430_16.9.6.LTS\lib\</path>
         <kind>archive</kind>
         <file>rts430x_lc_rd_eabi.lib</file>
         <name>lsl32.obj</name>
      </input_file>
      <input_file id="fl-80">
         <path>C:\ti\ccsv7\tools\compiler\ti-cgt-msp430_16.9.6.LTS\lib\</path>
         <kind>archive</kind>
         <file>rts430x_lc_rd_eabi.lib</file>
         <name>lsr16.obj</name>
      </input_file>
      <input_file id="fl-81">
         <path>C:\ti\ccsv7\tools\compiler\ti-cgt-msp430_16.9.6.LTS\lib\</path>
         <kind>archive</kind>
         <file>rts430x_lc_rd_eabi.lib</file>
         <name>lsr32.obj</name>
      </input_file>
      <input_file id="fl-82">
         <path>C:\ti\ccsv7\tools\compiler\ti-cgt-msp430_16.9.6.LTS\lib\</path>
         <kind>archive</kind>
         <file>rts430x_lc_rd_eabi.lib</file>
         <name>memcpy.obj</name>
      </input_file>
      <input_file id="fl-83">
         <path>C:\ti\ccsv7\tools\compiler\ti-cgt-msp430_16.9.6.LTS\lib\</path>
         <kind>archive</kind>
         <file>rts430x_lc_rd_eabi.lib</file>
         <name>memset.obj</name>
      </input_file>
      <input_file id="fl-84">
         <path>C:\ti\ccsv7\tools\compiler\ti-cgt-msp430_16.9.6.LTS\lib\</path>
         <kind>archive</kind>
         <file>rts430x_lc_rd_eabi.lib</file>
         <name>mpu_init.obj</name>
      </input_file>
      <input_file id="fl-85">
         <path>C:\ti\ccsv7\tools\compiler\ti-cgt-msp430_16.9.6.LTS\lib\</path>
         <kind>archive</kind>
         <file>rts430x_lc_rd_eabi.lib</file>
         <name>mult16.obj</name>
      </input_file>
      <input_file id="fl-86">
         <path>C:\ti\ccsv7\tools\compiler\ti-cgt-msp430_16.9.6.LTS\lib\</path>
         <kind>archive</kind>
         <file>rts430x_lc_rd_eabi.lib</file>
         <name>mult1632_f5hw.obj</name>
      </input_file>
      <input_file id="fl-87">
         <path>C:\ti\ccsv7\tools\compiler\ti-cgt-msp430_16.9.6.LTS\lib\</path>
         <kind>archive</kind>
         <file>rts430x_lc_rd_eabi.lib</file>
         <name>mult16_f5hw.obj</name>
      </input_file>
      <input_file id="fl-88">
         <path>C:\ti\ccsv7\tools\compiler\ti-cgt-msp430_16.9.6.LTS\lib\</path>
         <kind>archive</kind>
         <file>rts430x_lc_rd_eabi.lib</file>
         <name>mult32.obj</name>
      </input_file>
      <input_file id="fl-89">
         <path>C:\ti\ccsv7\tools\compiler\ti-cgt-msp430_16.9.6.LTS\lib\</path>
         <kind>archive</kind>
         <file>rts430x_lc_rd_eabi.lib</file>
         <name>mult3264_f5hw.obj</name>
      </input_file>
      <input_file id="fl-8a">
         <path>C:\ti\ccsv7\tools\compiler\ti-cgt-msp430_16.9.6.LTS\lib\</path>
         <kind>archive</kind>
         <file>rts430x_lc_rd_eabi.lib</file>
         <name>mult32_f5hw.obj</name>
      </input_file>
      <input_file id="fl-8b">
         <path>C:\ti\ccsv7\tools\compiler\ti-cgt-msp430_16.9.6.LTS\lib\</path>
         <kind>archive</kind>
         <file>rts430x_lc_rd_eabi.lib</file>
         <name>mult64_f5hw.obj</name>
      </input_file>
      <input_file id="fl-8c">
         <path>C:\ti\ccsv7\tools\compiler\ti-cgt-msp430_16.9.6.LTS\lib\</path>
         <kind>archive</kind>
         <file>rts430x_lc_rd_eabi.lib</file>
         <name>pre_init.obj</name>
      </input_file>
      <input_file id="fl-8d">
         <path>C:\ti\ccsv7\tools\compiler\ti-cgt-msp430_16.9.6.LTS\lib\</path>
         <kind>archive</kind>
         <file>rts430x_lc_rd_eabi.lib</file>
         <name>snprintf.obj</name>
      </input_file>
      <input_file id="fl-8e">
         <path>C:\ti\ccsv7\tools\compiler\ti-cgt-msp430_16.9.6.LTS\lib\</path>
         <kind>archive</kind>
         <file>rts430x_lc_rd_eabi.lib</file>
         <name>strcat.obj</name>
      </input_file>
      <input_file id="fl-8f">
         <path>C:\ti\ccsv7\tools\compiler\ti-cgt-msp430_16.9.6.LTS\lib\</path>
         <kind>archive</kind>
         <file>rts430x_lc_rd_eabi.lib</file>
         <name>strcmp.obj</name>
      </input_file>
      <input_file id="fl-90">
         <path>C:\ti\ccsv7\tools\compiler\ti-cgt-msp430_16.9.6.LTS\lib\</path>
         <kind>archive</kind>
         <file>rts430x_lc_rd_eabi.lib</file>
         <name>strlen.obj</name>
      </input_file>
      <input_file id="fl-91">
         <path>C:\ti\ccsv7\tools\compiler\ti-cgt-msp430_16.9.6.LTS\lib\</path>
         <kind>archive</kind>
         <file>rts430x_lc_rd_eabi.lib</file>
         <name>strncpy.obj</name>
      </input_file>
      <input_file id="fl-92">
         <path>C:\ti\ccsv7\tools\compiler\ti-cgt-msp430_16.9.6.LTS\lib\</path>
         <kind>archive</kind>
         <file>rts430x_lc_rd_eabi.lib</file>
         <name>_lock.obj</name>
      </input_file>
      <input_file id="fl-93">
         <path>C:\ti\ccsv7\tools\compiler\ti-cgt-msp430_16.9.6.LTS\lib\</path>
         <kind>archive</kind>
         <file>rts430x_lc_rd_eabi.lib</file>
         <name>_printfi_min.obj</name>
      </input_file>
      <input_file id="fl-94">
         <path>C:\ti\ccsv7\tools\compiler\ti-cgt-msp430_16.9.6.LTS\lib\</path>
         <kind>archive</kind>
         <file>rts430x_lc_rd_eabi.lib</file>
         <name>args_main.obj</name>
      </input_file>
      <input_file id="fl-95">
         <path>C:\ti\ccsv7\tools\compiler\ti-cgt-msp430_16.9.6.LTS\lib\</path>
         <kind>archive</kind>
         <file>rts430x_lc_rd_eabi.lib</file>
         <name>autoinit_wdt.obj</name>
      </input_file>
      <input_file id="fl-96">
         <path>C:\ti\ccsv7\tools\compiler\ti-cgt-msp430_16.9.6.LTS\lib\</path>
         <kind>archive</kind>
         <file>rts430x_lc_rd_eabi.lib</file>
         <name>cpy_tbl.obj</name>
      </input_file>
      <input_file id="fl-97">
         <path>C:\ti\ccsv7\tools\compiler\ti-cgt-msp430_16.9.6.LTS\lib\</path>
         <kind>archive</kind>
         <file>rts430x_lc_rd_eabi.lib</file>
         <name>lsr64.obj</name>
      </input_file>
      <input_file id="fl-98">
         <path>C:\ti\ccsv7\tools\compiler\ti-cgt-msp430_16.9.6.LTS\lib\</path>
         <kind>archive</kind>
         <file>rts430x_lc_rd_eabi.lib</file>
         <name>memccpy.obj</name>
      </input_file>
      <input_file id="fl-99">
         <path>C:\ti\ccsv7\tools\compiler\ti-cgt-msp430_16.9.6.LTS\lib\</path>
         <kind>archive</kind>
         <file>rts430x_lc_rd_eabi.lib</file>
         <name>startup.obj</name>
      </input_file>
   </input_file_list>
   <object_component_list>
      <object_component id="oc-6d7">
         <name>.bss:CdcControl</name>
         <uninitialized>true</uninitialized>
         <run_address>0x2c0a</run_address>
         <size>0x8</size>
         <input_file_ref idref="fl-8"/>
      </object_component>
      <object_component id="oc-5cd">
         <name>.bss</name>
         <uninitialized>true</uninitialized>
         <run_address>0x2bc8</run_address>
         <size>0x10</size>
         <input_file_ref idref="fl-9"/>
      </object_component>
      <object_component id="oc-5f1">
         <name>.bss:HidWriteCtrl</name>
         <uninitialized>true</uninitialized>
         <run_address>0x2c00</run_address>
         <size>0xa</size>
         <input_file_ref idref="fl-b"/>
      </object_component>
      <object_component id="oc-560">
         <name>.bss:HidReadCtrl</name>
         <uninitialized>true</uninitialized>
         <run_address>0x2b94</run_address>
         <size>0x1a</size>
         <input_file_ref idref="fl-b"/>
      </object_component>
      <object_component id="oc-86a">
         <name>.bss:keyUnion</name>
         <uninitialized>true</uninitialized>
         <run_address>0x2c12</run_address>
         <size>0x8</size>
         <input_file_ref idref="fl-11"/>
      </object_component>
      <object_component id="oc-79d">
         <name>.common:buttons_old</name>
         <uninitialized>true</uninitialized>
         <run_address>0x2be6</run_address>
         <size>0xe</size>
      </object_component>
      <object_component id="oc-682">
         <name>.common:buttons_new</name>
         <uninitialized>true</uninitialized>
         <run_address>0x2bd8</run_address>
         <size>0xe</size>
      </object_component>
      <object_component id="oc-5fe">
         <name>.common:CdcWriteCtrl</name>
         <uninitialized>true</uninitialized>
         <run_address>0x2bf4</run_address>
         <size>0xc</size>
      </object_component>
      <object_component id="oc-58f">
         <name>.common:CdcReadCtrl</name>
         <uninitialized>true</uninitialized>
         <run_address>0x2bae</run_address>
         <size>0x1a</size>
      </object_component>
      <object_component id="oc-5d0">
         <name>.common:wBytesRemainingOnIEP0</name>
         <uninitialized>true</uninitialized>
         <run_address>0x2c32</run_address>
         <size>0x2</size>
      </object_component>
      <object_component id="oc-5d1">
         <name>.common:wBytesRemainingOnOEP0</name>
         <uninitialized>true</uninitialized>
         <run_address>0x2c34</run_address>
         <size>0x2</size>
      </object_component>
      <object_component id="oc-54e">
         <name>.common:abUsbRequestReturnData</name>
         <uninitialized>true</uninitialized>
         <run_address>0x2c22</run_address>
         <size>0x8</size>
      </object_component>
      <object_component id="oc-6f3">
         <name>.common:abUsbRequestIncomingData</name>
         <uninitialized>true</uninitialized>
         <run_address>0x2c1a</run_address>
         <size>0x8</size>
      </object_component>
      <object_component id="oc-923">
         <name>.common:abramSerialStringDescriptor</name>
         <uninitialized>true</uninitialized>
         <run_address>0x2b72</run_address>
         <size>0x22</size>
      </object_component>
      <object_component id="oc-54d">
         <name>.common:bStatusAction</name>
         <uninitialized>true</uninitialized>
         <run_address>0x2c38</run_address>
         <size>0x1</size>
      </object_component>
      <object_component id="oc-470">
         <name>.common:wUsbEventMask</name>
         <uninitialized>true</uninitialized>
         <run_address>0x2c36</run_address>
         <size>0x2</size>
      </object_component>
      <object_component id="oc-5fa">
         <name>.common:USB_TX_memcpy</name>
         <uninitialized>true</uninitialized>
         <run_address>0x2c2e</run_address>
         <size>0x4</size>
      </object_component>
      <object_component id="oc-696">
         <name>.common:USB_RX_memcpy</name>
         <uninitialized>true</uninitialized>
         <run_address>0x2c2a</run_address>
         <size>0x4</size>
      </object_component>
      <object_component id="oc-666">
         <name>.data:buttons_addr</name>
         <load_address>0x2b4e</load_address>
         <run_address>0x2b4e</run_address>
         <size>0xc</size>
         <input_file_ref idref="fl-2"/>
      </object_component>
      <object_component id="oc-79e">
         <name>.data:buttons_command_buf_1</name>
         <load_address>0x2400</load_address>
         <run_address>0x2400</run_address>
         <size>0x700</size>
         <input_file_ref idref="fl-2"/>
      </object_component>
      <object_component id="oc-57b">
         <name>.data</name>
         <load_address>0x2b62</load_address>
         <run_address>0x2b62</run_address>
         <size>0x8</size>
         <input_file_ref idref="fl-3"/>
      </object_component>
      <object_component id="oc-787">
         <name>.data:Timer_A_params</name>
         <load_address>0x2b40</load_address>
         <run_address>0x2b40</run_address>
         <size>0xe</size>
         <input_file_ref idref="fl-3"/>
      </object_component>
      <object_component id="oc-758">
         <name>.data:wholeString</name>
         <load_address>0x2b00</load_address>
         <run_address>0x2b00</run_address>
         <size>0x40</size>
         <input_file_ref idref="fl-3"/>
      </object_component>
      <object_component id="oc-5a5">
         <name>.data</name>
         <load_address>0x2b5a</load_address>
         <run_address>0x2b5a</run_address>
         <size>0x8</size>
         <input_file_ref idref="fl-9"/>
      </object_component>
      <object_component id="oc-6d3">
         <name>.data:hidProtocol</name>
         <load_address>0x2b70</load_address>
         <run_address>0x2b70</run_address>
         <size>0x1</size>
         <input_file_ref idref="fl-b"/>
      </object_component>
      <object_component id="oc-8eb">
         <name>.data:hidIdleRate</name>
         <load_address>0x2b6e</load_address>
         <run_address>0x2b6e</run_address>
         <size>0x1</size>
         <input_file_ref idref="fl-b"/>
      </object_component>
      <object_component id="oc-90a">
         <name>.data:report_desc</name>
         <load_address>0x2b6a</load_address>
         <run_address>0x2b6a</run_address>
         <size>0x4</size>
         <input_file_ref idref="fl-15"/>
      </object_component>
      <object_component id="oc-3df">
         <name>.stack</name>
         <uninitialized>true</uninitialized>
         <run_address>0x4360</run_address>
         <size>0x4</size>
         <input_file_ref idref="fl-5f"/>
      </object_component>
      <object_component id="oc-aa1">
         <name>.stack</name>
         <uninitialized>true</uninitialized>
         <run_address>0x4360</run_address>
         <size>0x0</size>
      </object_component>
      <object_component id="oc-895">
         <name>.text:USBCDC_receiveData</name>
         <load_address>0x10000</load_address>
         <run_address>0x10000</run_address>
         <size>0x1c8</size>
         <input_file_ref idref="fl-8"/>
      </object_component>
      <object_component id="oc-670">
         <name>.text:handlerSettingCDC</name>
         <load_address>0x101c8</load_address>
         <run_address>0x101c8</run_address>
         <size>0x178</size>
         <input_file_ref idref="fl-3"/>
      </object_component>
      <object_component id="oc-4df">
         <name>.text:CdcToHostFromBuffer</name>
         <load_address>0x10340</load_address>
         <run_address>0x10340</run_address>
         <size>0x160</size>
         <input_file_ref idref="fl-8"/>
      </object_component>
      <object_component id="oc-479">
         <name>.text:HidToBufferFromHost</name>
         <load_address>0x104a0</load_address>
         <run_address>0x104a0</run_address>
         <size>0x148</size>
         <input_file_ref idref="fl-b"/>
      </object_component>
      <object_component id="oc-4af">
         <name>.text:USB_reset</name>
         <load_address>0x105e8</load_address>
         <run_address>0x105e8</run_address>
         <size>0x140</size>
         <input_file_ref idref="fl-9"/>
      </object_component>
      <object_component id="oc-491">
         <name>.text:CdcToBufferFromHost</name>
         <load_address>0x10728</load_address>
         <run_address>0x10728</run_address>
         <size>0x11a</size>
         <input_file_ref idref="fl-8"/>
      </object_component>
      <object_component id="oc-4d9">
         <name>.text:HidToHostFromBuffer</name>
         <load_address>0x10842</load_address>
         <run_address>0x10842</run_address>
         <size>0x110</size>
         <input_file_ref idref="fl-b"/>
      </object_component>
      <object_component id="oc-66a">
         <name>.text:checkConfigCDC</name>
         <load_address>0x10952</load_address>
         <run_address>0x10952</run_address>
         <size>0xfe</size>
         <input_file_ref idref="fl-3"/>
      </object_component>
      <object_component id="oc-5bd">
         <name>.text:USB_enable</name>
         <load_address>0x10a50</load_address>
         <run_address>0x10a50</run_address>
         <size>0xfa</size>
         <input_file_ref idref="fl-9"/>
      </object_component>
      <object_component id="oc-883">
         <name>.text:UCS_initFLL</name>
         <load_address>0x10b4a</load_address>
         <run_address>0x10b4a</run_address>
         <size>0xe2</size>
         <input_file_ref idref="fl-38"/>
      </object_component>
      <object_component id="oc-76d">
         <name>.text:retInString</name>
         <load_address>0x10c2c</load_address>
         <run_address>0x10c2c</run_address>
         <size>0xce</size>
         <input_file_ref idref="fl-3"/>
      </object_component>
      <object_component id="oc-863">
         <name>.text:PMM_setVCoreUp</name>
         <load_address>0x10cfa</load_address>
         <run_address>0x10cfa</run_address>
         <size>0xcc</size>
         <input_file_ref idref="fl-2a"/>
      </object_component>
      <object_component id="oc-8a2">
         <name>.text:USBCDC_getInterfaceStatus</name>
         <load_address>0x10dc6</load_address>
         <run_address>0x10dc6</run_address>
         <size>0xc6</size>
         <input_file_ref idref="fl-8"/>
      </object_component>
      <object_component id="oc-953">
         <name>.text:USB_InitSerialStringDescriptor</name>
         <load_address>0x10e8c</load_address>
         <run_address>0x10e8c</run_address>
         <size>0xc6</size>
         <input_file_ref idref="fl-9"/>
      </object_component>
      <object_component id="oc-5e0">
         <name>.text:USB_determineFreq</name>
         <load_address>0x10f52</load_address>
         <run_address>0x10f52</run_address>
         <size>0xbc</size>
         <input_file_ref idref="fl-9"/>
      </object_component>
      <object_component id="oc-941">
         <name>.text:USB_determineXT2Freq</name>
         <load_address>0x1100e</load_address>
         <run_address>0x1100e</run_address>
         <size>0xa4</size>
         <input_file_ref idref="fl-9"/>
      </object_component>
      <object_component id="oc-9cd">
         <name>.text:USBHID_sendReport</name>
         <load_address>0x110b2</load_address>
         <run_address>0x110b2</run_address>
         <size>0xa0</size>
         <input_file_ref idref="fl-b"/>
      </object_component>
      <object_component id="oc-97c">
         <name>.text:Keyboard_press</name>
         <load_address>0x11152</load_address>
         <run_address>0x11152</run_address>
         <size>0x98</size>
         <input_file_ref idref="fl-11"/>
      </object_component>
      <object_component id="oc-86e">
         <name>.text:USB_init</name>
         <load_address>0x111ea</load_address>
         <run_address>0x111ea</run_address>
         <size>0x98</size>
         <input_file_ref idref="fl-9"/>
      </object_component>
      <object_component id="oc-74c">
         <name>.text:USB_getConnectionState</name>
         <load_address>0x11282</load_address>
         <run_address>0x11282</run_address>
         <size>0x96</size>
         <input_file_ref idref="fl-9"/>
      </object_component>
      <object_component id="oc-85d">
         <name>.text:PMM_setVCoreDown</name>
         <load_address>0x11318</load_address>
         <run_address>0x11318</run_address>
         <size>0x94</size>
         <input_file_ref idref="fl-2a"/>
      </object_component>
      <object_component id="oc-485">
         <name>.text:USBCDC_getBytesInUSBBuffer</name>
         <load_address>0x113ac</load_address>
         <run_address>0x113ac</run_address>
         <size>0x90</size>
         <input_file_ref idref="fl-8"/>
      </object_component>
      <object_component id="oc-72e">
         <name>.text:UCS_initClockSignal</name>
         <load_address>0x1143c</load_address>
         <run_address>0x1143c</run_address>
         <size>0x8c</size>
         <input_file_ref idref="fl-38"/>
      </object_component>
      <object_component id="oc-676">
         <name>.text:handlerButton</name>
         <load_address>0x114c8</load_address>
         <run_address>0x114c8</run_address>
         <size>0x8c</size>
         <input_file_ref idref="fl-2"/>
      </object_component>
      <object_component id="oc-54f">
         <name>.text:usbDecodeAndProcessUsbRequest</name>
         <load_address>0x11554</load_address>
         <run_address>0x11554</run_address>
         <size>0x88</size>
         <input_file_ref idref="fl-9"/>
      </object_component>
      <object_component id="oc-41f">
         <name>.text:_auto_init_hold_wdt</name>
         <load_address>0x115dc</load_address>
         <run_address>0x115dc</run_address>
         <size>0x82</size>
         <input_file_ref idref="fl-95"/>
      </object_component>
      <object_component id="oc-65a">
         <name>.text:setPin</name>
         <load_address>0x1165e</load_address>
         <run_address>0x1165e</run_address>
         <size>0x82</size>
         <input_file_ref idref="fl-6"/>
      </object_component>
      <object_component id="oc-582">
         <name>.text:HidCopyUsbToBuff</name>
         <load_address>0x116e0</load_address>
         <run_address>0x116e0</run_address>
         <size>0x7a</size>
         <input_file_ref idref="fl-b"/>
      </object_component>
      <object_component id="oc-8a8">
         <name>.text:USBCDC_sendData</name>
         <load_address>0x1175a</load_address>
         <run_address>0x1175a</run_address>
         <size>0x7a</size>
         <input_file_ref idref="fl-8"/>
      </object_component>
      <object_component id="oc-8c2">
         <name>.text:send</name>
         <load_address>0x117d4</load_address>
         <run_address>0x117d4</run_address>
         <size>0x7a</size>
         <input_file_ref idref="fl-3"/>
      </object_component>
      <object_component id="oc-5b0">
         <name>.text:CopyUsbToBuff</name>
         <load_address>0x1184e</load_address>
         <run_address>0x1184e</run_address>
         <size>0x76</size>
         <input_file_ref idref="fl-8"/>
      </object_component>
      <object_component id="oc-790">
         <name>.text:Timer_A_initUpMode</name>
         <load_address>0x118c4</load_address>
         <run_address>0x118c4</run_address>
         <size>0x76</size>
         <input_file_ref idref="fl-34"/>
      </object_component>
      <object_component id="oc-6d">
         <name>.text:decompress:lzss:__TI_decompress_lzss</name>
         <load_address>0x1193a</load_address>
         <run_address>0x1193a</run_address>
         <size>0x76</size>
         <input_file_ref idref="fl-61"/>
      </object_component>
      <object_component id="oc-53c">
         <name>.text:loop</name>
         <load_address>0x119b0</load_address>
         <run_address>0x119b0</run_address>
         <size>0x74</size>
         <input_file_ref idref="fl-2"/>
      </object_component>
      <object_component id="oc-619">
         <name>.text:usbSendNextPacketOnIEP0</name>
         <load_address>0x11a24</load_address>
         <run_address>0x11a24</run_address>
         <size>0x74</size>
         <input_file_ref idref="fl-9"/>
      </object_component>
      <object_component id="oc-982">
         <name>.text:Keyboard_release</name>
         <load_address>0x11a98</load_address>
         <run_address>0x11a98</run_address>
         <size>0x70</size>
         <input_file_ref idref="fl-11"/>
      </object_component>
      <object_component id="oc-7ac">
         <name>.text:usbGetLineCoding</name>
         <load_address>0x11b08</load_address>
         <run_address>0x11b08</run_address>
         <size>0x70</size>
         <input_file_ref idref="fl-8"/>
      </object_component>
      <object_component id="oc-4bb">
         <name>.text:PWRVBUSoffHandler</name>
         <load_address>0x11b78</load_address>
         <run_address>0x11b78</run_address>
         <size>0x6e</size>
         <input_file_ref idref="fl-14"/>
      </object_component>
      <object_component id="oc-767">
         <name>.text:USBCDC_sendDataInBackground</name>
         <load_address>0x11be6</load_address>
         <run_address>0x11be6</run_address>
         <size>0x6e</size>
         <input_file_ref idref="fl-12"/>
      </object_component>
      <object_component id="oc-824">
         <name>.text:usbGetEndpointStatus</name>
         <load_address>0x11c54</load_address>
         <run_address>0x11c54</run_address>
         <size>0x6a</size>
         <input_file_ref idref="fl-9"/>
      </object_component>
      <object_component id="oc-60c">
         <name>.text:Handler_SetLineCoding</name>
         <load_address>0x11cbe</load_address>
         <run_address>0x11cbe</run_address>
         <size>0x68</size>
         <input_file_ref idref="fl-8"/>
      </object_component>
      <object_component id="oc-50f">
         <name>.text:copy_in</name>
         <load_address>0x11d26</load_address>
         <run_address>0x11d26</run_address>
         <size>0x64</size>
         <input_file_ref idref="fl-96"/>
      </object_component>
      <object_component id="oc-9bf">
         <name>.text:memcpyDMA</name>
         <load_address>0x11d8a</load_address>
         <run_address>0x11d8a</run_address>
         <size>0x64</size>
         <input_file_ref idref="fl-a"/>
      </object_component>
      <object_component id="oc-9b9">
         <name>.text:DMA_init</name>
         <load_address>0x11dee</load_address>
         <run_address>0x11dee</run_address>
         <size>0x62</size>
         <input_file_ref idref="fl-1e"/>
      </object_component>
      <object_component id="oc-4c7">
         <name>.text:PWRVBUSonHandler</name>
         <load_address>0x11e50</load_address>
         <run_address>0x11e50</run_address>
         <size>0x62</size>
         <input_file_ref idref="fl-14"/>
      </object_component>
      <object_component id="oc-7f4">
         <name>.text:usbClearEndpointFeature</name>
         <load_address>0x11eb2</load_address>
         <run_address>0x11eb2</run_address>
         <size>0x5e</size>
         <input_file_ref idref="fl-9"/>
      </object_component>
      <object_component id="oc-959">
         <name>.text:USB_initMemcpy</name>
         <load_address>0x11f10</load_address>
         <run_address>0x11f10</run_address>
         <size>0x5c</size>
         <input_file_ref idref="fl-a"/>
      </object_component>
      <object_component id="oc-536">
         <name>.text:setup</name>
         <load_address>0x11f6c</load_address>
         <run_address>0x11f6c</run_address>
         <size>0x52</size>
         <input_file_ref idref="fl-2"/>
      </object_component>
      <object_component id="oc-83c">
         <name>.text:usbSetEndpointFeature</name>
         <load_address>0x11fbe</load_address>
         <run_address>0x11fbe</run_address>
         <size>0x52</size>
         <input_file_ref idref="fl-9"/>
      </object_component>
      <object_component id="oc-80c">
         <name>.text:usbGetStringDescriptor</name>
         <load_address>0x12010</load_address>
         <run_address>0x12010</run_address>
         <size>0x50</size>
         <input_file_ref idref="fl-9"/>
      </object_component>
      <object_component id="oc-4e5">
         <name>.text:OEP0InterruptHandler</name>
         <load_address>0x12060</load_address>
         <run_address>0x12060</run_address>
         <size>0x4e</size>
         <input_file_ref idref="fl-14"/>
      </object_component>
      <object_component id="oc-9a9">
         <name>.text:TLV_getInfo</name>
         <load_address>0x120ae</load_address>
         <run_address>0x120ae</run_address>
         <size>0x4c</size>
         <input_file_ref idref="fl-37"/>
      </object_component>
      <object_component id="oc-752">
         <name>.text:USBCDC_receiveDataInBuffer</name>
         <load_address>0x120fa</load_address>
         <run_address>0x120fa</run_address>
         <size>0x4c</size>
         <input_file_ref idref="fl-12"/>
      </object_component>
      <object_component id="oc-606">
         <name>.text:usbReceiveNextPacketOnOEP0</name>
         <load_address>0x12146</load_address>
         <run_address>0x12146</run_address>
         <size>0x4c</size>
         <input_file_ref idref="fl-9"/>
      </object_component>
      <object_component id="oc-716">
         <name>.text:PMM_setVCore</name>
         <load_address>0x12192</load_address>
         <run_address>0x12192</run_address>
         <size>0x4a</size>
         <input_file_ref idref="fl-2a"/>
      </object_component>
      <object_component id="oc-464">
         <name>.text:SetupPacketInterruptHandler</name>
         <load_address>0x121dc</load_address>
         <run_address>0x121dc</run_address>
         <size>0x4a</size>
         <input_file_ref idref="fl-14"/>
      </object_component>
      <object_component id="oc-722">
         <name>.text:USB_setup</name>
         <load_address>0x12226</load_address>
         <run_address>0x12226</run_address>
         <size>0x4a</size>
         <input_file_ref idref="fl-9"/>
      </object_component>
      <object_component id="oc-6c3">
         <name>.text:UCS_turnOnXT2WithTimeout</name>
         <load_address>0x12270</load_address>
         <run_address>0x12270</run_address>
         <size>0x40</size>
         <input_file_ref idref="fl-38"/>
      </object_component>
      <object_component id="oc-6f4">
         <name>.text:l_lsl_const</name>
         <load_address>0x122b0</load_address>
         <run_address>0x122b0</run_address>
         <size>0x3e</size>
         <input_file_ref idref="fl-7f"/>
      </object_component>
      <object_component id="oc-8cb">
         <name>.text:l_lsr_const</name>
         <load_address>0x122ee</load_address>
         <run_address>0x122ee</run_address>
         <size>0x3e</size>
         <input_file_ref idref="fl-81"/>
      </object_component>
      <object_component id="oc-654">
         <name>.text:setup_usb_send</name>
         <load_address>0x1232c</load_address>
         <run_address>0x1232c</run_address>
         <size>0x3e</size>
         <input_file_ref idref="fl-3"/>
      </object_component>
      <object_component id="oc-947">
         <name>.text:USB_lookUpPll</name>
         <load_address>0x1236a</load_address>
         <run_address>0x1236a</run_address>
         <size>0x38</size>
         <input_file_ref idref="fl-9"/>
      </object_component>
      <object_component id="oc-728">
         <name>.text:initTimer</name>
         <load_address>0x123a2</load_address>
         <run_address>0x123a2</run_address>
         <size>0x34</size>
         <input_file_ref idref="fl-3"/>
      </object_component>
      <object_component id="oc-82a">
         <name>.text:usbSetAddress</name>
         <load_address>0x123d6</load_address>
         <run_address>0x123d6</run_address>
         <size>0x34</size>
         <input_file_ref idref="fl-9"/>
      </object_component>
      <object_component id="oc-734">
         <name>.text:UCS_initFLLSettle</name>
         <load_address>0x1240a</load_address>
         <run_address>0x1240a</run_address>
         <size>0x32</size>
         <input_file_ref idref="fl-38"/>
      </object_component>
      <object_component id="oc-874">
         <name>.text:USB_getConnectionInformation</name>
         <load_address>0x1243c</load_address>
         <run_address>0x1243c</run_address>
         <size>0x32</size>
         <input_file_ref idref="fl-9"/>
      </object_component>
      <object_component id="oc-8af">
         <name>.text:strncpy</name>
         <load_address>0x1246e</load_address>
         <run_address>0x1246e</run_address>
         <size>0x32</size>
         <input_file_ref idref="fl-91"/>
      </object_component>
      <object_component id="oc-4a3">
         <name>.text:USB_suspend</name>
         <load_address>0x124a0</load_address>
         <run_address>0x124a0</run_address>
         <size>0x30</size>
         <input_file_ref idref="fl-9"/>
      </object_component>
      <object_component id="oc-830">
         <name>.text:usbSetConfiguration</name>
         <load_address>0x124d0</load_address>
         <run_address>0x124d0</run_address>
         <size>0x30</size>
         <input_file_ref idref="fl-9"/>
      </object_component>
      <object_component id="oc-660">
         <name>.text:writePin</name>
         <load_address>0x12500</load_address>
         <run_address>0x12500</run_address>
         <size>0x30</size>
         <input_file_ref idref="fl-6"/>
      </object_component>
      <object_component id="oc-5d8">
         <name>.text:CdcResetData</name>
         <load_address>0x12530</load_address>
         <run_address>0x12530</run_address>
         <size>0x2e</size>
         <input_file_ref idref="fl-8"/>
      </object_component>
      <object_component id="oc-818">
         <name>.text:usbGetDeviceStatus</name>
         <load_address>0x1255e</load_address>
         <run_address>0x1255e</run_address>
         <size>0x2c</size>
         <input_file_ref idref="fl-9"/>
      </object_component>
      <object_component id="oc-7dc">
         <name>.text:usbSetReport</name>
         <load_address>0x1258a</load_address>
         <run_address>0x1258a</run_address>
         <size>0x2a</size>
         <input_file_ref idref="fl-c"/>
      </object_component>
      <object_component id="oc-9ef">
         <name>.text:DMA_setDstAddress</name>
         <load_address>0x125b4</load_address>
         <run_address>0x125b4</run_address>
         <size>0x28</size>
         <input_file_ref idref="fl-1e"/>
      </object_component>
      <object_component id="oc-6bd">
         <name>.text:GPIO_setAsPeripheralModuleFunctionOutputPin</name>
         <load_address>0x125dc</load_address>
         <run_address>0x125dc</run_address>
         <size>0x28</size>
         <input_file_ref idref="fl-24"/>
      </object_component>
      <object_component id="oc-7e2">
         <name>.text:usbGetReportDescriptor</name>
         <load_address>0x12604</load_address>
         <run_address>0x12604</run_address>
         <size>0x28</size>
         <input_file_ref idref="fl-c"/>
      </object_component>
      <object_component id="oc-9e9">
         <name>.text:DMA_setSrcAddress</name>
         <load_address>0x1262c</load_address>
         <run_address>0x1262c</run_address>
         <size>0x26</size>
         <input_file_ref idref="fl-1e"/>
      </object_component>
      <object_component id="oc-7d6">
         <name>.text:usbGetReport</name>
         <load_address>0x12652</load_address>
         <run_address>0x12652</run_address>
         <size>0x26</size>
         <input_file_ref idref="fl-c"/>
      </object_component>
      <object_component id="oc-8f">
         <name>.text:decompress:ZI:__TI_zero_init</name>
         <load_address>0x12678</load_address>
         <run_address>0x12678</run_address>
         <size>0x24</size>
         <input_file_ref idref="fl-63"/>
      </object_component>
      <object_component id="oc-7ee">
         <name>.text:usbClearDeviceFeature</name>
         <load_address>0x1269c</load_address>
         <run_address>0x1269c</run_address>
         <size>0x24</size>
         <input_file_ref idref="fl-9"/>
      </object_component>
      <object_component id="oc-7e8">
         <name>.text:usbGetHidDescriptor</name>
         <load_address>0x126c0</load_address>
         <run_address>0x126c0</run_address>
         <size>0x24</size>
         <input_file_ref idref="fl-c"/>
      </object_component>
      <object_component id="oc-836">
         <name>.text:usbSetDeviceFeature</name>
         <load_address>0x126e4</load_address>
         <run_address>0x126e4</run_address>
         <size>0x24</size>
         <input_file_ref idref="fl-9"/>
      </object_component>
      <object_component id="oc-7d0">
         <name>.text:usbSetProtocol</name>
         <load_address>0x12708</load_address>
         <run_address>0x12708</run_address>
         <size>0x24</size>
         <input_file_ref idref="fl-c"/>
      </object_component>
      <object_component id="oc-5d2">
         <name>.text:HidResetData</name>
         <load_address>0x1272c</load_address>
         <run_address>0x1272c</run_address>
         <size>0x22</size>
         <input_file_ref idref="fl-b"/>
      </object_component>
      <object_component id="oc-4f9">
         <name>.text:USB_disable</name>
         <load_address>0x1274e</load_address>
         <run_address>0x1274e</run_address>
         <size>0x22</size>
         <input_file_ref idref="fl-9"/>
      </object_component>
      <object_component id="oc-67c">
         <name>.text:readPin</name>
         <load_address>0x12770</load_address>
         <run_address>0x12770</run_address>
         <size>0x20</size>
         <input_file_ref idref="fl-6"/>
      </object_component>
      <object_component id="oc-7be">
         <name>.text:usbGetIdle</name>
         <load_address>0x12790</load_address>
         <run_address>0x12790</run_address>
         <size>0x20</size>
         <input_file_ref idref="fl-c"/>
      </object_component>
      <object_component id="oc-8d0">
         <name>.text:usbSendDataPacketOnEP0</name>
         <load_address>0x127b0</load_address>
         <run_address>0x127b0</run_address>
         <size>0x20</size>
         <input_file_ref idref="fl-9"/>
      </object_component>
      <object_component id="oc-46a">
         <name>.text:HidIsReceiveInProgress</name>
         <load_address>0x127d0</load_address>
         <run_address>0x127d0</run_address>
         <size>0x1e</size>
         <input_file_ref idref="fl-b"/>
      </object_component>
      <object_component id="oc-75b">
         <name>.text:strcat</name>
         <load_address>0x127ee</load_address>
         <run_address>0x127ee</run_address>
         <size>0x1e</size>
         <input_file_ref idref="fl-8e"/>
      </object_component>
      <object_component id="oc-812">
         <name>.text:usbGetInterface</name>
         <load_address>0x1280c</load_address>
         <run_address>0x1280c</run_address>
         <size>0x1e</size>
         <input_file_ref idref="fl-9"/>
      </object_component>
      <object_component id="oc-81e">
         <name>.text:usbGetInterfaceStatus</name>
         <load_address>0x1282a</load_address>
         <run_address>0x1282a</run_address>
         <size>0x1e</size>
         <input_file_ref idref="fl-9"/>
      </object_component>
      <object_component id="oc-78a">
         <name>.text:GPIO_setOutputHighOnPin</name>
         <load_address>0x12848</load_address>
         <run_address>0x12848</run_address>
         <size>0x1c</size>
         <input_file_ref idref="fl-24"/>
      </object_component>
      <object_component id="oc-77a">
         <name>.text:GPIO_setOutputLowOnPin</name>
         <load_address>0x12864</load_address>
         <run_address>0x12864</run_address>
         <size>0x1c</size>
         <input_file_ref idref="fl-24"/>
      </object_component>
      <object_component id="oc-4f2">
         <name>.text:GPIO_toggleOutputOnPin</name>
         <load_address>0x12880</load_address>
         <run_address>0x12880</run_address>
         <size>0x1c</size>
         <input_file_ref idref="fl-24"/>
      </object_component>
      <object_component id="oc-4eb">
         <name>.text:IEP0InterruptHandler</name>
         <load_address>0x1289c</load_address>
         <run_address>0x1289c</run_address>
         <size>0x1c</size>
         <input_file_ref idref="fl-14"/>
      </object_component>
      <object_component id="oc-9b3">
         <name>.text:memcpyV</name>
         <load_address>0x128b8</load_address>
         <run_address>0x128b8</run_address>
         <size>0x1c</size>
         <input_file_ref idref="fl-a"/>
      </object_component>
      <object_component id="oc-774">
         <name>.text:strcmp</name>
         <load_address>0x128d4</load_address>
         <run_address>0x128d4</run_address>
         <size>0x1c</size>
         <input_file_ref idref="fl-8f"/>
      </object_component>
      <object_component id="oc-968">
         <name>.text:usbDisableInEndpointInterrupt</name>
         <load_address>0x128f0</load_address>
         <run_address>0x128f0</run_address>
         <size>0x1c</size>
         <input_file_ref idref="fl-9"/>
      </object_component>
      <object_component id="oc-59f">
         <name>.text:usbDisableOutEndpointInterrupt</name>
         <load_address>0x1290c</load_address>
         <run_address>0x1290c</run_address>
         <size>0x1c</size>
         <input_file_ref idref="fl-9"/>
      </object_component>
      <object_component id="oc-47f">
         <name>.text:CdcIsReceiveInProgress</name>
         <load_address>0x12928</load_address>
         <run_address>0x12928</run_address>
         <size>0x1a</size>
         <input_file_ref idref="fl-8"/>
      </object_component>
      <object_component id="oc-5e9">
         <name>.text:USB_connect</name>
         <load_address>0x12942</load_address>
         <run_address>0x12942</run_address>
         <size>0x1a</size>
         <input_file_ref idref="fl-9"/>
      </object_component>
      <object_component id="oc-7c4">
         <name>.text:usbSetIdle</name>
         <load_address>0x1295c</load_address>
         <run_address>0x1295c</run_address>
         <size>0x1a</size>
         <input_file_ref idref="fl-c"/>
      </object_component>
      <object_component id="oc-842">
         <name>.text:usbSetInterface</name>
         <load_address>0x12976</load_address>
         <run_address>0x12976</run_address>
         <size>0x1a</size>
         <input_file_ref idref="fl-9"/>
      </object_component>
      <object_component id="oc-497">
         <name>.text:USB_resume</name>
         <load_address>0x12990</load_address>
         <run_address>0x12990</run_address>
         <size>0x18</size>
         <input_file_ref idref="fl-9"/>
      </object_component>
      <object_component id="oc-55b">
         <name>.text</name>
         <load_address>0x129a8</load_address>
         <run_address>0x129a8</run_address>
         <size>0x18</size>
         <input_file_ref idref="fl-87"/>
      </object_component>
      <object_component id="oc-6cd">
         <name>.text:memset</name>
         <load_address>0x129c0</load_address>
         <run_address>0x129c0</run_address>
         <size>0x16</size>
         <input_file_ref idref="fl-83"/>
      </object_component>
      <object_component id="oc-6db">
         <name>.text</name>
         <load_address>0x129d6</load_address>
         <run_address>0x129d6</run_address>
         <size>0x16</size>
         <input_file_ref idref="fl-65"/>
      </object_component>
      <object_component id="oc-806">
         <name>.text:usbGetConfigurationDescriptor</name>
         <load_address>0x129ec</load_address>
         <run_address>0x129ec</run_address>
         <size>0x16</size>
         <input_file_ref idref="fl-9"/>
      </object_component>
      <object_component id="oc-800">
         <name>.text:usbGetDeviceDescriptor</name>
         <load_address>0x12a02</load_address>
         <run_address>0x12a02</run_address>
         <size>0x16</size>
         <input_file_ref idref="fl-9"/>
      </object_component>
      <object_component id="oc-71c">
         <name>.text:Keyboard_init</name>
         <load_address>0x12a18</load_address>
         <run_address>0x12a18</run_address>
         <size>0x14</size>
         <input_file_ref idref="fl-11"/>
      </object_component>
      <object_component id="oc-4cd">
         <name>.text:USB_handleVbusOnEvent</name>
         <load_address>0x12a2c</load_address>
         <run_address>0x12a2c</run_address>
         <size>0x14</size>
         <input_file_ref idref="fl-13"/>
      </object_component>
      <object_component id="oc-3ee">
         <name>.text:memcpy</name>
         <load_address>0x12a40</load_address>
         <run_address>0x12a40</run_address>
         <size>0x14</size>
         <input_file_ref idref="fl-82"/>
      </object_component>
      <object_component id="oc-7fa">
         <name>.text:usbGetConfiguration</name>
         <load_address>0x12a54</load_address>
         <run_address>0x12a54</run_address>
         <size>0x14</size>
         <input_file_ref idref="fl-9"/>
      </object_component>
      <object_component id="oc-7ca">
         <name>.text:usbGetProtocol</name>
         <load_address>0x12a68</load_address>
         <run_address>0x12a68</run_address>
         <size>0x14</size>
         <input_file_ref idref="fl-c"/>
      </object_component>
      <object_component id="oc-8d7">
         <name>.text:usbReceiveDataPacketOnEP0</name>
         <load_address>0x12a7c</load_address>
         <run_address>0x12a7c</run_address>
         <size>0x14</size>
         <input_file_ref idref="fl-9"/>
      </object_component>
      <object_component id="oc-7b8">
         <name>.text:usbSetControlLineState</name>
         <load_address>0x12a90</load_address>
         <run_address>0x12a90</run_address>
         <size>0x14</size>
         <input_file_ref idref="fl-8"/>
      </object_component>
      <object_component id="oc-73">
         <name>.text:decompress:none:__TI_decompress_none</name>
         <load_address>0x12aa4</load_address>
         <run_address>0x12aa4</run_address>
         <size>0x12</size>
         <input_file_ref idref="fl-62"/>
      </object_component>
      <object_component id="oc-439">
         <name>.text:main</name>
         <load_address>0x12ab6</load_address>
         <run_address>0x12ab6</run_address>
         <size>0x12</size>
         <input_file_ref idref="fl-2"/>
      </object_component>
      <object_component id="oc-848">
         <name>.text:usbInvalidRequest</name>
         <load_address>0x12ac8</load_address>
         <run_address>0x12ac8</run_address>
         <size>0x12</size>
         <input_file_ref idref="fl-9"/>
      </object_component>
      <object_component id="oc-a13">
         <name>.text:DMA_disableTransfers</name>
         <load_address>0x12ada</load_address>
         <run_address>0x12ada</run_address>
         <size>0x10</size>
         <input_file_ref idref="fl-1e"/>
      </object_component>
      <object_component id="oc-a01">
         <name>.text:DMA_enableTransfers</name>
         <load_address>0x12aea</load_address>
         <run_address>0x12aea</run_address>
         <size>0x10</size>
         <input_file_ref idref="fl-1e"/>
      </object_component>
      <object_component id="oc-a0d">
         <name>.text:DMA_getInterruptStatus</name>
         <load_address>0x12afa</load_address>
         <run_address>0x12afa</run_address>
         <size>0xe</size>
         <input_file_ref idref="fl-1e"/>
      </object_component>
      <object_component id="oc-a07">
         <name>.text:DMA_startTransfer</name>
         <load_address>0x12b08</load_address>
         <run_address>0x12b08</run_address>
         <size>0xe</size>
         <input_file_ref idref="fl-1e"/>
      </object_component>
      <object_component id="oc-761">
         <name>.text:strlen</name>
         <load_address>0x12b16</load_address>
         <run_address>0x12b16</run_address>
         <size>0xe</size>
         <input_file_ref idref="fl-90"/>
      </object_component>
      <object_component id="oc-8e4">
         <name>.text:usbSendZeroLengthPacketOnIEP0</name>
         <load_address>0x12b24</load_address>
         <run_address>0x12b24</run_address>
         <size>0xe</size>
         <input_file_ref idref="fl-9"/>
      </object_component>
      <object_component id="oc-9fb">
         <name>.text:DMA_setTransferSize</name>
         <load_address>0x12b32</load_address>
         <run_address>0x12b32</run_address>
         <size>0xc</size>
         <input_file_ref idref="fl-1e"/>
      </object_component>
      <object_component id="oc-7b2">
         <name>.text:usbSetLineCoding</name>
         <load_address>0x12b3e</load_address>
         <run_address>0x12b3e</run_address>
         <size>0xc</size>
         <input_file_ref idref="fl-8"/>
      </object_component>
      <object_component id="oc-6b1">
         <name>.text</name>
         <load_address>0x12b4a</load_address>
         <run_address>0x12b4a</run_address>
         <size>0xa</size>
         <input_file_ref idref="fl-7e"/>
      </object_component>
      <object_component id="oc-6e0">
         <name>.text</name>
         <load_address>0x12b54</load_address>
         <run_address>0x12b54</run_address>
         <size>0xa</size>
         <input_file_ref idref="fl-80"/>
      </object_component>
      <object_component id="oc-781">
         <name>.text:Timer_A_stop</name>
         <load_address>0x12b5e</load_address>
         <run_address>0x12b5e</run_address>
         <size>0x8</size>
         <input_file_ref idref="fl-34"/>
      </object_component>
      <object_component id="oc-5c5">
         <name>.text:UCS_turnOffXT2</name>
         <load_address>0x12b66</load_address>
         <run_address>0x12b66</run_address>
         <size>0x8</size>
         <input_file_ref idref="fl-38"/>
      </object_component>
      <object_component id="oc-48b">
         <name>.text:USBCDC_handleDataReceived</name>
         <load_address>0x12b6e</load_address>
         <run_address>0x12b6e</run_address>
         <size>0x8</size>
         <input_file_ref idref="fl-13"/>
      </object_component>
      <object_component id="oc-473">
         <name>.text:USBHID_handleDataReceived</name>
         <load_address>0x12b76</load_address>
         <run_address>0x12b76</run_address>
         <size>0x8</size>
         <input_file_ref idref="fl-13"/>
      </object_component>
      <object_component id="oc-5f4">
         <name>.text:USBHID_handleSendCompleted</name>
         <load_address>0x12b7e</load_address>
         <run_address>0x12b7e</run_address>
         <size>0x8</size>
         <input_file_ref idref="fl-13"/>
      </object_component>
      <object_component id="oc-4c1">
         <name>.text:USB_handleVbusOffEvent</name>
         <load_address>0x12b86</load_address>
         <run_address>0x12b86</run_address>
         <size>0x8</size>
         <input_file_ref idref="fl-13"/>
      </object_component>
      <object_component id="oc-7a1">
         <name>.text:send_string</name>
         <load_address>0x12b8e</load_address>
         <run_address>0x12b8e</run_address>
         <size>0x8</size>
         <input_file_ref idref="fl-3"/>
      </object_component>
      <object_component id="oc-9e3">
         <name>.text:DMA_disableTransferDuringReadModifyWrite</name>
         <load_address>0x12b96</load_address>
         <run_address>0x12b96</run_address>
         <size>0x6</size>
         <input_file_ref idref="fl-1e"/>
      </object_component>
      <object_component id="oc-9f5">
         <name>.text:DMA_enableTransferDuringReadModifyWrite</name>
         <load_address>0x12b9c</load_address>
         <run_address>0x12b9c</run_address>
         <size>0x6</size>
         <input_file_ref idref="fl-1e"/>
      </object_component>
      <object_component id="oc-505">
         <name>.text:SFR_clearInterrupt</name>
         <load_address>0x12ba2</load_address>
         <run_address>0x12ba2</run_address>
         <size>0x6</size>
         <input_file_ref idref="fl-31"/>
      </object_component>
      <object_component id="oc-87b">
         <name>.text:Timer_A_clearTimerInterrupt</name>
         <load_address>0x12ba8</load_address>
         <run_address>0x12ba8</run_address>
         <size>0x6</size>
         <input_file_ref idref="fl-34"/>
      </object_component>
      <object_component id="oc-796">
         <name>.text:Timer_A_startCounter</name>
         <load_address>0x12bae</load_address>
         <run_address>0x12bae</run_address>
         <size>0x6</size>
         <input_file_ref idref="fl-34"/>
      </object_component>
      <object_component id="oc-4ff">
         <name>.text:UCS_clearFaultFlag</name>
         <load_address>0x12bb4</load_address>
         <run_address>0x12bb4</run_address>
         <size>0x6</size>
         <input_file_ref idref="fl-38"/>
      </object_component>
      <object_component id="oc-94d">
         <name>.text:USB_getVersion</name>
         <load_address>0x12bba</load_address>
         <run_address>0x12bba</run_address>
         <size>0x6</size>
         <input_file_ref idref="fl-9"/>
      </object_component>
      <object_component id="oc-441">
         <name>.text:abort</name>
         <load_address>0x12bc0</load_address>
         <run_address>0x12bc0</run_address>
         <size>0x6</size>
         <input_file_ref idref="fl-68"/>
      </object_component>
      <object_component id="oc-90e">
         <name>.text:usbClearOEP0ByteCount</name>
         <load_address>0x12bc6</load_address>
         <run_address>0x12bc6</run_address>
         <size>0x6</size>
         <input_file_ref idref="fl-9"/>
      </object_component>
      <object_component id="oc-96e">
         <name>.text:usbRestoreInEndpointInterrupt</name>
         <load_address>0x12bcc</load_address>
         <run_address>0x12bcc</run_address>
         <size>0x6</size>
         <input_file_ref idref="fl-9"/>
      </object_component>
      <object_component id="oc-5a8">
         <name>.text:usbRestoreOutEndpointInterrupt</name>
         <load_address>0x12bd2</load_address>
         <run_address>0x12bd2</run_address>
         <size>0x6</size>
         <input_file_ref idref="fl-9"/>
      </object_component>
      <object_component id="oc-5b6">
         <name>.text:USBCDC_handleReceiveCompleted</name>
         <load_address>0x12bd8</load_address>
         <run_address>0x12bd8</run_address>
         <size>0x4</size>
         <input_file_ref idref="fl-13"/>
      </object_component>
      <object_component id="oc-5ff">
         <name>.text:USBCDC_handleSendCompleted</name>
         <load_address>0x12bdc</load_address>
         <run_address>0x12bdc</run_address>
         <size>0x4</size>
         <input_file_ref idref="fl-13"/>
      </object_component>
      <object_component id="oc-8de">
         <name>.text:USBCDC_handleSetControlLineState</name>
         <load_address>0x12be0</load_address>
         <run_address>0x12be0</run_address>
         <size>0x4</size>
         <input_file_ref idref="fl-13"/>
      </object_component>
      <object_component id="oc-6f9">
         <name>.text:USBCDC_handleSetLineCoding</name>
         <load_address>0x12be4</load_address>
         <run_address>0x12be4</run_address>
         <size>0x4</size>
         <input_file_ref idref="fl-13"/>
      </object_component>
      <object_component id="oc-8f1">
         <name>.text:USBHID_handleBootProtocol</name>
         <load_address>0x12be8</load_address>
         <run_address>0x12be8</run_address>
         <size>0x4</size>
         <input_file_ref idref="fl-13"/>
      </object_component>
      <object_component id="oc-8f8">
         <name>.text:USBHID_handleEP0GetReport</name>
         <load_address>0x12bec</load_address>
         <run_address>0x12bec</run_address>
         <size>0x4</size>
         <input_file_ref idref="fl-13"/>
      </object_component>
      <object_component id="oc-900">
         <name>.text:USBHID_handleEP0SetReport</name>
         <load_address>0x12bf0</load_address>
         <run_address>0x12bf0</run_address>
         <size>0x4</size>
         <input_file_ref idref="fl-13"/>
      </object_component>
      <object_component id="oc-612">
         <name>.text:USBHID_handleEP0SetReportDataAvailable</name>
         <load_address>0x12bf4</load_address>
         <run_address>0x12bf4</run_address>
         <size>0x4</size>
         <input_file_ref idref="fl-13"/>
      </object_component>
      <object_component id="oc-588">
         <name>.text:USBHID_handleReceiveCompleted</name>
         <load_address>0x12bf8</load_address>
         <run_address>0x12bf8</run_address>
         <size>0x4</size>
         <input_file_ref idref="fl-13"/>
      </object_component>
      <object_component id="oc-4d3">
         <name>.text:USB_handleClockEvent</name>
         <load_address>0x12bfc</load_address>
         <run_address>0x12bfc</run_address>
         <size>0x4</size>
         <input_file_ref idref="fl-13"/>
      </object_component>
      <object_component id="oc-92a">
         <name>.text:USB_handleEnumerationCompleteEvent</name>
         <load_address>0x12c00</load_address>
         <run_address>0x12c00</run_address>
         <size>0x4</size>
         <input_file_ref idref="fl-13"/>
      </object_component>
      <object_component id="oc-4b5">
         <name>.text:USB_handleResetEvent</name>
         <load_address>0x12c04</load_address>
         <run_address>0x12c04</run_address>
         <size>0x4</size>
         <input_file_ref idref="fl-13"/>
      </object_component>
      <object_component id="oc-49d">
         <name>.text:USB_handleResumeEvent</name>
         <load_address>0x12c08</load_address>
         <run_address>0x12c08</run_address>
         <size>0x4</size>
         <input_file_ref idref="fl-13"/>
      </object_component>
      <object_component id="oc-4a9">
         <name>.text:USB_handleSuspendEvent</name>
         <load_address>0x12c0c</load_address>
         <run_address>0x12c0c</run_address>
         <size>0x4</size>
         <input_file_ref idref="fl-13"/>
      </object_component>
      <object_component id="oc-419">
         <name>.text:_system_pre_init</name>
         <load_address>0x12c10</load_address>
         <run_address>0x12c10</run_address>
         <size>0x4</size>
         <input_file_ref idref="fl-8c"/>
      </object_component>
      <object_component id="oc-515">
         <name>.text:_system_post_cinit</name>
         <load_address>0x12c14</load_address>
         <run_address>0x12c14</run_address>
         <size>0x2</size>
         <input_file_ref idref="fl-99"/>
      </object_component>
      <object_component id="oc-400">
         <name>.text:_isr:iUsbInterruptHandler</name>
         <load_address>0x4400</load_address>
         <run_address>0x4400</run_address>
         <size>0x15c</size>
         <input_file_ref idref="fl-14"/>
      </object_component>
      <object_component id="oc-40c">
         <name>.text:_isr:UNMI_ISR</name>
         <load_address>0x455c</load_address>
         <run_address>0x455c</run_address>
         <size>0x3e</size>
         <input_file_ref idref="fl-3"/>
      </object_component>
      <object_component id="oc-ad">
         <name>.text:_isr:_c_int00_noargs_noexit</name>
         <load_address>0x459a</load_address>
         <run_address>0x459a</run_address>
         <size>0x1a</size>
         <input_file_ref idref="fl-60"/>
      </object_component>
      <object_component id="oc-406">
         <name>.text:_isr:TIMER0_A0_ISR</name>
         <load_address>0x45b4</load_address>
         <run_address>0x45b4</run_address>
         <size>0xe</size>
         <input_file_ref idref="fl-3"/>
      </object_component>
      <object_component id="oc-3fb">
         <name>.text:_isr:__TI_ISR_TRAP</name>
         <load_address>0x45c2</load_address>
         <run_address>0x45c2</run_address>
         <size>0x8</size>
         <input_file_ref idref="fl-7d"/>
      </object_component>
      <object_component id="oc-aa0">
         <name>.cinit..data.load</name>
         <load_address>0x4a8a</load_address>
         <run_address>0x4a8a</run_address>
         <size>0x65</size>
      </object_component>
      <object_component id="oc-a9d">
         <name>__TI_handler_table</name>
         <load_address>0x4af0</load_address>
         <run_address>0x4af0</run_address>
         <size>0xc</size>
      </object_component>
      <object_component id="oc-a9f">
         <name>.cinit..bss.load</name>
         <load_address>0x4afc</load_address>
         <run_address>0x4afc</run_address>
         <size>0x6</size>
      </object_component>
      <object_component id="oc-a9e">
         <name>__TI_cinit_table</name>
         <load_address>0x4b02</load_address>
         <run_address>0x4b02</run_address>
         <size>0x10</size>
      </object_component>
      <object_component id="oc-684">
         <name>.const:tUsbRequestList</name>
         <load_address>0x45ca</load_address>
         <run_address>0x45ca</run_address>
         <size>0x17a</size>
         <input_file_ref idref="fl-15"/>
      </object_component>
      <object_component id="oc-920">
         <name>.const:.string:abromStringDescriptor</name>
         <load_address>0x4744</load_address>
         <run_address>0x4744</run_address>
         <size>0xa6</size>
         <input_file_ref idref="fl-15"/>
      </object_component>
      <object_component id="oc-773">
         <name>.const:.string</name>
         <load_address>0x47ea</load_address>
         <run_address>0x47ea</run_address>
         <size>0xa6</size>
         <input_file_ref idref="fl-3"/>
      </object_component>
[...]
      <symbol id="sm-957">
         <name>USB_handleResumeEvent</name>
         <value>0x12c08</value>
         <object_component_ref idref="oc-49d"/>
      </symbol>
      <symbol id="sm-958">
         <name>USB_handleClockEvent</name>
         <value>0x12bfc</value>
         <object_component_ref idref="oc-4d3"/>
      </symbol>
      <symbol id="sm-959">
         <name>USBHID_handleReceiveCompleted</name>
         <value>0x12bf8</value>
         <object_component_ref idref="oc-588"/>
      </symbol>
      <symbol id="sm-9b3">
         <name>IEP0InterruptHandler</name>
         <value>0x1289c</value>
         <object_component_ref idref="oc-4eb"/>
      </symbol>
      <symbol id="sm-9b4">
         <name>OEP0InterruptHandler</name>
         <value>0x12060</value>
         <object_component_ref idref="oc-4e5"/>
      </symbol>
      <symbol id="sm-9b5">
         <name>__TI_int51</name>
         <value>0xffe6</value>
         <object_component_ref idref="oc-83"/>
      </symbol>
      <symbol id="sm-9b6">
         <name>PWRVBUSonHandler</name>
         <value>0x11e50</value>
         <object_component_ref idref="oc-4c7"/>
      </symbol>
      <symbol id="sm-9b7">
         <name>SetupPacketInterruptHandler</name>
         <value>0x121dc</value>
         <object_component_ref idref="oc-464"/>
      </symbol>
      <symbol id="sm-9b8">
         <name>PWRVBUSoffHandler</name>
         <value>0x11b78</value>
         <object_component_ref idref="oc-4bb"/>
      </symbol>
      <symbol id="sm-9b9">
         <name>iUsbInterruptHandler</name>
         <value>0x4400</value>
         <object_component_ref idref="oc-400"/>
      </symbol>
      <symbol id="sm-9ec">
         <name>abromConfigurationDescriptorGroup</name>
         <value>0x4910</value>
         <object_component_ref idref="oc-914"/>
      </symbol>
      <symbol id="sm-9ed">
         <name>tUsbRequestList</name>
         <value>0x45ca</value>
         <object_component_ref idref="oc-684"/>
      </symbol>
      <symbol id="sm-9ee">
         <name>abromDeviceDescriptor</name>
         <value>0x4a1a</value>
         <object_component_ref idref="oc-91b"/>
      </symbol>
      <symbol id="sm-9ef">
         <name>report_desc</name>
         <value>0x2b6a</value>
         <object_component_ref idref="oc-90a"/>
      </symbol>
      <symbol id="sm-9f0">
         <name>abromStringDescriptor</name>
         <value>0x4744</value>
         <object_component_ref idref="oc-920"/>
      </symbol>
      <symbol id="sm-9f1">
         <name>report_desc_HID0</name>
         <value>0x497c</value>
         <object_component_ref idref="oc-997"/>
      </symbol>
      <symbol id="sm-9f2">
         <name>report_desc_size</name>
         <value>0x4a86</value>
         <object_component_ref idref="oc-907"/>
      </symbol>
      <symbol id="sm-9f3">
         <name>report_len_input</name>
         <value>0x4a88</value>
         <object_component_ref idref="oc-a1d"/>
      </symbol>
      <symbol id="sm-9f4">
         <name>stUsbHandle</name>
         <value>0x49de</value>
         <object_component_ref idref="oc-57f"/>
      </symbol>
      <symbol id="sm-a49">
         <name>DMA_setSrcAddress</name>
         <value>0x1262c</value>
         <object_component_ref idref="oc-9e9"/>
      </symbol>
      <symbol id="sm-a4a">
         <name>DMA_disableTransferDuringReadModifyWrite</name>
         <value>0x12b96</value>
         <object_component_ref idref="oc-9e3"/>
      </symbol>
      <symbol id="sm-a4b">
         <name>DMA_setDstAddress</name>
         <value>0x125b4</value>
         <object_component_ref idref="oc-9ef"/>
      </symbol>
      <symbol id="sm-a4c">
         <name>DMA_enableTransfers</name>
         <value>0x12aea</value>
         <object_component_ref idref="oc-a01"/>
      </symbol>
      <symbol id="sm-a4d">
         <name>DMA_disableTransfers</name>
         <value>0x12ada</value>
         <object_component_ref idref="oc-a13"/>
      </symbol>
      <symbol id="sm-a4e">
         <name>DMA_startTransfer</name>
         <value>0x12b08</value>
         <object_component_ref idref="oc-a07"/>
      </symbol>
      <symbol id="sm-a4f">
         <name>DMA_setTransferSize</name>
         <value>0x12b32</value>
         <object_component_ref idref="oc-9fb"/>
      </symbol>
      <symbol id="sm-a50">
         <name>DMA_getInterruptStatus</name>
         <value>0x12afa</value>
         <object_component_ref idref="oc-a0d"/>
      </symbol>
      <symbol id="sm-a51">
         <name>DMA_enableTransferDuringReadModifyWrite</name>
         <value>0x12b9c</value>
         <object_component_ref idref="oc-9f5"/>
      </symbol>
      <symbol id="sm-a52">
         <name>DMA_init</name>
         <value>0x11dee</value>
         <object_component_ref idref="oc-9b9"/>
      </symbol>
      <symbol id="sm-a82">
         <name>GPIO_setOutputHighOnPin</name>
         <value>0x12848</value>
         <object_component_ref idref="oc-78a"/>
      </symbol>
      <symbol id="sm-a83">
         <name>GPIO_setOutputLowOnPin</name>
         <value>0x12864</value>
         <object_component_ref idref="oc-77a"/>
      </symbol>
      <symbol id="sm-a84">
         <name>GPIO_toggleOutputOnPin</name>
         <value>0x12880</value>
         <object_component_ref idref="oc-4f2"/>
      </symbol>
      <symbol id="sm-a85">
         <name>GPIO_setAsPeripheralModuleFunctionOutputPin</name>
         <value>0x125dc</value>
         <object_component_ref idref="oc-6bd"/>
      </symbol>
      <symbol id="sm-ab3">
         <name>PMM_setVCore</name>
         <value>0x12192</value>
         <object_component_ref idref="oc-716"/>
      </symbol>
      <symbol id="sm-ab4">
         <name>PMM_setVCoreDown</name>
         <value>0x11318</value>
         <object_component_ref idref="oc-85d"/>
      </symbol>
      <symbol id="sm-ab5">
         <name>PMM_setVCoreUp</name>
         <value>0x10cfa</value>
         <object_component_ref idref="oc-863"/>
      </symbol>
      <symbol id="sm-ac7">
         <name>SFR_clearInterrupt</name>
         <value>0x12ba2</value>
         <object_component_ref idref="oc-505"/>
      </symbol>
      <symbol id="sm-aed">
         <name>Timer_A_initUpMode</name>
         <value>0x118c4</value>
         <object_component_ref idref="oc-790"/>
      </symbol>
      <symbol id="sm-aee">
         <name>Timer_A_startCounter</name>
         <value>0x12bae</value>
         <object_component_ref idref="oc-796"/>
      </symbol>
      <symbol id="sm-aef">
         <name>Timer_A_stop</name>
         <value>0x12b5e</value>
         <object_component_ref idref="oc-781"/>
      </symbol>
      <symbol id="sm-af0">
         <name>Timer_A_clearTimerInterrupt</name>
         <value>0x12ba8</value>
         <object_component_ref idref="oc-87b"/>
      </symbol>
      <symbol id="sm-b05">
         <name>TLV_getInfo</name>
         <value>0x120ae</value>
         <object_component_ref idref="oc-9a9"/>
      </symbol>
      <symbol id="sm-b52">
         <name>UCS_initClockSignal</name>
         <value>0x1143c</value>
         <object_component_ref idref="oc-72e"/>
      </symbol>
      <symbol id="sm-b53">
         <name>UCS_initFLLSettle</name>
         <value>0x1240a</value>
         <object_component_ref idref="oc-734"/>
      </symbol>
      <symbol id="sm-b54">
         <name>UCS_clearFaultFlag</name>
         <value>0x12bb4</value>
         <object_component_ref idref="oc-4ff"/>
      </symbol>
      <symbol id="sm-b55">
         <name>UCS_initFLL</name>
         <value>0x10b4a</value>
         <object_component_ref idref="oc-883"/>
      </symbol>
      <symbol id="sm-b56">
         <name>UCS_turnOffXT2</name>
         <value>0x12b66</value>
         <object_component_ref idref="oc-5c5"/>
      </symbol>
      <symbol id="sm-b57">
         <name>UCS_turnOnXT2WithTimeout</name>
         <value>0x12270</value>
         <object_component_ref idref="oc-6c3"/>
      </symbol>
      <symbol id="sm-b64">
         <name>_stack</name>
         <value>0x4360</value>
         <object_component_ref idref="oc-3df"/>
      </symbol>
      <symbol id="sm-b65">
         <name>_reset_vector</name>
         <value>0xfffe</value>
         <object_component_ref idref="oc-3e2"/>
      </symbol>
      <symbol id="sm-b6f">
         <name>_c_int00_noargs_noexit</name>
         <value>0x459a</value>
         <object_component_ref idref="oc-ad"/>
      </symbol>
      <symbol id="sm-b8d">
         <name>__TI_decompress_lzss</name>
         <value>0x1193a</value>
         <object_component_ref idref="oc-6d"/>
      </symbol>
      <symbol id="sm-ba3">
         <name>__TI_decompress_none</name>
         <value>0x12aa4</value>
         <object_component_ref idref="oc-73"/>
      </symbol>
      <symbol id="sm-bb6">
         <name>__TI_zero_init</name>
         <value>0x12678</value>
         <object_component_ref idref="oc-8f"/>
      </symbol>
      <symbol id="sm-bc1">
         <name>__mspabi_remu</name>
         <value>0x129d6</value>
         <object_component_ref idref="oc-6db"/>
      </symbol>
      <symbol id="sm-bc2">
         <name>__mspabi_divu</name>
         <value>0x129d6</value>
         <object_component_ref idref="oc-6db"/>
      </symbol>
      <symbol id="sm-bce">
         <name>C$$EXIT</name>
         <value>0x12bc0</value>
         <object_component_ref idref="oc-441"/>
      </symbol>
      <symbol id="sm-bcf">
         <name>abort</name>
         <value>0x12bc0</value>
         <object_component_ref idref="oc-441"/>
      </symbol>
      <symbol id="sm-bd3">
         <name>__TI_int41</name>
         <value>0xffd2</value>
         <object_component_ref idref="oc-79"/>
      </symbol>
      <symbol id="sm-bd6">
         <name>__TI_int42</name>
         <value>0xffd4</value>
         <object_component_ref idref="oc-7a"/>
      </symbol>
      <symbol id="sm-bd9">
         <name>__TI_int43</name>
         <value>0xffd6</value>
         <object_component_ref idref="oc-7b"/>
      </symbol>
      <symbol id="sm-bdc">
         <name>__TI_int44</name>
         <value>0xffd8</value>
         <object_component_ref idref="oc-7c"/>
      </symbol>
      <symbol id="sm-bdf">
         <name>__TI_int45</name>
         <value>0xffda</value>
         <object_component_ref idref="oc-7d"/>
      </symbol>
      <symbol id="sm-be2">
         <name>__TI_int46</name>
         <value>0xffdc</value>
         <object_component_ref idref="oc-7e"/>
      </symbol>
      <symbol id="sm-be5">
         <name>__TI_int47</name>
         <value>0xffde</value>
         <object_component_ref idref="oc-7f"/>
      </symbol>
      <symbol id="sm-be8">
         <name>__TI_int48</name>
         <value>0xffe0</value>
         <object_component_ref idref="oc-80"/>
      </symbol>
      <symbol id="sm-beb">
         <name>__TI_int49</name>
         <value>0xffe2</value>
         <object_component_ref idref="oc-81"/>
      </symbol>
      <symbol id="sm-bee">
         <name>__TI_int50</name>
         <value>0xffe4</value>
         <object_component_ref idref="oc-82"/>
      </symbol>
      <symbol id="sm-bf1">
         <name>__TI_int52</name>
         <value>0xffe8</value>
         <object_component_ref idref="oc-84"/>
      </symbol>
      <symbol id="sm-bf4">
         <name>__TI_int54</name>
         <value>0xffec</value>
         <object_component_ref idref="oc-86"/>
      </symbol>
      <symbol id="sm-bf7">
         <name>__TI_int55</name>
         <value>0xffee</value>
         <object_component_ref idref="oc-87"/>
      </symbol>
      <symbol id="sm-bfa">
         <name>__TI_int56</name>
         <value>0xfff0</value>
         <object_component_ref idref="oc-88"/>
      </symbol>
      <symbol id="sm-bfd">
         <name>__TI_int57</name>
         <value>0xfff2</value>
         <object_component_ref idref="oc-89"/>
      </symbol>
      <symbol id="sm-c00">
         <name>__TI_int58</name>
         <value>0xfff4</value>
         <object_component_ref idref="oc-8a"/>
      </symbol>
      <symbol id="sm-c03">
         <name>__TI_int59</name>
         <value>0xfff6</value>
         <object_component_ref idref="oc-8b"/>
      </symbol>
      <symbol id="sm-c06">
         <name>__TI_int60</name>
         <value>0xfff8</value>
         <object_component_ref idref="oc-8c"/>
      </symbol>
      <symbol id="sm-c09">
         <name>__TI_int62</name>
         <value>0xfffc</value>
         <object_component_ref idref="oc-8e"/>
      </symbol>
      <symbol id="sm-c11">
         <name>__TI_ISR_TRAP</name>
         <value>0x45c2</value>
         <object_component_ref idref="oc-3fb"/>
      </symbol>
      <symbol id="sm-c1a">
         <name>__mspabi_slli</name>
         <value>0x12b4a</value>
         <object_component_ref idref="oc-6b1"/>
      </symbol>
      <symbol id="sm-c22">
         <name>__mspabi_slll_9</name>
         <value>0x122c8</value>
         <object_component_ref idref="oc-6f4"/>
      </symbol>
      <symbol id="sm-c23">
         <name>__mspabi_slll_8</name>
         <value>0x122cc</value>
         <object_component_ref idref="oc-6f4"/>
      </symbol>
      <symbol id="sm-c24">
         <name>__mspabi_slll_7</name>
         <value>0x122d0</value>
         <object_component_ref idref="oc-6f4"/>
      </symbol>
      <symbol id="sm-c25">
         <name>__mspabi_slll_6</name>
         <value>0x122d4</value>
         <object_component_ref idref="oc-6f4"/>
      </symbol>
      <symbol id="sm-c26">
         <name>__mspabi_slll_5</name>
         <value>0x122d8</value>
         <object_component_ref idref="oc-6f4"/>
      </symbol>
      <symbol id="sm-c27">
         <name>__mspabi_slll_4</name>
         <value>0x122dc</value>
         <object_component_ref idref="oc-6f4"/>
      </symbol>
      <symbol id="sm-c28">
         <name>__mspabi_slll_3</name>
         <value>0x122e0</value>
         <object_component_ref idref="oc-6f4"/>
      </symbol>
      <symbol id="sm-c29">
         <name>__mspabi_slll_2</name>
         <value>0x122e4</value>
         <object_component_ref idref="oc-6f4"/>
      </symbol>
      <symbol id="sm-c2a">
         <name>__mspabi_slll_1</name>
         <value>0x122e8</value>
         <object_component_ref idref="oc-6f4"/>
      </symbol>
      <symbol id="sm-c2b">
         <name>__mspabi_slll_15</name>
         <value>0x122b0</value>
         <object_component_ref idref="oc-6f4"/>
      </symbol>
      <symbol id="sm-c2c">
         <name>__mspabi_slll_14</name>
         <value>0x122b4</value>
         <object_component_ref idref="oc-6f4"/>
      </symbol>
      <symbol id="sm-c2d">
         <name>__mspabi_slll_13</name>
         <value>0x122b8</value>
         <object_component_ref idref="oc-6f4"/>
      </symbol>
      <symbol id="sm-c2e">
         <name>__mspabi_slll_12</name>
         <value>0x122bc</value>
         <object_component_ref idref="oc-6f4"/>
      </symbol>
      <symbol id="sm-c2f">
         <name>__mspabi_slll_11</name>
         <value>0x122c0</value>
         <object_component_ref idref="oc-6f4"/>
      </symbol>
      <symbol id="sm-c30">
         <name>__mspabi_slll_10</name>
         <value>0x122c4</value>
         <object_component_ref idref="oc-6f4"/>
      </symbol>
      <symbol id="sm-c39">
         <name>__mspabi_srli</name>
         <value>0x12b54</value>
         <object_component_ref idref="oc-6e0"/>
      </symbol>
      <symbol id="sm-c41">
         <name>__mspabi_srll_8</name>
         <value>0x1230a</value>
         <object_component_ref idref="oc-8cb"/>
      </symbol>
      <symbol id="sm-c42">
         <name>__mspabi_srll_9</name>
         <value>0x12306</value>
         <object_component_ref idref="oc-8cb"/>
      </symbol>
      <symbol id="sm-c43">
         <name>__mspabi_srll_6</name>
         <value>0x12312</value>
         <object_component_ref idref="oc-8cb"/>
      </symbol>
      <symbol id="sm-c44">
         <name>__mspabi_srll_7</name>
         <value>0x1230e</value>
         <object_component_ref idref="oc-8cb"/>
      </symbol>
      <symbol id="sm-c45">
         <name>__mspabi_srll_4</name>
         <value>0x1231a</value>
         <object_component_ref idref="oc-8cb"/>
      </symbol>
      <symbol id="sm-c46">
         <name>__mspabi_srll_5</name>
         <value>0x12316</value>
         <object_component_ref idref="oc-8cb"/>
      </symbol>
      <symbol id="sm-c47">
         <name>__mspabi_srll_2</name>
         <value>0x12322</value>
         <object_component_ref idref="oc-8cb"/>
      </symbol>
      <symbol id="sm-c48">
         <name>__mspabi_srll_3</name>
         <value>0x1231e</value>
         <object_component_ref idref="oc-8cb"/>
      </symbol>
      <symbol id="sm-c49">
         <name>__mspabi_srll_1</name>
         <value>0x12326</value>
         <object_component_ref idref="oc-8cb"/>
      </symbol>
      <symbol id="sm-c4a">
         <name>__mspabi_srll_15</name>
         <value>0x122ee</value>
         <object_component_ref idref="oc-8cb"/>
      </symbol>
      <symbol id="sm-c4b">
         <name>__mspabi_srll_14</name>
         <value>0x122f2</value>
         <object_component_ref idref="oc-8cb"/>
      </symbol>
      <symbol id="sm-c4c">
         <name>__mspabi_srll_13</name>
         <value>0x122f6</value>
         <object_component_ref idref="oc-8cb"/>
      </symbol>
      <symbol id="sm-c4d">
         <name>__mspabi_srll_12</name>
         <value>0x122fa</value>
         <object_component_ref idref="oc-8cb"/>
      </symbol>
      <symbol id="sm-c4e">
         <name>__mspabi_srll_11</name>
         <value>0x122fe</value>
         <object_component_ref idref="oc-8cb"/>
      </symbol>
      <symbol id="sm-c4f">
         <name>__mspabi_srll_10</name>
         <value>0x12302</value>
         <object_component_ref idref="oc-8cb"/>
      </symbol>
      <symbol id="sm-c5d">
         <name>memcpy</name>
         <value>0x12a40</value>
         <object_component_ref idref="oc-3ee"/>
      </symbol>
      <symbol id="sm-c6b">
         <name>memset</name>
         <value>0x129c0</value>
         <object_component_ref idref="oc-6cd"/>
      </symbol>
      <symbol id="sm-c76">
         <name>__mspabi_mpyi_f5hw</name>
         <value>0x129a8</value>
         <object_component_ref idref="oc-55b"/>
      </symbol>
      <symbol id="sm-c83">
         <name>_system_pre_init</name>
         <value>0x12c10</value>
         <object_component_ref idref="oc-419"/>
      </symbol>
      <symbol id="sm-c93">
         <name>strcat</name>
         <value>0x127ee</value>
         <object_component_ref idref="oc-75b"/>
      </symbol>
      <symbol id="sm-ca1">
         <name>strcmp</name>
         <value>0x128d4</value>
         <object_component_ref idref="oc-774"/>
      </symbol>
      <symbol id="sm-cae">
         <name>strlen</name>
         <value>0x12b16</value>
         <object_component_ref idref="oc-761"/>
      </symbol>
      <symbol id="sm-cbe">
         <name>strncpy</name>
         <value>0x1246e</value>
         <object_component_ref idref="oc-8af"/>
      </symbol>
      <symbol id="sm-ce3">
         <name>_auto_init_hold_wdt</name>
         <value>0x115dc</value>
         <object_component_ref idref="oc-41f"/>
      </symbol>
      <symbol id="sm-cf9">
         <name>copy_in</name>
         <value>0x11d26</value>
         <object_component_ref idref="oc-50f"/>
      </symbol>
      <symbol id="sm-d04">
         <name>_system_post_cinit</name>
         <value>0x12c14</value>
         <object_component_ref idref="oc-515"/>
      </symbol>
      <symbol id="sm-d06">
         <name>__TI_BINIT_Base</name>
         <value>0x0</value>
      </symbol>
      <symbol id="sm-d07">
         <name>__TI_BINIT_Limit</name>
         <value>0x0</value>
      </symbol>
      <symbol id="sm-d08">
         <name>__TI_INITARRAY_Base</name>
         <value>0x0</value>
      </symbol>
      <symbol id="sm-d09">
         <name>__TI_INITARRAY_Limit</name>
         <value>0x0</value>
      </symbol>
   </symbol_table>
   <title>Link successful</title>
</link_info>
