<?xml version="1.0"?>
<link_info>
   <banner>MSP430 Linker PC v16.9.6.LTS</banner>
   <copyright>Copyright (c) 2003-2017 Texas Instruments Incorporated</copyright>
   <link_time>0x5adc08f1</link_time>
   <link_errors>0x0</link_errors>
   <output_file>MSP_USB_B_Box.out</output_file>
   <entry_point>
      <name>_c_int00_noargs_noexit</name>
      <address>0x4568</address>
   </entry_point>
   <input_file_list>
      <input_file id="fl-2">
         <path>.\</path>
         <kind>object</kind>
         <file>main.obj</file>
         <name>main.obj</name>
      </input_file>
      <input_file id="fl-3">
         <path>.\</path>
         <kind>object</kind>
         <file>usbConstructs.obj</file>
         <name>usbConstructs.obj</name>
      </input_file>
      <input_file id="fl-4">
         <path>.\</path>
         <kind>object</kind>
         <file>usbEventHandling.obj</file>
         <name>usbEventHandling.obj</name>
      </input_file>
      <input_file id="fl-5">
         <path>.\F5xx_F6xx_Core_Lib\</path>
         <kind>object</kind>
         <file>HAL_FLASH.obj</file>
         <name>HAL_FLASH.obj</name>
      </input_file>
      <input_file id="fl-6">
         <path>.\F5xx_F6xx_Core_Lib\</path>
         <kind>object</kind>
         <file>HAL_PMAP.obj</file>
         <name>HAL_PMAP.obj</name>
      </input_file>
      <input_file id="fl-7">
         <path>.\F5xx_F6xx_Core_Lib\</path>
         <kind>object</kind>
         <file>HAL_PMM.obj</file>
         <name>HAL_PMM.obj</name>
      </input_file>
      <input_file id="fl-8">
         <path>.\F5xx_F6xx_Core_Lib\</path>
         <kind>object</kind>
         <file>HAL_TLV.obj</file>
         <name>HAL_TLV.obj</name>
      </input_file>
      <input_file id="fl-9">
         <path>.\F5xx_F6xx_Core_Lib\</path>
         <kind>object</kind>
         <file>HAL_UCS.obj</file>
         <name>HAL_UCS.obj</name>
      </input_file>
      <input_file id="fl-a">
         <path>.\USB_API\USB_CDC_API\</path>
         <kind>object</kind>
         <file>UsbCdc.obj</file>
         <name>UsbCdc.obj</name>
      </input_file>
      <input_file id="fl-b">
         <path>.\USB_API\USB_Common\</path>
         <kind>object</kind>
         <file>dma.obj</file>
         <name>dma.obj</name>
      </input_file>
      <input_file id="fl-c">
         <path>.\USB_API\USB_Common\</path>
         <kind>object</kind>
         <file>usb.obj</file>
         <name>usb.obj</name>
      </input_file>
      <input_file id="fl-d">
         <path>.\USB_API\USB_HID_API\</path>
         <kind>object</kind>
         <file>UsbHid.obj</file>
         <name>UsbHid.obj</name>
      </input_file>
      <input_file id="fl-e">
         <path>.\USB_API\USB_HID_API\</path>
         <kind>object</kind>
         <file>UsbHidReportHandler.obj</file>
         <name>UsbHidReportHandler.obj</name>
      </input_file>
      <input_file id="fl-f">
         <path>.\USB_API\USB_HID_API\</path>
         <kind>object</kind>
         <file>UsbHidReq.obj</file>
         <name>UsbHidReq.obj</name>
      </input_file>
      <input_file id="fl-10">
         <path>.\USB_API\USB_MSC_API\</path>
         <kind>object</kind>
         <file>UsbMscReq.obj</file>
         <name>UsbMscReq.obj</name>
      </input_file>
      <input_file id="fl-11">
         <path>.\USB_API\USB_MSC_API\</path>
         <kind>object</kind>
         <file>UsbMscScsi.obj</file>
         <name>UsbMscScsi.obj</name>
      </input_file>
      <input_file id="fl-12">
         <path>.\USB_API\USB_MSC_API\</path>
         <kind>object</kind>
         <file>UsbMscStateMachine.obj</file>
         <name>UsbMscStateMachine.obj</name>
      </input_file>
      <input_file id="fl-13">
         <path>.\USB_config\</path>
         <kind>object</kind>
         <file>UsbIsr.obj</file>
         <name>UsbIsr.obj</name>
      </input_file>
      <input_file id="fl-14">
         <path>.\USB_config\</path>
         <kind>object</kind>
         <file>descriptors.obj</file>
         <name>descriptors.obj</name>
      </input_file>
      <input_file id="fl-1b">
         <kind>object</kind>
         <file>&lt;internal&gt;</file>
         <name>&lt;internal&gt;</name>
      </input_file>
      <input_file id="fl-36">
         <path>C:\CCS\ccsv7\tools\compiler\ti-cgt-msp430_16.9.6.LTS\lib\</path>
         <kind>archive</kind>
         <file>rts430x_lc_rd_eabi.lib</file>
         <name>boot.obj</name>
      </input_file>
      <input_file id="fl-37">
         <path>C:\CCS\ccsv7\tools\compiler\ti-cgt-msp430_16.9.6.LTS\lib\</path>
         <kind>archive</kind>
         <file>rts430x_lc_rd_eabi.lib</file>
         <name>boot_special.obj</name>
      </input_file>
      <input_file id="fl-38">
         <path>C:\CCS\ccsv7\tools\compiler\ti-cgt-msp430_16.9.6.LTS\lib\</path>
         <kind>archive</kind>
         <file>rts430x_lc_rd_eabi.lib</file>
         <name>copy_decompress_lzss.obj</name>
      </input_file>
      <input_file id="fl-39">
         <path>C:\CCS\ccsv7\tools\compiler\ti-cgt-msp430_16.9.6.LTS\lib\</path>
         <kind>archive</kind>
         <file>rts430x_lc_rd_eabi.lib</file>
         <name>copy_decompress_none.obj</name>
      </input_file>
      <input_file id="fl-3a">
         <path>C:\CCS\ccsv7\tools\compiler\ti-cgt-msp430_16.9.6.LTS\lib\</path>
         <kind>archive</kind>
         <file>rts430x_lc_rd_eabi.lib</file>
         <name>copy_zero_init.obj</name>
      </input_file>
      <input_file id="fl-3b">
         <path>C:\CCS\ccsv7\tools\compiler\ti-cgt-msp430_16.9.6.LTS\lib\</path>
         <kind>archive</kind>
         <file>rts430x_lc_rd_eabi.lib</file>
         <name>exit.obj</name>
      </input_file>
      <input_file id="fl-3c">
         <path>C:\CCS\ccsv7\tools\compiler\ti-cgt-msp430_16.9.6.LTS\lib\</path>
         <kind>archive</kind>
         <file>rts430x_lc_rd_eabi.lib</file>
         <name>exit_gvars.obj</name>
      </input_file>
      <input_file id="fl-3d">
         <path>C:\CCS\ccsv7\tools\compiler\ti-cgt-msp430_16.9.6.LTS\lib\</path>
         <kind>archive</kind>
         <file>rts430x_lc_rd_eabi.lib</file>
         <name>int00.obj</name>
      </input_file>
      <input_file id="fl-3e">
         <path>C:\CCS\ccsv7\tools\compiler\ti-cgt-msp430_16.9.6.LTS\lib\</path>
         <kind>archive</kind>
         <file>rts430x_lc_rd_eabi.lib</file>
         <name>int01.obj</name>
      </input_file>
      <input_file id="fl-3f">
         <path>C:\CCS\ccsv7\tools\compiler\ti-cgt-msp430_16.9.6.LTS\lib\</path>
         <kind>archive</kind>
         <file>rts430x_lc_rd_eabi.lib</file>
         <name>int02.obj</name>
      </input_file>
      <input_file id="fl-40">
         <path>C:\CCS\ccsv7\tools\compiler\ti-cgt-msp430_16.9.6.LTS\lib\</path>
         <kind>archive</kind>
         <file>rts430x_lc_rd_eabi.lib</file>
         <name>int03.obj</name>
      </input_file>
      <input_file id="fl-41">
         <path>C:\CCS\ccsv7\tools\compiler\ti-cgt-msp430_16.9.6.LTS\lib\</path>
         <kind>archive</kind>
         <file>rts430x_lc_rd_eabi.lib</file>
         <name>int04.obj</name>
      </input_file>
      <input_file id="fl-42">
         <path>C:\CCS\ccsv7\tools\compiler\ti-cgt-msp430_16.9.6.LTS\lib\</path>
         <kind>archive</kind>
         <file>rts430x_lc_rd_eabi.lib</file>
         <name>int05.obj</name>
      </input_file>
      <input_file id="fl-43">
         <path>C:\CCS\ccsv7\tools\compiler\ti-cgt-msp430_16.9.6.LTS\lib\</path>
         <kind>archive</kind>
         <file>rts430x_lc_rd_eabi.lib</file>
         <name>int06.obj</name>
      </input_file>
      <input_file id="fl-44">
         <path>C:\CCS\ccsv7\tools\compiler\ti-cgt-msp430_16.9.6.LTS\lib\</path>
         <kind>archive</kind>
         <file>rts430x_lc_rd_eabi.lib</file>
         <name>int07.obj</name>
      </input_file>
      <input_file id="fl-45">
         <path>C:\CCS\ccsv7\tools\compiler\ti-cgt-msp430_16.9.6.LTS\lib\</path>
         <kind>archive</kind>
         <file>rts430x_lc_rd_eabi.lib</file>
         <name>int08.obj</name>
      </input_file>
      <input_file id="fl-46">
         <path>C:\CCS\ccsv7\tools\compiler\ti-cgt-msp430_16.9.6.LTS\lib\</path>
         <kind>archive</kind>
         <file>rts430x_lc_rd_eabi.lib</file>
         <name>int09.obj</name>
      </input_file>
      <input_file id="fl-47">
         <path>C:\CCS\ccsv7\tools\compiler\ti-cgt-msp430_16.9.6.LTS\lib\</path>
         <kind>archive</kind>
         <file>rts430x_lc_rd_eabi.lib</file>
         <name>int10.obj</name>
      </input_file>
      <input_file id="fl-48">
         <path>C:\CCS\ccsv7\tools\compiler\ti-cgt-msp430_16.9.6.LTS\lib\</path>
         <kind>archive</kind>
         <file>rts430x_lc_rd_eabi.lib</file>
         <name>int11.obj</name>
      </input_file>
      <input_file id="fl-49">
         <path>C:\CCS\ccsv7\tools\compiler\ti-cgt-msp430_16.9.6.LTS\lib\</path>
         <kind>archive</kind>
         <file>rts430x_lc_rd_eabi.lib</file>
         <name>int12.obj</name>
      </input_file>
      <input_file id="fl-4a">
         <path>C:\CCS\ccsv7\tools\compiler\ti-cgt-msp430_16.9.6.LTS\lib\</path>
         <kind>archive</kind>
         <file>rts430x_lc_rd_eabi.lib</file>
         <name>int13.obj</name>
      </input_file>
      <input_file id="fl-4b">
         <path>C:\CCS\ccsv7\tools\compiler\ti-cgt-msp430_16.9.6.LTS\lib\</path>
         <kind>archive</kind>
         <file>rts430x_lc_rd_eabi.lib</file>
         <name>int14.obj</name>
      </input_file>
      <input_file id="fl-4c">
         <path>C:\CCS\ccsv7\tools\compiler\ti-cgt-msp430_16.9.6.LTS\lib\</path>
         <kind>archive</kind>
         <file>rts430x_lc_rd_eabi.lib</file>
         <name>int15.obj</name>
      </input_file>
      <input_file id="fl-4d">
         <path>C:\CCS\ccsv7\tools\compiler\ti-cgt-msp430_16.9.6.LTS\lib\</path>
         <kind>archive</kind>
         <file>rts430x_lc_rd_eabi.lib</file>
         <name>int16.obj</name>
      </input_file>
      <input_file id="fl-4e">
         <path>C:\CCS\ccsv7\tools\compiler\ti-cgt-msp430_16.9.6.LTS\lib\</path>
         <kind>archive</kind>
         <file>rts430x_lc_rd_eabi.lib</file>
         <name>int17.obj</name>
      </input_file>
      <input_file id="fl-4f">
         <path>C:\CCS\ccsv7\tools\compiler\ti-cgt-msp430_16.9.6.LTS\lib\</path>
         <kind>archive</kind>
         <file>rts430x_lc_rd_eabi.lib</file>
         <name>int18.obj</name>
      </input_file>
      <input_file id="fl-50">
         <path>C:\CCS\ccsv7\tools\compiler\ti-cgt-msp430_16.9.6.LTS\lib\</path>
         <kind>archive</kind>
         <file>rts430x_lc_rd_eabi.lib</file>
         <name>int19.obj</name>
      </input_file>
      <input_file id="fl-51">
         <path>C:\CCS\ccsv7\tools\compiler\ti-cgt-msp430_16.9.6.LTS\lib\</path>
         <kind>archive</kind>
         <file>rts430x_lc_rd_eabi.lib</file>
         <name>int20.obj</name>
      </input_file>
      <input_file id="fl-52">
         <path>C:\CCS\ccsv7\tools\compiler\ti-cgt-msp430_16.9.6.LTS\lib\</path>
         <kind>archive</kind>
         <file>rts430x_lc_rd_eabi.lib</file>
         <name>int21.obj</name>
      </input_file>
      <input_file id="fl-53">
         <path>C:\CCS\ccsv7\tools\compiler\ti-cgt-msp430_16.9.6.LTS\lib\</path>
         <kind>archive</kind>
         <file>rts430x_lc_rd_eabi.lib</file>
         <name>int22.obj</name>
      </input_file>
      <input_file id="fl-54">
         <path>C:\CCS\ccsv7\tools\compiler\ti-cgt-msp430_16.9.6.LTS\lib\</path>
         <kind>archive</kind>
         <file>rts430x_lc_rd_eabi.lib</file>
         <name>int23.obj</name>
      </input_file>
      <input_file id="fl-55">
         <path>C:\CCS\ccsv7\tools\compiler\ti-cgt-msp430_16.9.6.LTS\lib\</path>
         <kind>archive</kind>
         <file>rts430x_lc_rd_eabi.lib</file>
         <name>int24.obj</name>
      </input_file>
      <input_file id="fl-56">
         <path>C:\CCS\ccsv7\tools\compiler\ti-cgt-msp430_16.9.6.LTS\lib\</path>
         <kind>archive</kind>
         <file>rts430x_lc_rd_eabi.lib</file>
         <name>int25.obj</name>
      </input_file>
      <input_file id="fl-57">
         <path>C:\CCS\ccsv7\tools\compiler\ti-cgt-msp430_16.9.6.LTS\lib\</path>
         <kind>archive</kind>
         <file>rts430x_lc_rd_eabi.lib</file>
         <name>int26.obj</name>
      </input_file>
      <input_file id="fl-58">
         <path>C:\CCS\ccsv7\tools\compiler\ti-cgt-msp430_16.9.6.LTS\lib\</path>
         <kind>archive</kind>
         <file>rts430x_lc_rd_eabi.lib</file>
         <name>int27.obj</name>
      </input_file>
      <input_file id="fl-59">
         <path>C:\CCS\ccsv7\tools\compiler\ti-cgt-msp430_16.9.6.LTS\lib\</path>
         <kind>archive</kind>
         <file>rts430x_lc_rd_eabi.lib</file>
         <name>int28.obj</name>
      </input_file>
      <input_file id="fl-5a">
         <path>C:\CCS\ccsv7\tools\compiler\ti-cgt-msp430_16.9.6.LTS\lib\</path>
         <kind>archive</kind>
         <file>rts430x_lc_rd_eabi.lib</file>
         <name>int29.obj</name>
      </input_file>
      <input_file id="fl-5b">
         <path>C:\CCS\ccsv7\tools\compiler\ti-cgt-msp430_16.9.6.LTS\lib\</path>
         <kind>archive</kind>
         <file>rts430x_lc_rd_eabi.lib</file>
         <name>int30.obj</name>
      </input_file>
      <input_file id="fl-5c">
         <path>C:\CCS\ccsv7\tools\compiler\ti-cgt-msp430_16.9.6.LTS\lib\</path>
         <kind>archive</kind>
         <file>rts430x_lc_rd_eabi.lib</file>
         <name>int31.obj</name>
      </input_file>
      <input_file id="fl-5d">
         <path>C:\CCS\ccsv7\tools\compiler\ti-cgt-msp430_16.9.6.LTS\lib\</path>
         <kind>archive</kind>
         <file>rts430x_lc_rd_eabi.lib</file>
         <name>int32.obj</name>
      </input_file>
      <input_file id="fl-5e">
         <path>C:\CCS\ccsv7\tools\compiler\ti-cgt-msp430_16.9.6.LTS\lib\</path>
         <kind>archive</kind>
         <file>rts430x_lc_rd_eabi.lib</file>
         <name>int33.obj</name>
      </input_file>
      <input_file id="fl-5f">
         <path>C:\CCS\ccsv7\tools\compiler\ti-cgt-msp430_16.9.6.LTS\lib\</path>
         <kind>archive</kind>
         <file>rts430x_lc_rd_eabi.lib</file>
         <name>int34.obj</name>
      </input_file>
      <input_file id="fl-60">
         <path>C:\CCS\ccsv7\tools\compiler\ti-cgt-msp430_16.9.6.LTS\lib\</path>
         <kind>archive</kind>
         <file>rts430x_lc_rd_eabi.lib</file>
         <name>int35.obj</name>
      </input_file>
      <input_file id="fl-61">
         <path>C:\CCS\ccsv7\tools\compiler\ti-cgt-msp430_16.9.6.LTS\lib\</path>
         <kind>archive</kind>
         <file>rts430x_lc_rd_eabi.lib</file>
         <name>int36.obj</name>
      </input_file>
      <input_file id="fl-62">
         <path>C:\CCS\ccsv7\tools\compiler\ti-cgt-msp430_16.9.6.LTS\lib\</path>
         <kind>archive</kind>
         <file>rts430x_lc_rd_eabi.lib</file>
         <name>int37.obj</name>
      </input_file>
      <input_file id="fl-63">
         <path>C:\CCS\ccsv7\tools\compiler\ti-cgt-msp430_16.9.6.LTS\lib\</path>
         <kind>archive</kind>
         <file>rts430x_lc_rd_eabi.lib</file>
         <name>int38.obj</name>
      </input_file>
      <input_file id="fl-64">
         <path>C:\CCS\ccsv7\tools\compiler\ti-cgt-msp430_16.9.6.LTS\lib\</path>
         <kind>archive</kind>
         <file>rts430x_lc_rd_eabi.lib</file>
         <name>int39.obj</name>
      </input_file>
      <input_file id="fl-65">
         <path>C:\CCS\ccsv7\tools\compiler\ti-cgt-msp430_16.9.6.LTS\lib\</path>
         <kind>archive</kind>
         <file>rts430x_lc_rd_eabi.lib</file>
         <name>int40.obj</name>
      </input_file>
      <input_file id="fl-66">
         <path>C:\CCS\ccsv7\tools\compiler\ti-cgt-msp430_16.9.6.LTS\lib\</path>
         <kind>archive</kind>
         <file>rts430x_lc_rd_eabi.lib</file>
         <name>int41.obj</name>
      </input_file>
      <input_file id="fl-67">
         <path>C:\CCS\ccsv7\tools\compiler\ti-cgt-msp430_16.9.6.LTS\lib\</path>
         <kind>archive</kind>
         <file>rts430x_lc_rd_eabi.lib</file>
         <name>int42.obj</name>
      </input_file>
      <input_file id="fl-68">
         <path>C:\CCS\ccsv7\tools\compiler\ti-cgt-msp430_16.9.6.LTS\lib\</path>
         <kind>archive</kind>
         <file>rts430x_lc_rd_eabi.lib</file>
         <name>int43.obj</name>
      </input_file>
      <input_file id="fl-69">
         <path>C:\CCS\ccsv7\tools\compiler\ti-cgt-msp430_16.9.6.LTS\lib\</path>
         <kind>archive</kind>
         <file>rts430x_lc_rd_eabi.lib</file>
         <name>int44.obj</name>
      </input_file>
      <input_file id="fl-6a">
         <path>C:\CCS\ccsv7\tools\compiler\ti-cgt-msp430_16.9.6.LTS\lib\</path>
         <kind>archive</kind>
         <file>rts430x_lc_rd_eabi.lib</file>
         <name>int45.obj</name>
      </input_file>
      <input_file id="fl-6b">
         <path>C:\CCS\ccsv7\tools\compiler\ti-cgt-msp430_16.9.6.LTS\lib\</path>
         <kind>archive</kind>
         <file>rts430x_lc_rd_eabi.lib</file>
         <name>int46.obj</name>
      </input_file>
      <input_file id="fl-6c">
         <path>C:\CCS\ccsv7\tools\compiler\ti-cgt-msp430_16.9.6.LTS\lib\</path>
         <kind>archive</kind>
         <file>rts430x_lc_rd_eabi.lib</file>
         <name>int47.obj</name>
      </input_file>
      <input_file id="fl-6d">
         <path>C:\CCS\ccsv7\tools\compiler\ti-cgt-msp430_16.9.6.LTS\lib\</path>
         <kind>archive</kind>
         <file>rts430x_lc_rd_eabi.lib</file>
         <name>int48.obj</name>
      </input_file>
      <input_file id="fl-6e">
         <path>C:\CCS\ccsv7\tools\compiler\ti-cgt-msp430_16.9.6.LTS\lib\</path>
         <kind>archive</kind>
         <file>rts430x_lc_rd_eabi.lib</file>
         <name>int50.obj</name>
      </input_file>
      <input_file id="fl-6f">
         <path>C:\CCS\ccsv7\tools\compiler\ti-cgt-msp430_16.9.6.LTS\lib\</path>
         <kind>archive</kind>
         <file>rts430x_lc_rd_eabi.lib</file>
         <name>int52.obj</name>
      </input_file>
      <input_file id="fl-70">
         <path>C:\CCS\ccsv7\tools\compiler\ti-cgt-msp430_16.9.6.LTS\lib\</path>
         <kind>archive</kind>
         <file>rts430x_lc_rd_eabi.lib</file>
         <name>int53.obj</name>
      </input_file>
      <input_file id="fl-71">
         <path>C:\CCS\ccsv7\tools\compiler\ti-cgt-msp430_16.9.6.LTS\lib\</path>
         <kind>archive</kind>
         <file>rts430x_lc_rd_eabi.lib</file>
         <name>int54.obj</name>
      </input_file>
      <input_file id="fl-72">
         <path>C:\CCS\ccsv7\tools\compiler\ti-cgt-msp430_16.9.6.LTS\lib\</path>
         <kind>archive</kind>
         <file>rts430x_lc_rd_eabi.lib</file>
         <name>int55.obj</name>
      </input_file>
      <input_file id="fl-73">
         <path>C:\CCS\ccsv7\tools\compiler\ti-cgt-msp430_16.9.6.LTS\lib\</path>
         <kind>archive</kind>
         <file>rts430x_lc_rd_eabi.lib</file>
         <name>int56.obj</name>
      </input_file>
      <input_file id="fl-74">
         <path>C:\CCS\ccsv7\tools\compiler\ti-cgt-msp430_16.9.6.LTS\lib\</path>
         <kind>archive</kind>
         <file>rts430x_lc_rd_eabi.lib</file>
         <name>int57.obj</name>
      </input_file>
      <input_file id="fl-75">
         <path>C:\CCS\ccsv7\tools\compiler\ti-cgt-msp430_16.9.6.LTS\lib\</path>
         <kind>archive</kind>
         <file>rts430x_lc_rd_eabi.lib</file>
         <name>int58.obj</name>
      </input_file>
      <input_file id="fl-76">
         <path>C:\CCS\ccsv7\tools\compiler\ti-cgt-msp430_16.9.6.LTS\lib\</path>
         <kind>archive</kind>
         <file>rts430x_lc_rd_eabi.lib</file>
         <name>int59.obj</name>
      </input_file>
      <input_file id="fl-77">
         <path>C:\CCS\ccsv7\tools\compiler\ti-cgt-msp430_16.9.6.LTS\lib\</path>
         <kind>archive</kind>
         <file>rts430x_lc_rd_eabi.lib</file>
         <name>int60.obj</name>
      </input_file>
      <input_file id="fl-78">
         <path>C:\CCS\ccsv7\tools\compiler\ti-cgt-msp430_16.9.6.LTS\lib\</path>
         <kind>archive</kind>
         <file>rts430x_lc_rd_eabi.lib</file>
         <name>int62.obj</name>
      </input_file>
      <input_file id="fl-79">
         <path>C:\CCS\ccsv7\tools\compiler\ti-cgt-msp430_16.9.6.LTS\lib\</path>
         <kind>archive</kind>
         <file>rts430x_lc_rd_eabi.lib</file>
         <name>isr_trap.obj</name>
      </input_file>
      <input_file id="fl-7a">
         <path>C:\CCS\ccsv7\tools\compiler\ti-cgt-msp430_16.9.6.LTS\lib\</path>
         <kind>archive</kind>
         <file>rts430x_lc_rd_eabi.lib</file>
         <name>lsl16.obj</name>
      </input_file>
      <input_file id="fl-7b">
         <path>C:\CCS\ccsv7\tools\compiler\ti-cgt-msp430_16.9.6.LTS\lib\</path>
         <kind>archive</kind>
         <file>rts430x_lc_rd_eabi.lib</file>
         <name>memcpy.obj</name>
      </input_file>
      <input_file id="fl-7c">
         <path>C:\CCS\ccsv7\tools\compiler\ti-cgt-msp430_16.9.6.LTS\lib\</path>
         <kind>archive</kind>
         <file>rts430x_lc_rd_eabi.lib</file>
         <name>memset.obj</name>
      </input_file>
      <input_file id="fl-7d">
         <path>C:\CCS\ccsv7\tools\compiler\ti-cgt-msp430_16.9.6.LTS\lib\</path>
         <kind>archive</kind>
         <file>rts430x_lc_rd_eabi.lib</file>
         <name>mpu_init.obj</name>
      </input_file>
      <input_file id="fl-7e">
         <path>C:\CCS\ccsv7\tools\compiler\ti-cgt-msp430_16.9.6.LTS\lib\</path>
         <kind>archive</kind>
         <file>rts430x_lc_rd_eabi.lib</file>
         <name>mult16.obj</name>
      </input_file>
      <input_file id="fl-7f">
         <path>C:\CCS\ccsv7\tools\compiler\ti-cgt-msp430_16.9.6.LTS\lib\</path>
         <kind>archive</kind>
         <file>rts430x_lc_rd_eabi.lib</file>
         <name>mult1632_f5hw.obj</name>
      </input_file>
      <input_file id="fl-80">
         <path>C:\CCS\ccsv7\tools\compiler\ti-cgt-msp430_16.9.6.LTS\lib\</path>
         <kind>archive</kind>
         <file>rts430x_lc_rd_eabi.lib</file>
         <name>mult16_f5hw.obj</name>
      </input_file>
      <input_file id="fl-81">
         <path>C:\CCS\ccsv7\tools\compiler\ti-cgt-msp430_16.9.6.LTS\lib\</path>
         <kind>archive</kind>
         <file>rts430x_lc_rd_eabi.lib</file>
         <name>mult3264_f5hw.obj</name>
      </input_file>
      <input_file id="fl-82">
         <path>C:\CCS\ccsv7\tools\compiler\ti-cgt-msp430_16.9.6.LTS\lib\</path>
         <kind>archive</kind>
         <file>rts430x_lc_rd_eabi.lib</file>
         <name>mult32_f5hw.obj</name>
      </input_file>
      <input_file id="fl-83">
         <path>C:\CCS\ccsv7\tools\compiler\ti-cgt-msp430_16.9.6.LTS\lib\</path>
         <kind>archive</kind>
         <file>rts430x_lc_rd_eabi.lib</file>
         <name>mult64_f5hw.obj</name>
      </input_file>
      <input_file id="fl-84">
         <path>C:\CCS\ccsv7\tools\compiler\ti-cgt-msp430_16.9.6.LTS\lib\</path>
         <kind>archive</kind>
         <file>rts430x_lc_rd_eabi.lib</file>
         <name>pre_init.obj</name>
      </input_file>
      <input_file id="fl-85">
         <path>C:\CCS\ccsv7\tools\compiler\ti-cgt-msp430_16.9.6.LTS\lib\</path>
         <kind>archive</kind>
         <file>rts430x_lc_rd_eabi.lib</file>
         <name>strcat.obj</name>
      </input_file>
      <input_file id="fl-86">
         <path>C:\CCS\ccsv7\tools\compiler\ti-cgt-msp430_16.9.6.LTS\lib\</path>
         <kind>archive</kind>
         <file>rts430x_lc_rd_eabi.lib</file>
         <name>strcmp.obj</name>
      </input_file>
      <input_file id="fl-87">
         <path>C:\CCS\ccsv7\tools\compiler\ti-cgt-msp430_16.9.6.LTS\lib\</path>
         <kind>archive</kind>
         <file>rts430x_lc_rd_eabi.lib</file>
         <name>strcpy.obj</name>
      </input_file>
      <input_file id="fl-88">
         <path>C:\CCS\ccsv7\tools\compiler\ti-cgt-msp430_16.9.6.LTS\lib\</path>
         <kind>archive</kind>
         <file>rts430x_lc_rd_eabi.lib</file>
         <name>strlen.obj</name>
      </input_file>
      <input_file id="fl-89">
         <path>C:\CCS\ccsv7\tools\compiler\ti-cgt-msp430_16.9.6.LTS\lib\</path>
         <kind>archive</kind>
         <file>rts430x_lc_rd_eabi.lib</file>
         <name>strncpy.obj</name>
      </input_file>
      <input_file id="fl-8a">
         <path>C:\CCS\ccsv7\tools\compiler\ti-cgt-msp430_16.9.6.LTS\lib\</path>
         <kind>archive</kind>
         <file>rts430x_lc_rd_eabi.lib</file>
         <name>_lock.obj</name>
      </input_file>
      <input_file id="fl-8b">
         <path>C:\CCS\ccsv7\tools\compiler\ti-cgt-msp430_16.9.6.LTS\lib\</path>
         <kind>archive</kind>
         <file>rts430x_lc_rd_eabi.lib</file>
         <name>args_main.obj</name>
      </input_file>
      <input_file id="fl-8c">
         <path>C:\CCS\ccsv7\tools\compiler\ti-cgt-msp430_16.9.6.LTS\lib\</path>
         <kind>archive</kind>
         <file>rts430x_lc_rd_eabi.lib</file>
         <name>autoinit_wdt.obj</name>
      </input_file>
      <input_file id="fl-8d">
         <path>C:\CCS\ccsv7\tools\compiler\ti-cgt-msp430_16.9.6.LTS\lib\</path>
         <kind>archive</kind>
         <file>rts430x_lc_rd_eabi.lib</file>
         <name>cpy_tbl.obj</name>
      </input_file>
      <input_file id="fl-8e">
         <path>C:\CCS\ccsv7\tools\compiler\ti-cgt-msp430_16.9.6.LTS\lib\</path>
         <kind>archive</kind>
         <file>rts430x_lc_rd_eabi.lib</file>
         <name>startup.obj</name>
      </input_file>
   </input_file_list>
   <object_component_list>
      <object_component id="oc-5bf">
         <name>.bss</name>
         <uninitialized>true</uninitialized>
         <run_address>0x243c</run_address>
         <size>0xb</size>
         <input_file_ref idref="fl-c"/>
      </object_component>
      <object_component id="oc-5de">
         <name>.bss:HidWriteCtrl</name>
         <uninitialized>true</uninitialized>
         <run_address>0x2448</run_address>
         <size>0xa</size>
         <input_file_ref idref="fl-d"/>
      </object_component>
      <object_component id="oc-586">
         <name>.bss:HidReadCtrl</name>
         <uninitialized>true</uninitialized>
         <run_address>0x2422</run_address>
         <size>0x1a</size>
         <input_file_ref idref="fl-d"/>
      </object_component>
      <object_component id="oc-7c8">
         <name>.bss</name>
         <uninitialized>true</uninitialized>
         <run_address>0x2447</run_address>
         <size>0x1</size>
         <input_file_ref idref="fl-f"/>
      </object_component>
      <object_component id="oc-5e7">
         <name>.common:USB_TX_memcpy</name>
         <uninitialized>true</uninitialized>
         <run_address>0x2466</run_address>
         <size>0x4</size>
      </object_component>
      <object_component id="oc-695">
         <name>.common:USB_RX_memcpy</name>
         <uninitialized>true</uninitialized>
         <run_address>0x2462</run_address>
         <size>0x4</size>
      </object_component>
      <object_component id="oc-5c2">
         <name>.common:wBytesRemainingOnIEP0</name>
         <uninitialized>true</uninitialized>
         <run_address>0x246a</run_address>
         <size>0x2</size>
      </object_component>
      <object_component id="oc-5c3">
         <name>.common:wBytesRemainingOnOEP0</name>
         <uninitialized>true</uninitialized>
         <run_address>0x246c</run_address>
         <size>0x2</size>
      </object_component>
      <object_component id="oc-579">
         <name>.common:abUsbRequestReturnData</name>
         <uninitialized>true</uninitialized>
         <run_address>0x245a</run_address>
         <size>0x8</size>
      </object_component>
      <object_component id="oc-7b6">
         <name>.common:abUsbRequestIncomingData</name>
         <uninitialized>true</uninitialized>
         <run_address>0x2452</run_address>
         <size>0x8</size>
      </object_component>
      <object_component id="oc-6ea">
         <name>.common:abramSerialStringDescriptor</name>
         <uninitialized>true</uninitialized>
         <run_address>0x2400</run_address>
         <size>0x22</size>
      </object_component>
      <object_component id="oc-578">
         <name>.common:bStatusAction</name>
         <uninitialized>true</uninitialized>
         <run_address>0x2470</run_address>
         <size>0x1</size>
      </object_component>
      <object_component id="oc-47d">
         <name>.common:wUsbEventMask</name>
         <uninitialized>true</uninitialized>
         <run_address>0x246e</run_address>
         <size>0x2</size>
      </object_component>
      <object_component id="oc-3eb">
         <name>.stack</name>
         <uninitialized>true</uninitialized>
         <run_address>0x4360</run_address>
         <size>0x4</size>
         <input_file_ref idref="fl-36"/>
      </object_component>
      <object_component id="oc-857">
         <name>.stack</name>
         <uninitialized>true</uninitialized>
         <run_address>0x4360</run_address>
         <size>0x0</size>
      </object_component>
      <object_component id="oc-64c">
         <name>.text:USBHID_receiveData</name>
         <load_address>0x4590</load_address>
         <run_address>0x4590</run_address>
         <size>0x516</size>
         <input_file_ref idref="fl-d"/>
      </object_component>
      <object_component id="oc-486">
         <name>.text:HidToBufferFromHost</name>
         <load_address>0x4aa6</load_address>
         <run_address>0x4aa6</run_address>
         <size>0x29a</size>
         <input_file_ref idref="fl-d"/>
      </object_component>
      <object_component id="oc-445">
         <name>.text:main</name>
         <load_address>0x4d40</load_address>
         <run_address>0x4d40</run_address>
         <size>0x250</size>
         <input_file_ref idref="fl-2"/>
      </object_component>
      <object_component id="oc-4ce">
         <name>.text:HidToHostFromBuffer</name>
         <load_address>0x4f90</load_address>
         <run_address>0x4f90</run_address>
         <size>0x1d6</size>
         <input_file_ref idref="fl-d"/>
      </object_component>
      <object_component id="oc-652">
         <name>.text:USBHID_bytesInUSBBuffer</name>
         <load_address>0x5166</load_address>
         <run_address>0x5166</run_address>
         <size>0x138</size>
         <input_file_ref idref="fl-d"/>
      </object_component>
      <object_component id="oc-4a4">
         <name>.text:USB_reset</name>
         <load_address>0x529e</load_address>
         <run_address>0x529e</run_address>
         <size>0x132</size>
         <input_file_ref idref="fl-c"/>
      </object_component>
      <object_component id="oc-5a4">
         <name>.text:HidCopyUsbToBuff</name>
         <load_address>0x53d0</load_address>
         <run_address>0x53d0</run_address>
         <size>0xfa</size>
         <input_file_ref idref="fl-d"/>
      </object_component>
      <object_component id="oc-6e3">
         <name>.text:Init_FLL</name>
         <load_address>0x54ca</load_address>
         <run_address>0x54ca</run_address>
         <size>0xe8</size>
         <input_file_ref idref="fl-9"/>
      </object_component>
      <object_component id="oc-638">
         <name>.text:USB_InitSerialStringDescriptor</name>
         <load_address>0x55b2</load_address>
         <run_address>0x55b2</run_address>
         <size>0xe8</size>
         <input_file_ref idref="fl-c"/>
      </object_component>
      <object_component id="oc-6d6">
         <name>.text:SetVCoreUp</name>
         <load_address>0x569a</load_address>
         <run_address>0x569a</run_address>
         <size>0xd4</size>
         <input_file_ref idref="fl-7"/>
      </object_component>
      <object_component id="oc-660">
         <name>.text:USBHID_intfStatus</name>
         <load_address>0x576e</load_address>
         <run_address>0x576e</run_address>
         <size>0xc8</size>
         <input_file_ref idref="fl-d"/>
      </object_component>
      <object_component id="oc-57a">
         <name>.text:usbDecodeAndProcessUsbRequest</name>
         <load_address>0x5836</load_address>
         <run_address>0x5836</run_address>
         <size>0x9e</size>
         <input_file_ref idref="fl-c"/>
      </object_component>
      <object_component id="oc-666">
         <name>.text:USBHID_sendData</name>
         <load_address>0x58d4</load_address>
         <run_address>0x58d4</run_address>
         <size>0x9c</size>
         <input_file_ref idref="fl-d"/>
      </object_component>
      <object_component id="oc-6dc">
         <name>.text:SetVCoreDown</name>
         <load_address>0x5970</load_address>
         <run_address>0x5970</run_address>
         <size>0x9a</size>
         <input_file_ref idref="fl-7"/>
      </object_component>
      <object_component id="oc-56c">
         <name>.text:USB_connectionState</name>
         <load_address>0x5a0a</load_address>
         <run_address>0x5a0a</run_address>
         <size>0x96</size>
         <input_file_ref idref="fl-c"/>
      </object_component>
      <object_component id="oc-5b2">
         <name>.text:USB_enable</name>
         <load_address>0x5aa0</load_address>
         <run_address>0x5aa0</run_address>
         <size>0x8e</size>
         <input_file_ref idref="fl-c"/>
      </object_component>
      <object_component id="oc-764">
         <name>.text:usbGetEndpointStatus</name>
         <load_address>0x5b2e</load_address>
         <run_address>0x5b2e</run_address>
         <size>0x88</size>
         <input_file_ref idref="fl-c"/>
      </object_component>
      <object_component id="oc-42b">
         <name>.text:_auto_init_hold_wdt</name>
         <load_address>0x5bb6</load_address>
         <run_address>0x5bb6</run_address>
         <size>0x82</size>
         <input_file_ref idref="fl-8c"/>
      </object_component>
      <object_component id="oc-559">
         <name>.text:retInString</name>
         <load_address>0x5c38</load_address>
         <run_address>0x5c38</run_address>
         <size>0x78</size>
         <input_file_ref idref="fl-2"/>
      </object_component>
      <object_component id="oc-50">
         <name>.text:decompress:lzss:__TI_decompress_lzss</name>
         <load_address>0x5cb0</load_address>
         <run_address>0x5cb0</run_address>
         <size>0x76</size>
         <input_file_ref idref="fl-38"/>
      </object_component>
      <object_component id="oc-553">
         <name>.text:hidSendDataInBackground</name>
         <load_address>0x5d26</load_address>
         <run_address>0x5d26</run_address>
         <size>0x6e</size>
         <input_file_ref idref="fl-3"/>
      </object_component>
      <object_component id="oc-5f2">
         <name>.text:usbSendNextPacketOnIEP0</name>
         <load_address>0x5d94</load_address>
         <run_address>0x5d94</run_address>
         <size>0x6e</size>
         <input_file_ref idref="fl-c"/>
      </object_component>
      <object_component id="oc-4f0">
         <name>.text:copy_in</name>
         <load_address>0x5e02</load_address>
         <run_address>0x5e02</run_address>
         <size>0x64</size>
         <input_file_ref idref="fl-8d"/>
      </object_component>
      <object_component id="oc-51d">
         <name>.text:USB_init</name>
         <load_address>0x5e66</load_address>
         <run_address>0x5e66</run_address>
         <size>0x5c</size>
         <input_file_ref idref="fl-c"/>
      </object_component>
      <object_component id="oc-5eb">
         <name>.text:usbReceiveNextPacketOnOEP0</name>
         <load_address>0x5ec2</load_address>
         <run_address>0x5ec2</run_address>
         <size>0x52</size>
         <input_file_ref idref="fl-c"/>
      </object_component>
      <object_component id="oc-6eb">
         <name>.text:Get_TLV_Info</name>
         <load_address>0x5f14</load_address>
         <run_address>0x5f14</run_address>
         <size>0x50</size>
         <input_file_ref idref="fl-8"/>
      </object_component>
      <object_component id="oc-74c">
         <name>.text:usbGetStringDescriptor</name>
         <load_address>0x5f64</load_address>
         <run_address>0x5f64</run_address>
         <size>0x4a</size>
         <input_file_ref idref="fl-c"/>
      </object_component>
      <object_component id="oc-4b0">
         <name>.text:PWRVBUSoffHandler</name>
         <load_address>0x5fae</load_address>
         <run_address>0x5fae</run_address>
         <size>0x48</size>
         <input_file_ref idref="fl-13"/>
      </object_component>
      <object_component id="oc-471">
         <name>.text:SetupPacketInterruptHandler</name>
         <load_address>0x5ff6</load_address>
         <run_address>0x5ff6</run_address>
         <size>0x48</size>
         <input_file_ref idref="fl-13"/>
      </object_component>
      <object_component id="oc-776">
         <name>.text:usbSetEndpointFeature</name>
         <load_address>0x603e</load_address>
         <run_address>0x603e</run_address>
         <size>0x46</size>
         <input_file_ref idref="fl-c"/>
      </object_component>
      <object_component id="oc-62b">
         <name>.text:SetVCore</name>
         <load_address>0x6084</load_address>
         <run_address>0x6084</run_address>
         <size>0x40</size>
         <input_file_ref idref="fl-7"/>
      </object_component>
      <object_component id="oc-53e">
         <name>.text:hidReceiveDataInBuffer</name>
         <load_address>0x60c4</load_address>
         <run_address>0x60c4</run_address>
         <size>0x40</size>
         <input_file_ref idref="fl-3"/>
      </object_component>
      <object_component id="oc-734">
         <name>.text:usbClearEndpointFeature</name>
         <load_address>0x6104</load_address>
         <run_address>0x6104</run_address>
         <size>0x3e</size>
         <input_file_ref idref="fl-c"/>
      </object_component>
      <object_component id="oc-625">
         <name>.text:Init_Ports</name>
         <load_address>0x6142</load_address>
         <run_address>0x6142</run_address>
         <size>0x3a</size>
         <input_file_ref idref="fl-2"/>
      </object_component>
      <object_component id="oc-63e">
         <name>.text:USB_initMemcpy</name>
         <load_address>0x617c</load_address>
         <run_address>0x617c</run_address>
         <size>0x38</size>
         <input_file_ref idref="fl-b"/>
      </object_component>
      <object_component id="oc-4bc">
         <name>.text:PWRVBUSonHandler</name>
         <load_address>0x61b4</load_address>
         <run_address>0x61b4</run_address>
         <size>0x36</size>
         <input_file_ref idref="fl-13"/>
      </object_component>
      <object_component id="oc-631">
         <name>.text:Init_Clock</name>
         <load_address>0x61ea</load_address>
         <run_address>0x61ea</run_address>
         <size>0x34</size>
         <input_file_ref idref="fl-2"/>
      </object_component>
      <object_component id="oc-498">
         <name>.text:USB_suspend</name>
         <load_address>0x621e</load_address>
         <run_address>0x621e</run_address>
         <size>0x32</size>
         <input_file_ref idref="fl-c"/>
      </object_component>
      <object_component id="oc-66d">
         <name>.text:strncpy</name>
         <load_address>0x6250</load_address>
         <run_address>0x6250</run_address>
         <size>0x32</size>
         <input_file_ref idref="fl-89"/>
      </object_component>
      <object_component id="oc-52f">
         <name>.text:USB_connectionInfo</name>
         <load_address>0x6282</load_address>
         <run_address>0x6282</run_address>
         <size>0x30</size>
         <input_file_ref idref="fl-c"/>
      </object_component>
      <object_component id="oc-69f">
         <name>.text:XT2_Start</name>
         <load_address>0x62b2</load_address>
         <run_address>0x62b2</run_address>
         <size>0x30</size>
         <input_file_ref idref="fl-9"/>
      </object_component>
      <object_component id="oc-728">
         <name>.text:usbGetHidDescriptor</name>
         <load_address>0x62e2</load_address>
         <run_address>0x62e2</run_address>
         <size>0x2e</size>
         <input_file_ref idref="fl-f"/>
      </object_component>
      <object_component id="oc-758">
         <name>.text:usbGetDeviceStatus</name>
         <load_address>0x6310</load_address>
         <run_address>0x6310</run_address>
         <size>0x2a</size>
         <input_file_ref idref="fl-c"/>
      </object_component>
      <object_component id="oc-5d6">
         <name>.text:USB_connect</name>
         <load_address>0x633a</load_address>
         <run_address>0x633a</run_address>
         <size>0x28</size>
         <input_file_ref idref="fl-c"/>
      </object_component>
      <object_component id="oc-6f8">
         <name>.text:memcpyDMA0</name>
         <load_address>0x6362</load_address>
         <run_address>0x6362</run_address>
         <size>0x28</size>
         <input_file_ref idref="fl-b"/>
      </object_component>
      <object_component id="oc-9b">
         <name>.text:decompress:ZI:__TI_zero_init</name>
         <load_address>0x638a</load_address>
         <run_address>0x638a</run_address>
         <size>0x24</size>
         <input_file_ref idref="fl-3a"/>
      </object_component>
      <object_component id="oc-4e6">
         <name>.text:USB_disable</name>
         <load_address>0x63ae</load_address>
         <run_address>0x63ae</run_address>
         <size>0x22</size>
         <input_file_ref idref="fl-c"/>
      </object_component>
      <object_component id="oc-6f2">
         <name>.text:memcpyV</name>
         <load_address>0x63d0</load_address>
         <run_address>0x63d0</run_address>
         <size>0x22</size>
         <input_file_ref idref="fl-b"/>
      </object_component>
      <object_component id="oc-7c1">
         <name>.text:usbSendDataPacketOnEP0</name>
         <load_address>0x63f2</load_address>
         <run_address>0x63f2</run_address>
         <size>0x22</size>
         <input_file_ref idref="fl-c"/>
      </object_component>
      <object_component id="oc-5c4">
         <name>.text:HidResetData</name>
         <load_address>0x6414</load_address>
         <run_address>0x6414</run_address>
         <size>0x1e</size>
         <input_file_ref idref="fl-d"/>
      </object_component>
      <object_component id="oc-547">
         <name>.text:strcat</name>
         <load_address>0x6432</load_address>
         <run_address>0x6432</run_address>
         <size>0x1e</size>
         <input_file_ref idref="fl-85"/>
      </object_component>
      <object_component id="oc-67c">
         <name>.text:usbSetAddress</name>
         <load_address>0x6450</load_address>
         <run_address>0x6450</run_address>
         <size>0x1e</size>
         <input_file_ref idref="fl-c"/>
      </object_component>
      <object_component id="oc-76a">
         <name>.text:usbSetConfiguration</name>
         <load_address>0x646e</load_address>
         <run_address>0x646e</run_address>
         <size>0x1e</size>
         <input_file_ref idref="fl-c"/>
      </object_component>
      <object_component id="oc-4da">
         <name>.text:IEP0InterruptHandler</name>
         <load_address>0x648c</load_address>
         <run_address>0x648c</run_address>
         <size>0x1c</size>
         <input_file_ref idref="fl-13"/>
      </object_component>
      <object_component id="oc-517">
         <name>.text:Init_StartUp</name>
         <load_address>0x64a8</load_address>
         <run_address>0x64a8</run_address>
         <size>0x1c</size>
         <input_file_ref idref="fl-2"/>
      </object_component>
      <object_component id="oc-4d4">
         <name>.text:OEP0InterruptHandler</name>
         <load_address>0x64c4</load_address>
         <run_address>0x64c4</run_address>
         <size>0x1c</size>
         <input_file_ref idref="fl-13"/>
      </object_component>
      <object_component id="oc-560">
         <name>.text:strcmp</name>
         <load_address>0x64e0</load_address>
         <run_address>0x64e0</run_address>
         <size>0x1c</size>
         <input_file_ref idref="fl-86"/>
      </object_component>
      <object_component id="oc-752">
         <name>.text:usbGetInterface</name>
         <load_address>0x64fc</load_address>
         <run_address>0x64fc</run_address>
         <size>0x1c</size>
         <input_file_ref idref="fl-c"/>
      </object_component>
      <object_component id="oc-75e">
         <name>.text:usbGetInterfaceStatus</name>
         <load_address>0x6518</load_address>
         <run_address>0x6518</run_address>
         <size>0x1c</size>
         <input_file_ref idref="fl-c"/>
      </object_component>
      <object_component id="oc-477">
         <name>.text:HidIsReceiveInProgress</name>
         <load_address>0x6534</load_address>
         <run_address>0x6534</run_address>
         <size>0x1a</size>
         <input_file_ref idref="fl-d"/>
      </object_component>
      <object_component id="oc-48c">
         <name>.text:USB_resume</name>
         <load_address>0x654e</load_address>
         <run_address>0x654e</run_address>
         <size>0x18</size>
         <input_file_ref idref="fl-c"/>
      </object_component>
      <object_component id="oc-581">
         <name>.text</name>
         <load_address>0x6566</load_address>
         <run_address>0x6566</run_address>
         <size>0x18</size>
         <input_file_ref idref="fl-80"/>
      </object_component>
      <object_component id="oc-716">
         <name>.text:usbGetReport</name>
         <load_address>0x657e</load_address>
         <run_address>0x657e</run_address>
         <size>0x18</size>
         <input_file_ref idref="fl-f"/>
      </object_component>
      <object_component id="oc-538">
         <name>.text:memset</name>
         <load_address>0x6596</load_address>
         <run_address>0x6596</run_address>
         <size>0x16</size>
         <input_file_ref idref="fl-7c"/>
      </object_component>
      <object_component id="oc-72e">
         <name>.text:usbClearDeviceFeature</name>
         <load_address>0x65ac</load_address>
         <run_address>0x65ac</run_address>
         <size>0x16</size>
         <input_file_ref idref="fl-c"/>
      </object_component>
      <object_component id="oc-770">
         <name>.text:usbSetDeviceFeature</name>
         <load_address>0x65c2</load_address>
         <run_address>0x65c2</run_address>
         <size>0x16</size>
         <input_file_ref idref="fl-c"/>
      </object_component>
      <object_component id="oc-4c2">
         <name>.text:USB_handleVbusOnEvent</name>
         <load_address>0x65d8</load_address>
         <run_address>0x65d8</run_address>
         <size>0x14</size>
         <input_file_ref idref="fl-4"/>
      </object_component>
      <object_component id="oc-3fa">
         <name>.text:memcpy</name>
         <load_address>0x65ec</load_address>
         <run_address>0x65ec</run_address>
         <size>0x14</size>
         <input_file_ref idref="fl-7b"/>
      </object_component>
      <object_component id="oc-746">
         <name>.text:usbGetConfigurationDescriptor</name>
         <load_address>0x6600</load_address>
         <run_address>0x6600</run_address>
         <size>0x14</size>
         <input_file_ref idref="fl-c"/>
      </object_component>
      <object_component id="oc-740">
         <name>.text:usbGetDeviceDescriptor</name>
         <load_address>0x6614</load_address>
         <run_address>0x6614</run_address>
         <size>0x14</size>
         <input_file_ref idref="fl-c"/>
      </object_component>
      <object_component id="oc-7b7">
         <name>.text:usbReceiveDataPacketOnEP0</name>
         <load_address>0x6628</load_address>
         <run_address>0x6628</run_address>
         <size>0x14</size>
         <input_file_ref idref="fl-c"/>
      </object_component>
      <object_component id="oc-56">
         <name>.text:decompress:none:__TI_decompress_none</name>
         <load_address>0x663c</load_address>
         <run_address>0x663c</run_address>
         <size>0x12</size>
         <input_file_ref idref="fl-39"/>
      </object_component>
      <object_component id="oc-566">
         <name>.text:strcpy</name>
         <load_address>0x664e</load_address>
         <run_address>0x664e</run_address>
         <size>0x12</size>
         <input_file_ref idref="fl-87"/>
      </object_component>
      <object_component id="oc-73a">
         <name>.text:usbGetConfiguration</name>
         <load_address>0x6660</load_address>
         <run_address>0x6660</run_address>
         <size>0x12</size>
         <input_file_ref idref="fl-c"/>
      </object_component>
      <object_component id="oc-722">
         <name>.text:usbGetReportDescriptor</name>
         <load_address>0x6672</load_address>
         <run_address>0x6672</run_address>
         <size>0x10</size>
         <input_file_ref idref="fl-f"/>
      </object_component>
      <object_component id="oc-77c">
         <name>.text:usbSetInterface</name>
         <load_address>0x6682</load_address>
         <run_address>0x6682</run_address>
         <size>0x10</size>
         <input_file_ref idref="fl-c"/>
      </object_component>
      <object_component id="oc-523">
         <name>.text:Init_TimerA1</name>
         <load_address>0x6692</load_address>
         <run_address>0x6692</run_address>
         <size>0xe</size>
         <input_file_ref idref="fl-2"/>
      </object_component>
      <object_component id="oc-54d">
         <name>.text:strlen</name>
         <load_address>0x66a0</load_address>
         <run_address>0x66a0</run_address>
         <size>0xe</size>
         <input_file_ref idref="fl-88"/>
      </object_component>
      <object_component id="oc-790">
         <name>.text:usbSendZeroLengthPacketOnIEP0</name>
         <load_address>0x66ae</load_address>
         <run_address>0x66ae</run_address>
         <size>0xe</size>
         <input_file_ref idref="fl-c"/>
      </object_component>
      <object_component id="oc-782">
         <name>.text:usbInvalidRequest</name>
         <load_address>0x66bc</load_address>
         <run_address>0x66bc</run_address>
         <size>0xc</size>
         <input_file_ref idref="fl-c"/>
      </object_component>
      <object_component id="oc-7a9">
         <name>.text:Handler_InFeature</name>
         <load_address>0x66c8</load_address>
         <run_address>0x66c8</run_address>
         <size>0xa</size>
         <input_file_ref idref="fl-e"/>
      </object_component>
      <object_component id="oc-70a">
         <name>.text</name>
         <load_address>0x66d2</load_address>
         <run_address>0x66d2</run_address>
         <size>0xa</size>
         <input_file_ref idref="fl-7a"/>
      </object_component>
      <object_component id="oc-71c">
         <name>.text:usbSetReport</name>
         <load_address>0x66dc</load_address>
         <run_address>0x66dc</run_address>
         <size>0xa</size>
         <input_file_ref idref="fl-f"/>
      </object_component>
      <object_component id="oc-78a">
         <name>.text:usbStallEndpoint0</name>
         <load_address>0x66e6</load_address>
         <run_address>0x66e6</run_address>
         <size>0xa</size>
         <input_file_ref idref="fl-c"/>
      </object_component>
      <object_component id="oc-480">
         <name>.text:USBHID_handleDataReceived</name>
         <load_address>0x66f0</load_address>
         <run_address>0x66f0</run_address>
         <size>0x8</size>
         <input_file_ref idref="fl-4"/>
      </object_component>
      <object_component id="oc-4b6">
         <name>.text:USB_handleVbusOffEvent</name>
         <load_address>0x66f8</load_address>
         <run_address>0x66f8</run_address>
         <size>0x8</size>
         <input_file_ref idref="fl-4"/>
      </object_component>
      <object_component id="oc-529">
         <name>.text:USB_setEnabledEvents</name>
         <load_address>0x6700</load_address>
         <run_address>0x6700</run_address>
         <size>0x8</size>
         <input_file_ref idref="fl-c"/>
      </object_component>
      <object_component id="oc-5ce">
         <name>.text:XT2_Stop</name>
         <load_address>0x6708</load_address>
         <run_address>0x6708</run_address>
         <size>0x8</size>
         <input_file_ref idref="fl-9"/>
      </object_component>
      <object_component id="oc-44d">
         <name>.text:abort</name>
         <load_address>0x6710</load_address>
         <run_address>0x6710</run_address>
         <size>0x6</size>
         <input_file_ref idref="fl-3b"/>
      </object_component>
      <object_component id="oc-6bf">
         <name>.text:usbClearOEP0ByteCount</name>
         <load_address>0x6716</load_address>
         <run_address>0x6716</run_address>
         <size>0x6</size>
         <input_file_ref idref="fl-c"/>
      </object_component>
      <object_component id="oc-6b9">
         <name>.text:usbStallOEP0</name>
         <load_address>0x671c</load_address>
         <run_address>0x671c</run_address>
         <size>0x6</size>
         <input_file_ref idref="fl-c"/>
      </object_component>
      <object_component id="oc-5aa">
         <name>.text:USBHID_handleReceiveCompleted</name>
         <load_address>0x6722</load_address>
         <run_address>0x6722</run_address>
         <size>0x4</size>
         <input_file_ref idref="fl-4"/>
      </object_component>
      <object_component id="oc-5e1">
         <name>.text:USBHID_handleSendCompleted</name>
         <load_address>0x6726</load_address>
         <run_address>0x6726</run_address>
         <size>0x4</size>
         <input_file_ref idref="fl-4"/>
      </object_component>
      <object_component id="oc-4c8">
         <name>.text:USB_handleClockEvent</name>
         <load_address>0x672a</load_address>
         <run_address>0x672a</run_address>
         <size>0x4</size>
         <input_file_ref idref="fl-4"/>
      </object_component>
      <object_component id="oc-682">
         <name>.text:USB_handleEnumCompleteEvent</name>
         <load_address>0x672e</load_address>
         <run_address>0x672e</run_address>
         <size>0x4</size>
         <input_file_ref idref="fl-4"/>
      </object_component>
      <object_component id="oc-4aa">
         <name>.text:USB_handleResetEvent</name>
         <load_address>0x6732</load_address>
         <run_address>0x6732</run_address>
         <size>0x4</size>
         <input_file_ref idref="fl-4"/>
      </object_component>
      <object_component id="oc-492">
         <name>.text:USB_handleResumeEvent</name>
         <load_address>0x6736</load_address>
         <run_address>0x6736</run_address>
         <size>0x4</size>
         <input_file_ref idref="fl-4"/>
      </object_component>
      <object_component id="oc-49e">
         <name>.text:USB_handleSuspendEvent</name>
         <load_address>0x673a</load_address>
         <run_address>0x673a</run_address>
         <size>0x4</size>
         <input_file_ref idref="fl-4"/>
      </object_component>
      <object_component id="oc-425">
         <name>.text:_system_pre_init</name>
         <load_address>0x673e</load_address>
         <run_address>0x673e</run_address>
         <size>0x4</size>
         <input_file_ref idref="fl-84"/>
      </object_component>
      <object_component id="oc-7af">
         <name>.text:Handler_InReport</name>
         <load_address>0x6742</load_address>
         <run_address>0x6742</run_address>
         <size>0x2</size>
         <input_file_ref idref="fl-e"/>
      </object_component>
      <object_component id="oc-4f6">
         <name>.text:_system_post_cinit</name>
         <load_address>0x6744</load_address>
         <run_address>0x6744</run_address>
         <size>0x2</size>
         <input_file_ref idref="fl-8e"/>
      </object_component>
      <object_component id="oc-412">
         <name>.text:_isr:iUsbInterruptHandler</name>
         <load_address>0x4400</load_address>
         <run_address>0x4400</run_address>
         <size>0x12c</size>
         <input_file_ref idref="fl-13"/>
      </object_component>
      <object_component id="oc-418">
         <name>.text:_isr:UNMI_ISR</name>
         <load_address>0x452c</load_address>
         <run_address>0x452c</run_address>
         <size>0x3c</size>
         <input_file_ref idref="fl-2"/>
      </object_component>
      <object_component id="oc-b9">
         <name>.text:_isr:_c_int00_noargs_noexit</name>
         <load_address>0x4568</load_address>
         <run_address>0x4568</run_address>
         <size>0x1a</size>
         <input_file_ref idref="fl-37"/>
      </object_component>
      <object_component id="oc-407">
         <name>.text:_isr:__TI_ISR_TRAP</name>
         <load_address>0x4582</load_address>
         <run_address>0x4582</run_address>
         <size>0x8</size>
         <input_file_ref idref="fl-79"/>
      </object_component>
      <object_component id="oc-40c">
         <name>.text:_isr:TIMER1_A0_ISR</name>
         <load_address>0x458a</load_address>
         <run_address>0x458a</run_address>
         <size>0x6</size>
         <input_file_ref idref="fl-2"/>
      </object_component>
      <object_component id="oc-856">
         <name>.cinit..data.load</name>
         <load_address>0x69fa</load_address>
         <run_address>0x69fa</run_address>
         <size>0xe</size>
      </object_component>
      <object_component id="oc-853">
         <name>__TI_handler_table</name>
         <load_address>0x6a08</load_address>
         <run_address>0x6a08</run_address>
         <size>0xc</size>
      </object_component>
      <object_component id="oc-855">
         <name>.cinit..bss.load</name>
         <load_address>0x6a14</load_address>
         <run_address>0x6a14</run_address>
         <size>0x6</size>
      </object_component>
      <object_component id="oc-854">
         <name>__TI_cinit_table</name>
         <load_address>0x6a1a</load_address>
         <run_address>0x6a1a</run_address>
         <size>0x10</size>
      </object_component>
      <object_component id="oc-679">
         <name>.const:tUsbRequestList</name>
         <load_address>0x6746</load_address>
         <run_address>0x6746</run_address>
         <size>0x118</size>
         <input_file_ref idref="fl-14"/>
      </object_component>
      <object_component id="oc-55f">
         <name>.const:.string</name>
         <load_address>0x685e</load_address>
         <run_address>0x685e</run_address>
         <size>0xa8</size>
         <input_file_ref idref="fl-2"/>
      </object_component>
      <object_component id="oc-7d5">
         <name>.const:.string:abromStringDescriptor</name>
         <load_address>0x6906</load_address>
         <run_address>0x6906</run_address>
         <size>0x84</size>
         <input_file_ref idref="fl-14"/>
      </object_component>
      <object_component id="oc-7c9">
         <name>.const:abromConfigurationDescriptorGroup</name>
         <load_address>0x698a</load_address>
         <run_address>0x698a</run_address>
         <size>0x29</size>
         <input_file_ref idref="fl-14"/>
      </object_component>
      <object_component id="oc-7be">
         <name>.const:.string:abromReportDescriptor</name>
         <load_address>0x69b4</load_address>
         <run_address>0x69b4</run_address>
         <size>0x24</size>
         <input_file_ref idref="fl-14"/>
      </object_component>
      <object_component id="oc-7d0">
         <name>.const:.string:abromDeviceDescriptor</name>
         <load_address>0x69d8</load_address>
         <run_address>0x69d8</run_address>
         <size>0x12</size>
         <input_file_ref idref="fl-14"/>
      </object_component>
      <object_component id="oc-5a1">
         <name>.const:stUsbHandle</name>
         <load_address>0x69ea</load_address>
         <run_address>0x69ea</run_address>
         <size>0x10</size>
         <input_file_ref idref="fl-14"/>
      </object_component>
      <object_component id="oc-5c">
         <name>.int00</name>
         <load_address>0xff80</load_address>
         <run_address>0xff80</run_address>
         <size>0x2</size>
         <input_file_ref idref="fl-3d"/>
      </object_component>
      <object_component id="oc-5d">
         <name>.int01</name>
         <load_address>0xff82</load_address>
         <run_address>0xff82</run_address>
         <size>0x2</size>
         <input_file_ref idref="fl-3e"/>
      </object_component>
      <object_component id="oc-5e">
         <name>.int02</name>
         <load_address>0xff84</load_address>
         <run_address>0xff84</run_address>
         <size>0x2</size>
         <input_file_ref idref="fl-3f"/>
      </object_component>
      <object_component id="oc-5f">
         <name>.int03</name>
         <load_address>0xff86</load_address>
         <run_address>0xff86</run_address>
         <size>0x2</size>
         <input_file_ref idref="fl-40"/>
      </object_component>
      <object_component id="oc-60">
         <name>.int04</name>
         <load_address>0xff88</load_address>
         <run_address>0xff88</run_address>
         <size>0x2</size>
         <input_file_ref idref="fl-41"/>
      </object_component>
      <object_component id="oc-61">
         <name>.int05</name>
         <load_address>0xff8a</load_address>
         <run_address>0xff8a</run_address>
         <size>0x2</size>
         <input_file_ref idref="fl-42"/>
      </object_component>
      <object_component id="oc-62">
         <name>.int06</name>
         <load_address>0xff8c</load_address>
         <run_address>0xff8c</run_address>
         <size>0x2</size>
         <input_file_ref idref="fl-43"/>
      </object_component>
      <object_component id="oc-63">
         <name>.int07</name>
         <load_address>0xff8e</load_address>
         <run_address>0xff8e</run_address>
         <size>0x2</size>
         <input_file_ref idref="fl-44"/>
      </object_component>
      <object_component id="oc-64">
         <name>.int08</name>
         <load_address>0xff90</load_address>
         <run_address>0xff90</run_address>
         <size>0x2</size>
         <input_file_ref idref="fl-45"/>
      </object_component>
      <object_component id="oc-65">
         <name>.int09</name>
         <load_address>0xff92</load_address>
         <run_address>0xff92</run_address>
         <size>0x2</size>
         <input_file_ref idref="fl-46"/>
      </object_component>
      <object_component id="oc-66">
         <name>.int10</name>
         <load_address>0xff94</load_address>
         <run_address>0xff94</run_address>
         <size>0x2</size>
         <input_file_ref idref="fl-47"/>
      </object_component>
      <object_component id="oc-67">
         <name>.int11</name>
         <load_address>0xff96</load_address>
         <run_address>0xff96</run_address>
         <size>0x2</size>
         <input_file_ref idref="fl-48"/>
      </object_component>
      <object_component id="oc-68">
         <name>.int12</name>
         <load_address>0xff98</load_address>
         <run_address>0xff98</run_address>
         <size>0x2</size>
         <input_file_ref idref="fl-49"/>
      </object_component>
      <object_component id="oc-69">
         <name>.int13</name>
         <load_address>0xff9a</load_address>
         <run_address>0xff9a</run_address>
         <size>0x2</size>
         <input_file_ref idref="fl-4a"/>
      </object_component>
      <object_component id="oc-6a">
         <name>.int14</name>
         <load_address>0xff9c</load_address>
         <run_address>0xff9c</run_address>
         <size>0x2</size>
         <input_file_ref idref="fl-4b"/>
      </object_component>
      <object_component id="oc-6b">
         <name>.int15</name>
         <load_address>0xff9e</load_address>
         <run_address>0xff9e</run_address>
         <size>0x2</size>
         <input_file_ref idref="fl-4c"/>
      </object_component>
      <object_component id="oc-6c">
         <name>.int16</name>
         <load_address>0xffa0</load_address>
         <run_address>0xffa0</run_address>
         <size>0x2</size>
         <input_file_ref idref="fl-4d"/>
      </object_component>
      <object_component id="oc-6d">
         <name>.int17</name>
         <load_address>0xffa2</load_address>
         <run_address>0xffa2</run_address>
         <size>0x2</size>
         <input_file_ref idref="fl-4e"/>
      </object_component>
      <object_component id="oc-6e">
         <name>.int18</name>
         <load_address>0xffa4</load_address>
         <run_address>0xffa4</run_address>
         <size>0x2</size>
         <input_file_ref idref="fl-4f"/>
      </object_component>
      <object_component id="oc-6f">
         <name>.int19</name>
         <load_address>0xffa6</load_address>
         <run_address>0xffa6</run_address>
         <size>0x2</size>
         <input_file_ref idref="fl-50"/>
      </object_component>
      <object_component id="oc-70">
         <name>.int20</name>
         <load_address>0xffa8</load_address>
         <run_address>0xffa8</run_address>
         <size>0x2</size>
         <input_file_ref idref="fl-51"/>
      </object_component>
      <object_component id="oc-71">
         <name>.int21</name>
         <load_address>0xffaa</load_address>
         <run_address>0xffaa</run_address>
         <size>0x2</size>
         <input_file_ref idref="fl-52"/>
      </object_component>
      <object_component id="oc-72">
         <name>.int22</name>
         <load_address>0xffac</load_address>
         <run_address>0xffac</run_address>
         <size>0x2</size>
         <input_file_ref idref="fl-53"/>
      </object_component>
      <object_component id="oc-73">
         <name>.int23</name>
         <load_address>0xffae</load_address>
         <run_address>0xffae</run_address>
         <size>0x2</size>
         <input_file_ref idref="fl-54"/>
      </object_component>
      <object_component id="oc-74">
         <name>.int24</name>
         <load_address>0xffb0</load_address>
         <run_address>0xffb0</run_address>
         <size>0x2</size>
         <input_file_ref idref="fl-55"/>
      </object_component>
      <object_component id="oc-75">
         <name>.int25</name>
         <load_address>0xffb2</load_address>
         <run_address>0xffb2</run_address>
         <size>0x2</size>
         <input_file_ref idref="fl-56"/>
      </object_component>
      <object_component id="oc-76">
         <name>.int26</name>
         <load_address>0xffb4</load_address>
         <run_address>0xffb4</run_address>
         <size>0x2</size>
         <input_file_ref idref="fl-57"/>
      </object_component>
      <object_component id="oc-77">
         <name>.int27</name>
         <load_address>0xffb6</load_address>
         <run_address>0xffb6</run_address>
         <size>0x2</size>
         <input_file_ref idref="fl-58"/>
      </object_component>
      <object_component id="oc-78">
         <name>.int28</name>
         <load_address>0xffb8</load_address>
         <run_address>0xffb8</run_address>
         <size>0x2</size>
         <input_file_ref idref="fl-59"/>
      </object_component>
      <object_component id="oc-79">
         <name>.int29</name>
         <load_address>0xffba</load_address>
         <run_address>0xffba</run_address>
         <size>0x2</size>
         <input_file_ref idref="fl-5a"/>
      </object_component>
      <object_component id="oc-7a">
         <name>.int30</name>
         <load_address>0xffbc</load_address>
         <run_address>0xffbc</run_address>
         <size>0x2</size>
         <input_file_ref idref="fl-5b"/>
      </object_component>
      <object_component id="oc-7b">
         <name>.int31</name>
         <load_address>0xffbe</load_address>
         <run_address>0xffbe</run_address>
         <size>0x2</size>
         <input_file_ref idref="fl-5c"/>
      </object_component>
      <object_component id="oc-7c">
         <name>.int32</name>
         <load_address>0xffc0</load_address>
         <run_address>0xffc0</run_address>
         <size>0x2</size>
         <input_file_ref idref="fl-5d"/>
      </object_component>
      <object_component id="oc-7d">
         <name>.int33</name>
         <load_address>0xffc2</load_address>
         <run_address>0xffc2</run_address>
         <size>0x2</size>
         <input_file_ref idref="fl-5e"/>
      </object_component>
      <object_component id="oc-7e">
         <name>.int34</name>
         <load_address>0xffc4</load_address>
         <run_address>0xffc4</run_address>
         <size>0x2</size>
         <input_file_ref idref="fl-5f"/>
      </object_component>
      <object_component id="oc-7f">
         <name>.int35</name>
         <load_address>0xffc6</load_address>
         <run_address>0xffc6</run_address>
         <size>0x2</size>
         <input_file_ref idref="fl-60"/>
      </object_component>
      <object_component id="oc-80">
         <name>.int36</name>
         <load_address>0xffc8</load_address>
         <run_address>0xffc8</run_address>
         <size>0x2</size>
         <input_file_ref idref="fl-61"/>
      </object_component>
      <object_component id="oc-81">
         <name>.int37</name>
         <load_address>0xffca</load_address>
         <run_address>0xffca</run_address>
         <size>0x2</size>
         <input_file_ref idref="fl-62"/>
      </object_component>
      <object_component id="oc-82">
         <name>.int38</name>
         <load_address>0xffcc</load_address>
         <run_address>0xffcc</run_address>
         <size>0x2</size>
         <input_file_ref idref="fl-63"/>
      </object_component>
      <object_component id="oc-83">
         <name>.int39</name>
         <load_address>0xffce</load_address>
         <run_address>0xffce</run_address>
         <size>0x2</size>
         <input_file_ref idref="fl-64"/>
      </object_component>
      <object_component id="oc-84">
         <name>.int40</name>
         <load_address>0xffd0</load_address>
         <run_address>0xffd0</run_address>
         <size>0x2</size>
         <input_file_ref idref="fl-65"/>
      </object_component>
      <object_component id="oc-85">
         <name>.int41</name>
         <load_address>0xffd2</load_address>
         <run_address>0xffd2</run_address>
         <size>0x2</size>
         <input_file_ref idref="fl-66"/>
      </object_component>
      <object_component id="oc-86">
         <name>.int42</name>
         <load_address>0xffd4</load_address>
         <run_address>0xffd4</run_address>
         <size>0x2</size>
         <input_file_ref idref="fl-67"/>
      </object_component>
      <object_component id="oc-87">
         <name>.int43</name>
         <load_address>0xffd6</load_address>
         <run_address>0xffd6</run_address>
         <size>0x2</size>
         <input_file_ref idref="fl-68"/>
      </object_component>
      <object_component id="oc-88">
         <name>.int44</name>
         <load_address>0xffd8</load_address>
         <run_address>0xffd8</run_address>
         <size>0x2</size>
         <input_file_ref idref="fl-69"/>
      </object_component>
      <object_component id="oc-89">
         <name>.int45</name>
         <load_address>0xffda</load_address>
         <run_address>0xffda</run_address>
         <size>0x2</size>
         <input_file_ref idref="fl-6a"/>
      </object_component>
      <object_component id="oc-8a">
         <name>.int46</name>
         <load_address>0xffdc</load_address>
         <run_address>0xffdc</run_address>
         <size>0x2</size>
         <input_file_ref idref="fl-6b"/>
      </object_component>
      <object_component id="oc-8b">
         <name>.int47</name>
         <load_address>0xffde</load_address>
         <run_address>0xffde</run_address>
         <size>0x2</size>
         <input_file_ref idref="fl-6c"/>
      </object_component>
      <object_component id="oc-8c">
         <name>.int48</name>
         <load_address>0xffe0</load_address>
         <run_address>0xffe0</run_address>
         <size>0x2</size>
         <input_file_ref idref="fl-6d"/>
      </object_component>
      <object_component id="oc-8d">
         <name>.int49</name>
         <load_address>0xffe2</load_address>
         <run_address>0xffe2</run_address>
         <size>0x2</size>
         <input_file_ref idref="fl-2"/>
      </object_component>
      <object_component id="oc-8e">
         <name>.int50</name>
         <load_address>0xffe4</load_address>
         <run_address>0xffe4</run_address>
         <size>0x2</size>
         <input_file_ref idref="fl-6e"/>
      </object_component>
      <object_component id="oc-8f">
         <name>.int51</name>
         <load_address>0xffe6</load_address>
         <run_address>0xffe6</run_address>
         <size>0x2</size>
         <input_file_ref idref="fl-13"/>
      </object_component>
      <object_component id="oc-90">
         <name>.int52</name>
         <load_address>0xffe8</load_address>
         <run_address>0xffe8</run_address>
         <size>0x2</size>
         <input_file_ref idref="fl-6f"/>
      </object_component>
      <object_component id="oc-91">
         <name>.int53</name>
         <load_address>0xffea</load_address>
         <run_address>0xffea</run_address>
         <size>0x2</size>
         <input_file_ref idref="fl-70"/>
      </object_component>
      <object_component id="oc-92">
         <name>.int54</name>
         <load_address>0xffec</load_address>
         <run_address>0xffec</run_address>
         <size>0x2</size>
         <input_file_ref idref="fl-71"/>
      </object_component>
      <object_component id="oc-93">
         <name>.int55</name>
         <load_address>0xffee</load_address>
         <run_address>0xffee</run_address>
         <size>0x2</size>
         <input_file_ref idref="fl-72"/>
      </object_component>
      <object_component id="oc-94">
         <name>.int56</name>
         <load_address>0xfff0</load_address>
         <run_address>0xfff0</run_address>
         <size>0x2</size>
         <input_file_ref idref="fl-73"/>
      </object_component>
      <object_component id="oc-95">
         <name>.int57</name>
         <load_address>0xfff2</load_address>
         <run_address>0xfff2</run_address>
         <size>0x2</size>
         <input_file_ref idref="fl-74"/>
      </object_component>
      <object_component id="oc-96">
         <name>.int58</name>
         <load_address>0xfff4</load_address>
         <run_address>0xfff4</run_address>
         <size>0x2</size>
         <input_file_ref idref="fl-75"/>
      </object_component>
      <object_component id="oc-97">
         <name>.int59</name>
         <load_address>0xfff6</load_address>
         <run_address>0xfff6</run_address>
         <size>0x2</size>
         <input_file_ref idref="fl-76"/>
      </object_component>
      <object_component id="oc-98">
         <name>.int60</name>
         <load_address>0xfff8</load_address>
         <run_address>0xfff8</run_address>
         <size>0x2</size>
         <input_file_ref idref="fl-77"/>
      </object_component>
      <object_component id="oc-99">
         <name>.int61</name>
         <load_address>0xfffa</load_address>
         <run_address>0xfffa</run_address>
         <size>0x2</size>
         <input_file_ref idref="fl-2"/>
      </object_component>
      <object_component id="oc-9a">
         <name>.int62</name>
         <load_address>0xfffc</load_address>
         <run_address>0xfffc</run_address>
         <size>0x2</size>
         <input_file_ref idref="fl-78"/>
      </object_component>
      <object_component id="oc-3ee">
         <name>.reset</name>
         <load_address>0xfffe</load_address>
         <run_address>0xfffe</run_address>
         <size>0x2</size>
         <input_file_ref idref="fl-36"/>
      </object_component>
      <object_component id="oc-535">
         <name>.data</name>
         <load_address>0x50</load_address>
         <run_address>0x50</run_address>
         <size>0x6</size>
         <input_file_ref idref="fl-2"/>
      </object_component>
      <object_component id="oc-544">
         <name>.data:wholeString</name>
         <load_address>0x10</load_address>
         <run_address>0x10</run_address>
         <size>0x40</size>
         <input_file_ref idref="fl-2"/>
      </object_component>
      <object_component id="oc-5b8">
         <name>.data</name>
         <load_address>0x56</load_address>
         <run_address>0x56</run_address>
         <size>0x3</size>
         <input_file_ref idref="fl-c"/>
      </object_component>
      <object_component id="oc-5f9">
         <name>.debug_info</name>
         <load_address>0x0</load_address>
         <run_address>0x0</run_address>
         <size>0x8a0</size>
         <input_file_ref idref="fl-2"/>
      </object_component>
      <object_component id="oc-536">
         <name>.debug_info</name>
         <load_address>0x8a0</load_address>
         <run_address>0x8a0</run_address>
         <size>0x185</size>
         <input_file_ref idref="fl-2"/>
      </object_component>
      <object_component id="oc-545">
         <name>.debug_info</name>
         <load_address>0xa25</load_address>
         <run_address>0xa25</run_address>
         <size>0x109</size>
         <input_file_ref idref="fl-2"/>
      </object_component>
      <object_component id="oc-446">
         <name>.debug_info</name>
         <load_address>0xb2e</load_address>
         <run_address>0xb2e</run_address>
         <size>0x396</size>
         <input_file_ref idref="fl-2"/>
      </object_component>
      <object_component id="oc-632">
         <name>.debug_info</name>
         <load_address>0xec4</load_address>
         <run_address>0xec4</run_address>
         <size>0x140</size>
         <input_file_ref idref="fl-2"/>
      </object_component>
      <object_component id="oc-626">
         <name>.debug_info</name>
         <load_address>0x1004</load_address>
         <run_address>0x1004</run_address>
         <size>0x132</size>
         <input_file_ref idref="fl-2"/>
      </object_component>
      <object_component id="oc-518">
         <name>.debug_info</name>
         <load_address>0x1136</load_address>
         <run_address>0x1136</run_address>
         <size>0x169</size>
         <input_file_ref idref="fl-2"/>
      </object_component>
      <object_component id="oc-419">
         <name>.debug_info</name>
         <load_address>0x129f</load_address>
         <run_address>0x129f</run_address>
         <size>0x143</size>
         <input_file_ref idref="fl-2"/>
      </object_component>
      <object_component id="oc-524">
         <name>.debug_info</name>
         <load_address>0x13e2</load_address>
         <run_address>0x13e2</run_address>
         <size>0x138</size>
         <input_file_ref idref="fl-2"/>
      </object_component>
      <object_component id="oc-55a">
         <name>.debug_info</name>
         <load_address>0x151a</load_address>
         <run_address>0x151a</run_address>
         <size>0x1ee</size>
         <input_file_ref idref="fl-2"/>
      </object_component>
      <object_component id="oc-40d">
         <name>.debug_info</name>
         <load_address>0x1708</load_address>
         <run_address>0x1708</run_address>
         <size>0x13b</size>
         <input_file_ref idref="fl-2"/>
      </object_component>
      <object_component id="oc-4e1">
         <name>.debug_info</name>
         <load_address>0x1843</load_address>
         <run_address>0x1843</run_address>
         <size>0x305</size>
         <input_file_ref idref="fl-2"/>
      </object_component>
      <object_component id="oc-3f5">
         <name>.debug_info</name>
         <load_address>0x1b48</load_address>
         <run_address>0x1b48</run_address>
         <size>0x84</size>
         <input_file_ref idref="fl-2"/>
      </object_component>
      <object_component id="oc-6b4">
         <name>.debug_info</name>
         <load_address>0x1bcc</load_address>
         <run_address>0x1bcc</run_address>
         <size>0x2c</size>
         <input_file_ref idref="fl-2"/>
      </object_component>
      <object_component id="oc-591">
         <name>.debug_info</name>
         <load_address>0x1bf8</load_address>
         <run_address>0x1bf8</run_address>
         <size>0x18b</size>
         <input_file_ref idref="fl-2"/>
      </object_component>
      <object_component id="oc-463">
         <name>.debug_info</name>
[...]
         <value>0x57</value>
         <object_component_ref idref="oc-5b8"/>
      </symbol>
      <symbol id="sm-6a3">
         <name>usbDecodeAndProcessUsbRequest</name>
         <value>0x5836</value>
         <object_component_ref idref="oc-57a"/>
      </symbol>
      <symbol id="sm-6a4">
         <name>bEnumerationStatus</name>
         <value>0x58</value>
         <object_component_ref idref="oc-5b8"/>
      </symbol>
      <symbol id="sm-6a5">
         <name>usbClearOEP0ByteCount</name>
         <value>0x6716</value>
         <object_component_ref idref="oc-6bf"/>
      </symbol>
      <symbol id="sm-6a6">
         <name>USB_connectionState</name>
         <value>0x5a0a</value>
         <object_component_ref idref="oc-56c"/>
      </symbol>
      <symbol id="sm-6a7">
         <name>usbSetDeviceFeature</name>
         <value>0x65c2</value>
         <object_component_ref idref="oc-770"/>
      </symbol>
      <symbol id="sm-6a8">
         <name>USB_connectionInfo</name>
         <value>0x6282</value>
         <object_component_ref idref="oc-52f"/>
      </symbol>
      <symbol id="sm-6a9">
         <name>usbInvalidRequest</name>
         <value>0x66bc</value>
         <object_component_ref idref="oc-782"/>
      </symbol>
      <symbol id="sm-6aa">
         <name>USB_setEnabledEvents</name>
         <value>0x6700</value>
         <object_component_ref idref="oc-529"/>
      </symbol>
      <symbol id="sm-6ab">
         <name>USB_reset</name>
         <value>0x529e</value>
         <object_component_ref idref="oc-4a4"/>
      </symbol>
      <symbol id="sm-6ac">
         <name>usbStallEndpoint0</name>
         <value>0x66e6</value>
         <object_component_ref idref="oc-78a"/>
      </symbol>
      <symbol id="sm-6ad">
         <name>USB_connect</name>
         <value>0x633a</value>
         <object_component_ref idref="oc-5d6"/>
      </symbol>
      <symbol id="sm-6ae">
         <name>usbGetDeviceStatus</name>
         <value>0x6310</value>
         <object_component_ref idref="oc-758"/>
      </symbol>
      <symbol id="sm-6af">
         <name>USB_disable</name>
         <value>0x63ae</value>
         <object_component_ref idref="oc-4e6"/>
      </symbol>
      <symbol id="sm-741">
         <name>USBHID_bytesInUSBBuffer</name>
         <value>0x5166</value>
         <object_component_ref idref="oc-652"/>
      </symbol>
      <symbol id="sm-742">
         <name>HidResetData</name>
         <value>0x6414</value>
         <object_component_ref idref="oc-5c4"/>
      </symbol>
      <symbol id="sm-743">
         <name>HidToHostFromBuffer</name>
         <value>0x4f90</value>
         <object_component_ref idref="oc-4ce"/>
      </symbol>
      <symbol id="sm-744">
         <name>HidIsReceiveInProgress</name>
         <value>0x6534</value>
         <object_component_ref idref="oc-477"/>
      </symbol>
      <symbol id="sm-745">
         <name>USBHID_intfStatus</name>
         <value>0x576e</value>
         <object_component_ref idref="oc-660"/>
      </symbol>
      <symbol id="sm-746">
         <name>HidCopyUsbToBuff</name>
         <value>0x53d0</value>
         <object_component_ref idref="oc-5a4"/>
      </symbol>
      <symbol id="sm-747">
         <name>USBHID_receiveData</name>
         <value>0x4590</value>
         <object_component_ref idref="oc-64c"/>
      </symbol>
      <symbol id="sm-748">
         <name>USBHID_sendData</name>
         <value>0x58d4</value>
         <object_component_ref idref="oc-666"/>
      </symbol>
      <symbol id="sm-749">
         <name>HidToBufferFromHost</name>
         <value>0x4aa6</value>
         <object_component_ref idref="oc-486"/>
      </symbol>
      <symbol id="sm-759">
         <name>Handler_InFeature</name>
         <value>0x66c8</value>
         <object_component_ref idref="oc-7a9"/>
      </symbol>
      <symbol id="sm-75a">
         <name>Handler_InReport</name>
         <value>0x6742</value>
         <object_component_ref idref="oc-7af"/>
      </symbol>
      <symbol id="sm-77d">
         <name>usbGetReportDescriptor</name>
         <value>0x6672</value>
         <object_component_ref idref="oc-722"/>
      </symbol>
      <symbol id="sm-77e">
         <name>usbGetHidDescriptor</name>
         <value>0x62e2</value>
         <object_component_ref idref="oc-728"/>
      </symbol>
      <symbol id="sm-77f">
         <name>usbGetReport</name>
         <value>0x657e</value>
         <object_component_ref idref="oc-716"/>
      </symbol>
      <symbol id="sm-780">
         <name>usbSetReport</name>
         <value>0x66dc</value>
         <object_component_ref idref="oc-71c"/>
      </symbol>
      <symbol id="sm-7d3">
         <name>IEP0InterruptHandler</name>
         <value>0x648c</value>
         <object_component_ref idref="oc-4da"/>
      </symbol>
      <symbol id="sm-7d4">
         <name>OEP0InterruptHandler</name>
         <value>0x64c4</value>
         <object_component_ref idref="oc-4d4"/>
      </symbol>
      <symbol id="sm-7d5">
         <name>__TI_int51</name>
         <value>0xffe6</value>
         <object_component_ref idref="oc-8f"/>
      </symbol>
      <symbol id="sm-7d6">
         <name>PWRVBUSonHandler</name>
         <value>0x61b4</value>
         <object_component_ref idref="oc-4bc"/>
      </symbol>
      <symbol id="sm-7d7">
         <name>SetupPacketInterruptHandler</name>
         <value>0x5ff6</value>
         <object_component_ref idref="oc-471"/>
      </symbol>
      <symbol id="sm-7d8">
         <name>PWRVBUSoffHandler</name>
         <value>0x5fae</value>
         <object_component_ref idref="oc-4b0"/>
      </symbol>
      <symbol id="sm-7d9">
         <name>iUsbInterruptHandler</name>
         <value>0x4400</value>
         <object_component_ref idref="oc-412"/>
      </symbol>
      <symbol id="sm-7fc">
         <name>abromConfigurationDescriptorGroup</name>
         <value>0x698a</value>
         <object_component_ref idref="oc-7c9"/>
      </symbol>
      <symbol id="sm-7fd">
         <name>tUsbRequestList</name>
         <value>0x6746</value>
         <object_component_ref idref="oc-679"/>
      </symbol>
      <symbol id="sm-7fe">
         <name>abromDeviceDescriptor</name>
         <value>0x69d8</value>
         <object_component_ref idref="oc-7d0"/>
      </symbol>
      <symbol id="sm-7ff">
         <name>abromStringDescriptor</name>
         <value>0x6906</value>
         <object_component_ref idref="oc-7d5"/>
      </symbol>
      <symbol id="sm-800">
         <name>abromReportDescriptor</name>
         <value>0x69b4</value>
         <object_component_ref idref="oc-7be"/>
      </symbol>
      <symbol id="sm-801">
         <name>stUsbHandle</name>
         <value>0x69ea</value>
         <object_component_ref idref="oc-5a1"/>
      </symbol>
      <symbol id="sm-809">
         <name>_stack</name>
         <value>0x4360</value>
         <object_component_ref idref="oc-3eb"/>
      </symbol>
      <symbol id="sm-80a">
         <name>_reset_vector</name>
         <value>0xfffe</value>
         <object_component_ref idref="oc-3ee"/>
      </symbol>
      <symbol id="sm-814">
         <name>_c_int00_noargs_noexit</name>
         <value>0x4568</value>
         <object_component_ref idref="oc-b9"/>
      </symbol>
      <symbol id="sm-832">
         <name>__TI_decompress_lzss</name>
         <value>0x5cb0</value>
         <object_component_ref idref="oc-50"/>
      </symbol>
      <symbol id="sm-848">
         <name>__TI_decompress_none</name>
         <value>0x663c</value>
         <object_component_ref idref="oc-56"/>
      </symbol>
      <symbol id="sm-85b">
         <name>__TI_zero_init</name>
         <value>0x638a</value>
         <object_component_ref idref="oc-9b"/>
      </symbol>
      <symbol id="sm-865">
         <name>C$$EXIT</name>
         <value>0x6710</value>
         <object_component_ref idref="oc-44d"/>
      </symbol>
      <symbol id="sm-866">
         <name>abort</name>
         <value>0x6710</value>
         <object_component_ref idref="oc-44d"/>
      </symbol>
      <symbol id="sm-86a">
         <name>__TI_int00</name>
         <value>0xff80</value>
         <object_component_ref idref="oc-5c"/>
      </symbol>
      <symbol id="sm-86d">
         <name>__TI_int01</name>
         <value>0xff82</value>
         <object_component_ref idref="oc-5d"/>
      </symbol>
      <symbol id="sm-870">
         <name>__TI_int02</name>
         <value>0xff84</value>
         <object_component_ref idref="oc-5e"/>
      </symbol>
      <symbol id="sm-873">
         <name>__TI_int03</name>
         <value>0xff86</value>
         <object_component_ref idref="oc-5f"/>
      </symbol>
      <symbol id="sm-876">
         <name>__TI_int04</name>
         <value>0xff88</value>
         <object_component_ref idref="oc-60"/>
      </symbol>
      <symbol id="sm-879">
         <name>__TI_int05</name>
         <value>0xff8a</value>
         <object_component_ref idref="oc-61"/>
      </symbol>
      <symbol id="sm-87c">
         <name>__TI_int06</name>
         <value>0xff8c</value>
         <object_component_ref idref="oc-62"/>
      </symbol>
      <symbol id="sm-87f">
         <name>__TI_int07</name>
         <value>0xff8e</value>
         <object_component_ref idref="oc-63"/>
      </symbol>
      <symbol id="sm-882">
         <name>__TI_int08</name>
         <value>0xff90</value>
         <object_component_ref idref="oc-64"/>
      </symbol>
      <symbol id="sm-885">
         <name>__TI_int09</name>
         <value>0xff92</value>
         <object_component_ref idref="oc-65"/>
      </symbol>
      <symbol id="sm-888">
         <name>__TI_int10</name>
         <value>0xff94</value>
         <object_component_ref idref="oc-66"/>
      </symbol>
      <symbol id="sm-88b">
         <name>__TI_int11</name>
         <value>0xff96</value>
         <object_component_ref idref="oc-67"/>
      </symbol>
      <symbol id="sm-88e">
         <name>__TI_int12</name>
         <value>0xff98</value>
         <object_component_ref idref="oc-68"/>
      </symbol>
      <symbol id="sm-891">
         <name>__TI_int13</name>
         <value>0xff9a</value>
         <object_component_ref idref="oc-69"/>
      </symbol>
      <symbol id="sm-894">
         <name>__TI_int14</name>
         <value>0xff9c</value>
         <object_component_ref idref="oc-6a"/>
      </symbol>
      <symbol id="sm-897">
         <name>__TI_int15</name>
         <value>0xff9e</value>
         <object_component_ref idref="oc-6b"/>
      </symbol>
      <symbol id="sm-89a">
         <name>__TI_int16</name>
         <value>0xffa0</value>
         <object_component_ref idref="oc-6c"/>
      </symbol>
      <symbol id="sm-89d">
         <name>__TI_int17</name>
         <value>0xffa2</value>
         <object_component_ref idref="oc-6d"/>
      </symbol>
      <symbol id="sm-8a0">
         <name>__TI_int18</name>
         <value>0xffa4</value>
         <object_component_ref idref="oc-6e"/>
      </symbol>
      <symbol id="sm-8a3">
         <name>__TI_int19</name>
         <value>0xffa6</value>
         <object_component_ref idref="oc-6f"/>
      </symbol>
      <symbol id="sm-8a6">
         <name>__TI_int20</name>
         <value>0xffa8</value>
         <object_component_ref idref="oc-70"/>
      </symbol>
      <symbol id="sm-8a9">
         <name>__TI_int21</name>
         <value>0xffaa</value>
         <object_component_ref idref="oc-71"/>
      </symbol>
      <symbol id="sm-8ac">
         <name>__TI_int22</name>
         <value>0xffac</value>
         <object_component_ref idref="oc-72"/>
      </symbol>
      <symbol id="sm-8af">
         <name>__TI_int23</name>
         <value>0xffae</value>
         <object_component_ref idref="oc-73"/>
      </symbol>
      <symbol id="sm-8b2">
         <name>__TI_int24</name>
         <value>0xffb0</value>
         <object_component_ref idref="oc-74"/>
      </symbol>
      <symbol id="sm-8b5">
         <name>__TI_int25</name>
         <value>0xffb2</value>
         <object_component_ref idref="oc-75"/>
      </symbol>
      <symbol id="sm-8b8">
         <name>__TI_int26</name>
         <value>0xffb4</value>
         <object_component_ref idref="oc-76"/>
      </symbol>
      <symbol id="sm-8bb">
         <name>__TI_int27</name>
         <value>0xffb6</value>
         <object_component_ref idref="oc-77"/>
      </symbol>
      <symbol id="sm-8be">
         <name>__TI_int28</name>
         <value>0xffb8</value>
         <object_component_ref idref="oc-78"/>
      </symbol>
      <symbol id="sm-8c1">
         <name>__TI_int29</name>
         <value>0xffba</value>
         <object_component_ref idref="oc-79"/>
      </symbol>
      <symbol id="sm-8c4">
         <name>__TI_int30</name>
         <value>0xffbc</value>
         <object_component_ref idref="oc-7a"/>
      </symbol>
      <symbol id="sm-8c7">
         <name>__TI_int31</name>
         <value>0xffbe</value>
         <object_component_ref idref="oc-7b"/>
      </symbol>
      <symbol id="sm-8ca">
         <name>__TI_int32</name>
         <value>0xffc0</value>
         <object_component_ref idref="oc-7c"/>
      </symbol>
      <symbol id="sm-8cd">
         <name>__TI_int33</name>
         <value>0xffc2</value>
         <object_component_ref idref="oc-7d"/>
      </symbol>
      <symbol id="sm-8d0">
         <name>__TI_int34</name>
         <value>0xffc4</value>
         <object_component_ref idref="oc-7e"/>
      </symbol>
      <symbol id="sm-8d3">
         <name>__TI_int35</name>
         <value>0xffc6</value>
         <object_component_ref idref="oc-7f"/>
      </symbol>
      <symbol id="sm-8d6">
         <name>__TI_int36</name>
         <value>0xffc8</value>
         <object_component_ref idref="oc-80"/>
      </symbol>
      <symbol id="sm-8d9">
         <name>__TI_int37</name>
         <value>0xffca</value>
         <object_component_ref idref="oc-81"/>
      </symbol>
      <symbol id="sm-8dc">
         <name>__TI_int38</name>
         <value>0xffcc</value>
         <object_component_ref idref="oc-82"/>
      </symbol>
      <symbol id="sm-8df">
         <name>__TI_int39</name>
         <value>0xffce</value>
         <object_component_ref idref="oc-83"/>
      </symbol>
      <symbol id="sm-8e2">
         <name>__TI_int40</name>
         <value>0xffd0</value>
         <object_component_ref idref="oc-84"/>
      </symbol>
      <symbol id="sm-8e5">
         <name>__TI_int41</name>
         <value>0xffd2</value>
         <object_component_ref idref="oc-85"/>
      </symbol>
      <symbol id="sm-8e8">
         <name>__TI_int42</name>
         <value>0xffd4</value>
         <object_component_ref idref="oc-86"/>
      </symbol>
      <symbol id="sm-8eb">
         <name>__TI_int43</name>
         <value>0xffd6</value>
         <object_component_ref idref="oc-87"/>
      </symbol>
      <symbol id="sm-8ee">
         <name>__TI_int44</name>
         <value>0xffd8</value>
         <object_component_ref idref="oc-88"/>
      </symbol>
      <symbol id="sm-8f1">
         <name>__TI_int45</name>
         <value>0xffda</value>
         <object_component_ref idref="oc-89"/>
      </symbol>
      <symbol id="sm-8f4">
         <name>__TI_int46</name>
         <value>0xffdc</value>
         <object_component_ref idref="oc-8a"/>
      </symbol>
      <symbol id="sm-8f7">
         <name>__TI_int47</name>
         <value>0xffde</value>
         <object_component_ref idref="oc-8b"/>
      </symbol>
      <symbol id="sm-8fa">
         <name>__TI_int48</name>
         <value>0xffe0</value>
         <object_component_ref idref="oc-8c"/>
      </symbol>
      <symbol id="sm-8fd">
         <name>__TI_int50</name>
         <value>0xffe4</value>
         <object_component_ref idref="oc-8e"/>
      </symbol>
      <symbol id="sm-900">
         <name>__TI_int52</name>
         <value>0xffe8</value>
         <object_component_ref idref="oc-90"/>
      </symbol>
      <symbol id="sm-903">
         <name>__TI_int53</name>
         <value>0xffea</value>
         <object_component_ref idref="oc-91"/>
      </symbol>
      <symbol id="sm-906">
         <name>__TI_int54</name>
         <value>0xffec</value>
         <object_component_ref idref="oc-92"/>
      </symbol>
      <symbol id="sm-909">
         <name>__TI_int55</name>
         <value>0xffee</value>
         <object_component_ref idref="oc-93"/>
      </symbol>
      <symbol id="sm-90c">
         <name>__TI_int56</name>
         <value>0xfff0</value>
         <object_component_ref idref="oc-94"/>
      </symbol>
      <symbol id="sm-90f">
         <name>__TI_int57</name>
         <value>0xfff2</value>
         <object_component_ref idref="oc-95"/>
      </symbol>
      <symbol id="sm-912">
         <name>__TI_int58</name>
         <value>0xfff4</value>
         <object_component_ref idref="oc-96"/>
      </symbol>
      <symbol id="sm-915">
         <name>__TI_int59</name>
         <value>0xfff6</value>
         <object_component_ref idref="oc-97"/>
      </symbol>
      <symbol id="sm-918">
         <name>__TI_int60</name>
         <value>0xfff8</value>
         <object_component_ref idref="oc-98"/>
      </symbol>
      <symbol id="sm-91b">
         <name>__TI_int62</name>
         <value>0xfffc</value>
         <object_component_ref idref="oc-9a"/>
      </symbol>
      <symbol id="sm-923">
         <name>__TI_ISR_TRAP</name>
         <value>0x4582</value>
         <object_component_ref idref="oc-407"/>
      </symbol>
      <symbol id="sm-92c">
         <name>__mspabi_slli</name>
         <value>0x66d2</value>
         <object_component_ref idref="oc-70a"/>
      </symbol>
      <symbol id="sm-93a">
         <name>memcpy</name>
         <value>0x65ec</value>
         <object_component_ref idref="oc-3fa"/>
      </symbol>
      <symbol id="sm-948">
         <name>memset</name>
         <value>0x6596</value>
         <object_component_ref idref="oc-538"/>
      </symbol>
      <symbol id="sm-953">
         <name>__mspabi_mpyi_f5hw</name>
         <value>0x6566</value>
         <object_component_ref idref="oc-581"/>
      </symbol>
      <symbol id="sm-95f">
         <name>_system_pre_init</name>
         <value>0x673e</value>
         <object_component_ref idref="oc-425"/>
      </symbol>
      <symbol id="sm-96e">
         <name>strcat</name>
         <value>0x6432</value>
         <object_component_ref idref="oc-547"/>
      </symbol>
      <symbol id="sm-97c">
         <name>strcmp</name>
         <value>0x64e0</value>
         <object_component_ref idref="oc-560"/>
      </symbol>
      <symbol id="sm-989">
         <name>strcpy</name>
         <value>0x664e</value>
         <object_component_ref idref="oc-566"/>
      </symbol>
      <symbol id="sm-996">
         <name>strlen</name>
         <value>0x66a0</value>
         <object_component_ref idref="oc-54d"/>
      </symbol>
      <symbol id="sm-9a6">
         <name>strncpy</name>
         <value>0x6250</value>
         <object_component_ref idref="oc-66d"/>
      </symbol>
      <symbol id="sm-9ca">
         <name>_auto_init_hold_wdt</name>
         <value>0x5bb6</value>
         <object_component_ref idref="oc-42b"/>
      </symbol>
      <symbol id="sm-9e0">
         <name>copy_in</name>
         <value>0x5e02</value>
         <object_component_ref idref="oc-4f0"/>
      </symbol>
      <symbol id="sm-9e9">
         <name>_system_post_cinit</name>
         <value>0x6744</value>
         <object_component_ref idref="oc-4f6"/>
      </symbol>
      <symbol id="sm-9eb">
         <name>__TI_BINIT_Base</name>
         <value>0x0</value>
      </symbol>
      <symbol id="sm-9ec">
         <name>__TI_BINIT_Limit</name>
         <value>0x0</value>
      </symbol>
      <symbol id="sm-9ed">
         <name>__TI_INITARRAY_Base</name>
         <value>0x0</value>
      </symbol>
      <symbol id="sm-9ee">
         <name>__TI_INITARRAY_Limit</name>
         <value>0x0</value>
      </symbol>
   </symbol_table>
   <title>Link successful</title>
</link_info>
